Archive member included because of file (symbol)

c:/emtechesdk/gcc/bin/../lib/gcc/arm-none-eabi/4.8.3/../../../../arm-none-eabi/lib/armv7e-m\libstdc++.a(del_op.o)
                              build/obj/DataFilter.o (operator delete(void*))
c:/emtechesdk/gcc/bin/../lib/gcc/arm-none-eabi/4.8.3/armv7e-m\libgcc.a(_arm_addsubdf3.o)
                              build/obj/chprintf.o (__aeabi_dsub)
c:/emtechesdk/gcc/bin/../lib/gcc/arm-none-eabi/4.8.3/armv7e-m\libgcc.a(_arm_muldivdf3.o)
                              build/obj/chprintf.o (__aeabi_dmul)
c:/emtechesdk/gcc/bin/../lib/gcc/arm-none-eabi/4.8.3/armv7e-m\libgcc.a(_arm_fixdfsi.o)
                              build/obj/chprintf.o (__aeabi_d2iz)
c:/emtechesdk/gcc/bin/../lib/gcc/arm-none-eabi/4.8.3/armv7e-m\libgcc.a(_arm_truncdfsf2.o)
                              build/obj/chprintf.o (__aeabi_d2f)
c:/emtechesdk/gcc/bin/../lib/gcc/arm-none-eabi/4.8.3/armv7e-m\libgcc.a(_arm_addsubsf3.o)
                              build/obj/IIR.o (__aeabi_fsub)
c:/emtechesdk/gcc/bin/../lib/gcc/arm-none-eabi/4.8.3/armv7e-m\libgcc.a(_arm_muldivsf3.o)
                              build/obj/FuntionsMath.o (__aeabi_fmul)
c:/emtechesdk/gcc/bin/../lib/gcc/arm-none-eabi/4.8.3/armv7e-m\libgcc.a(_arm_cmpsf2.o)
                              build/obj/chprintf.o (__aeabi_fcmplt)
c:/emtechesdk/gcc/bin/../lib/gcc/arm-none-eabi/4.8.3/../../../../arm-none-eabi/lib/armv7e-m\libg.a(lib_a-malloc.o)
                              c:/emtechesdk/gcc/bin/../lib/gcc/arm-none-eabi/4.8.3/../../../../arm-none-eabi/lib/armv7e-m\libstdc++.a(del_op.o) (free)
c:/emtechesdk/gcc/bin/../lib/gcc/arm-none-eabi/4.8.3/../../../../arm-none-eabi/lib/armv7e-m\libg.a(lib_a-mallocr.o)
                              c:/emtechesdk/gcc/bin/../lib/gcc/arm-none-eabi/4.8.3/../../../../arm-none-eabi/lib/armv7e-m\libg.a(lib_a-malloc.o) (_malloc_r)
c:/emtechesdk/gcc/bin/../lib/gcc/arm-none-eabi/4.8.3/../../../../arm-none-eabi/lib/armv7e-m\libg.a(lib_a-memcpy.o)
                              build/obj/mac_lld.o (memcpy)
c:/emtechesdk/gcc/bin/../lib/gcc/arm-none-eabi/4.8.3/../../../../arm-none-eabi/lib/armv7e-m\libg.a(lib_a-memset.o)
                              build/obj/usb.o (memset)
c:/emtechesdk/gcc/bin/../lib/gcc/arm-none-eabi/4.8.3/../../../../arm-none-eabi/lib/armv7e-m\libg.a(lib_a-mlock.o)
                              c:/emtechesdk/gcc/bin/../lib/gcc/arm-none-eabi/4.8.3/../../../../arm-none-eabi/lib/armv7e-m\libg.a(lib_a-mallocr.o) (__malloc_lock)
c:/emtechesdk/gcc/bin/../lib/gcc/arm-none-eabi/4.8.3/../../../../arm-none-eabi/lib/armv7e-m\libg.a(lib_a-sbrkr.o)
                              c:/emtechesdk/gcc/bin/../lib/gcc/arm-none-eabi/4.8.3/../../../../arm-none-eabi/lib/armv7e-m\libg.a(lib_a-mallocr.o) (_sbrk_r)
c:/emtechesdk/gcc/bin/../lib/gcc/arm-none-eabi/4.8.3/../../../../arm-none-eabi/lib/armv7e-m\libg.a(lib_a-freer.o)
                              c:/emtechesdk/gcc/bin/../lib/gcc/arm-none-eabi/4.8.3/../../../../arm-none-eabi/lib/armv7e-m\libg.a(lib_a-malloc.o) (_free_r)
c:/emtechesdk/gcc/bin/../lib/gcc/arm-none-eabi/4.8.3/../../../../arm-none-eabi/lib/armv7e-m\libg.a(lib_a-impure.o)
                              c:/emtechesdk/gcc/bin/../lib/gcc/arm-none-eabi/4.8.3/../../../../arm-none-eabi/lib/armv7e-m\libg.a(lib_a-malloc.o) (_impure_ptr)
c:/emtechesdk/gcc/bin/../lib/gcc/arm-none-eabi/4.8.3/../../../../arm-none-eabi/lib/armv7e-m\libg.a(lib_a-reent.o)
                              c:/emtechesdk/gcc/bin/../lib/gcc/arm-none-eabi/4.8.3/../../../../arm-none-eabi/lib/armv7e-m\libg.a(lib_a-sbrkr.o) (errno)

Allocating common symbols
Common symbol       size              file

errno               0x4               c:/emtechesdk/gcc/bin/../lib/gcc/arm-none-eabi/4.8.3/../../../../arm-none-eabi/lib/armv7e-m\libg.a(lib_a-reent.o)

Discarded input sections

 .data          0x00000000        0x0 build/obj/crt0_v7m.o
 .bss           0x00000000        0x0 build/obj/crt0_v7m.o
 .data          0x00000000        0x0 build/obj/chcoreasm_v7m.o
 .bss           0x00000000        0x0 build/obj/chcoreasm_v7m.o
 .text          0x00000000        0x0 build/obj/crt1.o
 .data          0x00000000        0x0 build/obj/crt1.o
 .bss           0x00000000        0x0 build/obj/crt1.o
 .text.__early_init
                0x00000000       0x10 build/obj/crt1.o
 .text          0x00000000        0x0 build/obj/vectors.o
 .data          0x00000000        0x0 build/obj/vectors.o
 .bss           0x00000000        0x0 build/obj/vectors.o
 .text          0x00000000        0x0 build/obj/chsys.o
 .data          0x00000000        0x0 build/obj/chsys.o
 .bss           0x00000000        0x0 build/obj/chsys.o
 .text.port_get_irq_status
                0x00000000       0x20 build/obj/chsys.o
 .text.port_irq_enabled
                0x00000000       0x20 build/obj/chsys.o
 .text.port_is_isr_context
                0x00000000       0x30 build/obj/chsys.o
 .text.chSysLock
                0x00000000       0x20 build/obj/chsys.o
 .text.chSysUnlock
[...]
Memory Configuration

Name             Origin             Length             Attributes
flash            0x08000000         0x00100000
ram0             0x20000000         0x00020000
ram1             0x20000000         0x0001c000
ram2             0x2001c000         0x00004000
ram3             0x00000000         0x00000000
ram4             0x10000000         0x00010000
ram5             0x40024000         0x00001000
ram6             0x00000000         0x00000000
ram7             0x00000000         0x00000000
*default*        0x00000000         0xffffffff

Linker script and memory map

LOAD build/obj/crt0_v7m.o
LOAD build/obj/chcoreasm_v7m.o
LOAD build/obj/crt1.o
LOAD build/obj/vectors.o
LOAD build/obj/chsys.o
LOAD build/obj/chdebug.o
LOAD build/obj/chvt.o
LOAD build/obj/chschd.o
LOAD build/obj/chthreads.o
LOAD build/obj/chtm.o
LOAD build/obj/chstats.o
LOAD build/obj/chdynamic.o
LOAD build/obj/chregistry.o
LOAD build/obj/chsem.o
LOAD build/obj/chmtx.o
LOAD build/obj/chcond.o
LOAD build/obj/chevents.o
LOAD build/obj/chmsg.o
LOAD build/obj/chmboxes.o
LOAD build/obj/chqueues.o
LOAD build/obj/chmemcore.o
LOAD build/obj/chheap.o
LOAD build/obj/chmempools.o
LOAD build/obj/chcore.o
LOAD build/obj/chcore_v7m.o
LOAD build/obj/osal.o
LOAD build/obj/hal.o
LOAD build/obj/hal_queues.o
LOAD build/obj/hal_mmcsd.o
LOAD build/obj/adc.o
LOAD build/obj/can.o
LOAD build/obj/dac.o
LOAD build/obj/ext.o
LOAD build/obj/gpt.o
LOAD build/obj/i2c.o
LOAD build/obj/i2s.o
LOAD build/obj/icu.o
LOAD build/obj/mac.o
LOAD build/obj/mmc_spi.o
LOAD build/obj/pal.o
LOAD build/obj/pwm.o
LOAD build/obj/rtc.o
LOAD build/obj/sdc.o
LOAD build/obj/serial.o
LOAD build/obj/serial_usb.o
LOAD build/obj/spi.o
LOAD build/obj/st.o
LOAD build/obj/uart.o
LOAD build/obj/usb.o
LOAD build/obj/chprintf.o
LOAD build/obj/nvic.o
LOAD build/obj/stm32_dma.o
LOAD build/obj/hal_lld.o
LOAD build/obj/adc_lld.o
LOAD build/obj/ext_lld_isr.o
LOAD build/obj/can_lld.o
LOAD build/obj/ext_lld.o
LOAD build/obj/mac_lld.o
LOAD build/obj/sdc_lld.o
LOAD build/obj/dac_lld.o
LOAD build/obj/pal_lld.o
LOAD build/obj/i2c_lld.o
LOAD build/obj/usb_lld.o
LOAD build/obj/rtc_lld.o
LOAD build/obj/i2s_lld.o
LOAD build/obj/spi_lld.o
LOAD build/obj/gpt_lld.o
LOAD build/obj/icu_lld.o
LOAD build/obj/pwm_lld.o
LOAD build/obj/st_lld.o
LOAD build/obj/serial_lld.o
LOAD build/obj/uart_lld.o
LOAD build/obj/board.o
LOAD build/obj/test.o
LOAD build/obj/testthd.o
LOAD build/obj/testsem.o
LOAD build/obj/testmtx.o
LOAD build/obj/testmsg.o
LOAD build/obj/testmbox.o
LOAD build/obj/testevt.o
LOAD build/obj/testheap.o
LOAD build/obj/testpools.o
LOAD build/obj/testdyn.o
LOAD build/obj/testqueues.o
LOAD build/obj/testsys.o
LOAD build/obj/testbmk.o
LOAD build/obj/main.o
LOAD build/obj/DataFilter.o
LOAD build/obj/IIR.o
LOAD build/obj/FuntionsMath.o
                0x20000000                __ram0_start__ = ORIGIN (ram0)
                0x00020000                __ram0_size__ = 0x20000
                0x20020000                __ram0_end__ = (__ram0_start__ + __ram0_size__)
                0x20000000                __ram1_start__ = ORIGIN (ram1)
                0x0001c000                __ram1_size__ = 0x1c000
                0x2001c000                __ram1_end__ = (__ram1_start__ + __ram1_size__)
                0x2001c000                __ram2_start__ = ORIGIN (ram2)
                0x00004000                __ram2_size__ = 0x4000
                0x20020000                __ram2_end__ = (__ram2_start__ + __ram2_size__)
                0x00000000                __ram3_start__ = ORIGIN (ram3)
                0x00000000                __ram3_size__ = 0x0
                0x00000000                __ram3_end__ = (__ram3_start__ + __ram3_size__)
                0x10000000                __ram4_start__ = ORIGIN (ram4)
                0x00010000                __ram4_size__ = 0x10000
                0x10010000                __ram4_end__ = (__ram4_start__ + __ram4_size__)
                0x40024000                __ram5_start__ = ORIGIN (ram5)
                0x00001000                __ram5_size__ = 0x1000
                0x40025000                __ram5_end__ = (__ram5_start__ + __ram5_size__)
                0x00000000                __ram6_start__ = ORIGIN (ram6)
                0x00000000                __ram6_size__ = 0x0
                0x00000000                __ram6_end__ = (__ram6_start__ + __ram6_size__)
                0x00000000                __ram7_start__ = ORIGIN (ram7)
                0x00000000                __ram7_size__ = 0x0
                0x00000000                __ram7_end__ = (__ram7_start__ + __ram7_size__)
                0x00000000                . = 0x0
                0x00000000                _text = .

startup         0x08000000      0x1c0
 *(.vectors)
 .vectors       0x08000000      0x1c0 build/obj/vectors.o
                0x08000000                _vectors

constructors    0x080001c0        0x0
                0x080001c0                PROVIDE (__init_array_start, .)
 *(SORT(.init_array.*))
 *(.init_array)
                0x080001c0                PROVIDE (__init_array_end, .)

destructors     0x080001c0        0x0
                0x080001c0                PROVIDE (__fini_array_start, .)
 *(.fini_array)
 *(SORT(.fini_array.*))
                0x080001c0                PROVIDE (__fini_array_end, .)

.text           0x080001c0     0x9d3c
 *(.text)
 .text          0x080001c0       0xd0 build/obj/crt0_v7m.o
                0x080001c0                Reset_Handler
 .text          0x08000290       0x40 build/obj/chcoreasm_v7m.o
                0x08000290                _port_switch
                0x080002a0                _port_thread_start
                0x080002b8                _port_switch_from_isr
                0x080002cc                _port_exit_from_isr
 .text          0x080002d0      0x370 c:/emtechesdk/gcc/bin/../lib/gcc/arm-none-eabi/4.8.3/armv7e-m\libgcc.a(_arm_addsubdf3.o)
                0x080002d0                __aeabi_drsub
                0x080002d8                __aeabi_dsub
                0x080002d8                __subdf3
                0x080002dc                __aeabi_dadd
                0x080002dc                __adddf3
                0x08000554                __floatunsidf
                0x08000554                __aeabi_ui2d
                0x08000574                __floatsidf
                0x08000574                __aeabi_i2d
                0x08000598                __aeabi_f2d
                0x08000598                __extendsfdf2
                0x080005d4                __floatundidf
                0x080005d4                __aeabi_ul2d
                0x080005e4                __floatdidf
                0x080005e4                __aeabi_l2d
 .text          0x08000640      0x424 c:/emtechesdk/gcc/bin/../lib/gcc/arm-none-eabi/4.8.3/armv7e-m\libgcc.a(_arm_muldivdf3.o)
                0x08000640                __aeabi_dmul
                0x08000640                __muldf3
                0x08000894                __divdf3
                0x08000894                __aeabi_ddiv
 *fill*         0x08000a64        0xc 
 .text          0x08000a70       0x50 c:/emtechesdk/gcc/bin/../lib/gcc/arm-none-eabi/4.8.3/armv7e-m\libgcc.a(_arm_fixdfsi.o)
                0x08000a70                __aeabi_d2iz
                0x08000a70                __fixdfsi
 .text          0x08000ac0       0xa0 c:/emtechesdk/gcc/bin/../lib/gcc/arm-none-eabi/4.8.3/armv7e-m\libgcc.a(_arm_truncdfsf2.o)
                0x08000ac0                __truncdfsf2
                0x08000ac0                __aeabi_d2f
 .text          0x08000b60      0x21c c:/emtechesdk/gcc/bin/../lib/gcc/arm-none-eabi/4.8.3/armv7e-m\libgcc.a(_arm_addsubsf3.o)
                0x08000b60                __aeabi_frsub
                0x08000b68                __subsf3
                0x08000b68                __aeabi_fsub
                0x08000b6c                __aeabi_fadd
                0x08000b6c                __addsf3
                0x08000ccc                __aeabi_ui2f
                0x08000ccc                __floatunsisf
                0x08000cd4                __aeabi_i2f
                0x08000cd4                __floatsisf
                0x08000cf0                __aeabi_ul2f
                0x08000cf0                __floatundisf
                0x08000d00                __aeabi_l2f
                0x08000d00                __floatdisf
 *fill*         0x08000d7c        0x4 
 .text          0x08000d80      0x2a0 c:/emtechesdk/gcc/bin/../lib/gcc/arm-none-eabi/4.8.3/armv7e-m\libgcc.a(_arm_muldivsf3.o)
                0x08000d80                __mulsf3
                0x08000d80                __aeabi_fmul
                0x08000ee8                __aeabi_fdiv
                0x08000ee8                __divsf3
 .text          0x08001020       0xec c:/emtechesdk/gcc/bin/../lib/gcc/arm-none-eabi/4.8.3/armv7e-m\libgcc.a(_arm_cmpsf2.o)
                0x08001020                __gesf2
                0x08001020                __gtsf2
                0x08001028                __lesf2
                0x08001028                __ltsf2
                0x08001030                __nesf2
                0x08001030                __eqsf2
                0x08001030                __cmpsf2
                0x08001090                __aeabi_cfrcmple
                0x08001098                __aeabi_cfcmpeq
                0x08001098                __aeabi_cfcmple
                0x080010a8                __aeabi_fcmpeq
                0x080010bc                __aeabi_fcmplt
                0x080010d0                __aeabi_fcmple
                0x080010e4                __aeabi_fcmpge
                0x080010f8                __aeabi_fcmpgt
 *fill*         0x0800110c        0x4 
 .text          0x08001110      0x134 c:/emtechesdk/gcc/bin/../lib/gcc/arm-none-eabi/4.8.3/../../../../arm-none-eabi/lib/armv7e-m\libg.a(lib_a-memcpy.o)
                0x08001110                memcpy
 *(.text.*)
 *fill*         0x08001244        0xc 
 .text.__core_init
                0x08001250       0x10 build/obj/crt1.o
                0x08001250                __core_init
 .text.__late_init
                0x08001260       0x10 build/obj/crt1.o
                0x08001260                __late_init
 .text.__default_exit
                0x08001270       0x10 build/obj/crt1.o
                0x08001270                __default_exit
 .text._unhandled_exception
                0x08001280       0x10 build/obj/vectors.o
                0x08001280                Vector58
                0x08001280                VectorE8
                0x08001280                Vector9C
                0x08001280                VectorAC
                0x08001280                DebugMon_Handler
                0x08001280                Vector1A0
                0x08001280                Vector5C
                0x08001280                Vector11C
                0x08001280                HardFault_Handler
                0x08001280                Vector1B8
                0x08001280                Vector19C
                0x08001280                Vector8C
                0x08001280                SysTick_Handler
                0x08001280                VectorDC
                0x08001280                PendSV_Handler
                0x08001280                Vector168
                0x08001280                NMI_Handler
                0x08001280                VectorC8
                0x08001280                Vector94
                0x08001280                VectorA8
                0x08001280                VectorB4
                0x08001280                Vector160
                0x08001280                Vector1B0
                0x08001280                UsageFault_Handler
                0x08001280                VectorEC
                0x08001280                Vector40
                0x08001280                VectorF8
                0x08001280                Vector108
                0x08001280                VectorBC
                0x08001280                Vector190
                0x08001280                Vector148
                0x08001280                Vector188
                0x08001280                Vector198
                0x08001280                Vector118
                0x08001280                Vector64
                0x08001280                VectorCC
                0x08001280                Vector54
                0x08001280                Vector98
                0x08001280                VectorD8
                0x08001280                Vector138
                0x08001280                Vector24
                0x08001280                Vector1AC
                0x08001280                Vector178
                0x08001280                Vector1A4
                0x08001280                VectorD0
                0x08001280                Vector1B4
                0x08001280                Vector140
                0x08001280                VectorE4
                0x08001280                VectorC0
                0x08001280                VectorF0
                0x08001280                Vector13C
                0x08001280                Vector100
                0x08001280                VectorE0
                0x08001280                VectorF4
                0x08001280                MemManage_Handler
                0x08001280                VectorA0
                0x08001280                VectorC4
                0x08001280                Vector180
                0x08001280                Vector90
                0x08001280                Vector114
                0x08001280                Vector164
                0x08001280                Vector60
                0x08001280                Vector1C
                0x08001280                Vector1BC
                0x08001280                Vector17C
                0x08001280                Vector48
                0x08001280                Vector1A8
                0x08001280                Vector16C
                0x08001280                Vector4C
                0x08001280                Vector144
                0x08001280                Vector15C
                0x08001280                Vector68
                0x08001280                _unhandled_exception
                0x08001280                Vector170
                0x08001280                Vector184
                0x08001280                Vector10C
                0x08001280                BusFault_Handler
                0x08001280                Vector50
                0x08001280                Vector194
                0x08001280                Vector44
                0x08001280                Vector28
                0x08001280                VectorB8
                0x08001280                Vector34
                0x08001280                VectorA4
                0x08001280                Vector20
                0x08001280                Vector18C
 .text.NVIC_SetPriorityGrouping
                0x08001290       0x50 build/obj/chsys.o
 .text.NVIC_SetPriority
                0x080012e0       0x60 build/obj/chsys.o
 .text.port_init
                0x08001340       0x50 build/obj/chsys.o
 .text.port_lock
                0x08001390       0x20 build/obj/chsys.o
 .text.port_unlock
                0x080013b0       0x20 build/obj/chsys.o
 .text.port_lock_from_isr
                0x080013d0       0x10 build/obj/chsys.o
 .text.port_unlock_from_isr
                0x080013e0       0x10 build/obj/chsys.o
 .text.port_disable
                0x080013f0       0x10 build/obj/chsys.o
 .text.port_enable
                0x08001400       0x20 build/obj/chsys.o
 .text.port_wait_for_interrupt
                0x08001420       0x10 build/obj/chsys.o
 .text.port_rt_get_counter_value
                0x08001430       0x20 build/obj/chsys.o
 .text.st_lld_get_counter
                0x08001450       0x20 build/obj/chsys.o
 .text.port_timer_stop_alarm
                0x08001470       0x10 build/obj/chsys.o
 .text.port_timer_set_alarm
                0x08001480       0x20 build/obj/chsys.o
 .text.port_timer_get_time
                0x080014a0       0x10 build/obj/chsys.o
 .text.chSysEnable
                0x080014b0       0x10 build/obj/chsys.o
 .text.chSysLockFromISR
                0x080014c0       0x20 build/obj/chsys.o
 .text.chSysUnlockFromISR
                0x080014e0       0x20 build/obj/chsys.o
 .text.chVTGetSystemTimeX
                0x08001500       0x10 build/obj/chsys.o
 .text.chVTDoTickI
                0x08001510       0xf0 build/obj/chsys.o
 .text.chRegSetThreadName
                0x08001600       0x20 build/obj/chsys.o
 .text.chRegSetThreadNameX
                0x08001620       0x20 build/obj/chsys.o
 .text._idle_thread
                0x08001640       0x10 build/obj/chsys.o
 .text.chSysInit
                0x08001650       0x90 build/obj/chsys.o
                0x08001650                chSysInit
 .text.chSysHalt
                0x080016e0       0x20 build/obj/chsys.o
                0x080016e0                chSysHalt
 .text.chSysTimerHandlerI
                0x08001700       0x10 build/obj/chsys.o
                0x08001700                chSysTimerHandlerI
 .text.chSysIsCounterWithinX
                0x08001710       0x30 build/obj/chsys.o
                0x08001710                chSysIsCounterWithinX
 .text.chSysPolledDelayX
                0x08001740       0x40 build/obj/chsys.o
                0x08001740                chSysPolledDelayX
 .text.port_lock
                0x08001780       0x20 build/obj/chdebug.o
 .text.port_unlock
                0x080017a0       0x20 build/obj/chdebug.o
 .text.port_lock_from_isr
                0x080017c0       0x10 build/obj/chdebug.o
 .text.port_unlock_from_isr
                0x080017d0       0x10 build/obj/chdebug.o
 .text.st_lld_get_counter
                0x080017e0       0x20 build/obj/chdebug.o
 .text.port_timer_get_time
                0x08001800       0x10 build/obj/chdebug.o
 .text.chVTGetSystemTimeX
                0x08001810       0x10 build/obj/chdebug.o
 .text._dbg_check_enable
                0x08001820       0x30 build/obj/chdebug.o
                0x08001820                _dbg_check_enable
 .text._dbg_check_lock
                0x08001850       0x30 build/obj/chdebug.o
                0x08001850                _dbg_check_lock
 .text._dbg_check_unlock
                0x08001880       0x30 build/obj/chdebug.o
                0x08001880                _dbg_check_unlock
 .text._dbg_check_lock_from_isr
                0x080018b0       0x30 build/obj/chdebug.o
                0x080018b0                _dbg_check_lock_from_isr
 .text._dbg_check_unlock_from_isr
                0x080018e0       0x30 build/obj/chdebug.o
                0x080018e0                _dbg_check_unlock_from_isr
 .text._dbg_check_enter_isr
                0x08001910       0x40 build/obj/chdebug.o
                0x08001910                _dbg_check_enter_isr
 .text._dbg_check_leave_isr
                0x08001950       0x40 build/obj/chdebug.o
                0x08001950                _dbg_check_leave_isr
 .text.chDbgCheckClassI
                0x08001990       0x30 build/obj/chdebug.o
                0x08001990                chDbgCheckClassI
 .text.chDbgCheckClassS
                0x080019c0       0x30 build/obj/chdebug.o
                0x080019c0                chDbgCheckClassS
 .text._dbg_trace_init
                0x080019f0       0x20 build/obj/chdebug.o
                0x080019f0                _dbg_trace_init
 .text._dbg_trace
                0x08001a10       0x70 build/obj/chdebug.o
                0x08001a10                _dbg_trace
 .text.st_lld_get_counter
                0x08001a80       0x20 build/obj/chvt.o
 .text.port_timer_start_alarm
                0x08001aa0       0x20 build/obj/chvt.o
 .text.port_timer_stop_alarm
                0x08001ac0       0x10 build/obj/chvt.o
 .text.port_timer_set_alarm
                0x08001ad0       0x20 build/obj/chvt.o
 .text.port_timer_get_time
                0x08001af0       0x10 build/obj/chvt.o
 .text.chVTGetSystemTimeX
                0x08001b00       0x10 build/obj/chvt.o
 .text._vt_init
                0x08001b10       0x30 build/obj/chvt.o
                0x08001b10                _vt_init
 .text.chVTDoSetI
                0x08001b40      0x120 build/obj/chvt.o
                0x08001b40                chVTDoSetI
 .text.chVTDoResetI
                0x08001c60      0x100 build/obj/chvt.o
                0x08001c60                chVTDoResetI
 .text.port_lock
                0x08001d60       0x20 build/obj/chschd.o
 .text.port_unlock
                0x08001d80       0x20 build/obj/chschd.o
 .text.port_lock_from_isr
                0x08001da0       0x10 build/obj/chschd.o
 .text.port_unlock_from_isr
                0x08001db0       0x10 build/obj/chschd.o
 .text.queue_init
                0x08001dc0       0x20 build/obj/chschd.o
 .text.queue_fifo_remove
                0x08001de0       0x30 build/obj/chschd.o
 .text.queue_dequeue
                0x08001e10       0x30 build/obj/chschd.o
 .text.chSchIsRescRequiredI
                0x08001e40       0x30 build/obj/chschd.o
 .text.chSysLockFromISR
                0x08001e70       0x20 build/obj/chschd.o
 .text.chSysUnlockFromISR
                0x08001e90       0x20 build/obj/chschd.o
 .text.chVTIsArmedI
                0x08001eb0       0x30 build/obj/chschd.o
 .text.chSemFastSignalI
                0x08001ee0       0x20 build/obj/chschd.o
 .text._scheduler_init
                0x08001f00       0x30 build/obj/chschd.o
                0x08001f00                _scheduler_init
 .text.chSchReadyI
                0x08001f30       0x80 build/obj/chschd.o
                0x08001f30                chSchReadyI
 .text.chSchGoSleepS
                0x08001fb0       0x80 build/obj/chschd.o
                0x08001fb0                chSchGoSleepS
 .text.wakeup   0x08002030       0x80 build/obj/chschd.o
 .text.chSchGoSleepTimeoutS
                0x080020b0       0x70 build/obj/chschd.o
                0x080020b0                chSchGoSleepTimeoutS
 .text.chSchWakeupS
                0x08002120       0x90 build/obj/chschd.o
                0x08002120                chSchWakeupS
 .text.chSchRescheduleS
                0x080021b0       0x20 build/obj/chschd.o
                0x080021b0                chSchRescheduleS
 .text.chSchIsPreemptionRequired
                0x080021d0       0x40 build/obj/chschd.o
                0x080021d0                chSchIsPreemptionRequired
 .text.chSchDoRescheduleAhead
                0x08002210       0xb0 build/obj/chschd.o
                0x08002210                chSchDoRescheduleAhead
 .text.chSchDoReschedule
                0x080022c0       0x10 build/obj/chschd.o
                0x080022c0                chSchDoReschedule
 .text.port_lock
                0x080022d0       0x20 build/obj/chthreads.o
 .text.port_unlock
                0x080022f0       0x20 build/obj/chthreads.o
 .text.list_init
                0x08002310       0x20 build/obj/chthreads.o
 .text.list_notempty
                0x08002330       0x30 build/obj/chthreads.o
 .text.queue_init
                0x08002360       0x20 build/obj/chthreads.o
 .text.queue_notempty
                0x08002380       0x30 build/obj/chthreads.o
 .text.list_remove
                0x080023b0       0x30 build/obj/chthreads.o
 .text.queue_insert
                0x080023e0       0x30 build/obj/chthreads.o
 .text.queue_fifo_remove
                0x08002410       0x30 build/obj/chthreads.o
 .text.chSysLock
                0x08002440       0x20 build/obj/chthreads.o
 .text.chSysUnlock
                0x08002460       0x40 build/obj/chthreads.o
 .text.chThdGetSelfX
                0x080024a0       0x20 build/obj/chthreads.o
 .text.chThdSleepS
                0x080024c0       0x30 build/obj/chthreads.o
 .text.chThdDoDequeueNextI
                0x080024f0       0x50 build/obj/chthreads.o
 .text._thread_init
                0x08002540       0xa0 build/obj/chthreads.o
                0x08002540                _thread_init
 .text._thread_memfill
                0x080025e0       0x30 build/obj/chthreads.o
                0x080025e0                _thread_memfill
 .text.chThdCreateI
                0x08002610       0x80 build/obj/chthreads.o
                0x08002610                chThdCreateI
 .text.chThdCreateStatic
                0x08002690       0x60 build/obj/chthreads.o
                0x08002690                chThdCreateStatic
 .text.chThdSleep
                0x080026f0       0x20 build/obj/chthreads.o
                0x080026f0                chThdSleep
 .text.chThdExit
                0x08002710       0x20 build/obj/chthreads.o
                0x08002710                chThdExit
 .text.chThdExitS
                0x08002730       0x80 build/obj/chthreads.o
                0x08002730                chThdExitS
 .text.chThdSuspendS
                0x080027b0       0x50 build/obj/chthreads.o
                0x080027b0                chThdSuspendS
 .text.chThdResumeI
                0x08002800       0x50 build/obj/chthreads.o
                0x08002800                chThdResumeI
 .text.chThdEnqueueTimeoutS
                0x08002850       0x40 build/obj/chthreads.o
                0x08002850                chThdEnqueueTimeoutS
 .text.chThdDequeueNextI
                0x08002890       0x30 build/obj/chthreads.o
                0x08002890                chThdDequeueNextI
 .text.chThdDequeueAllI
                0x080028c0       0x30 build/obj/chthreads.o
                0x080028c0                chThdDequeueAllI
 .text.port_rt_get_counter_value
                0x080028f0       0x20 build/obj/chtm.o
 .text.tm_stop  0x08002910       0x80 build/obj/chtm.o
 .text._tm_init
                0x08002990       0x40 build/obj/chtm.o
                0x08002990                _tm_init
 .text.chTMObjectInit
                0x080029d0       0x40 build/obj/chtm.o
                0x080029d0                chTMObjectInit
 .text.chTMStartMeasurementX
                0x08002a10       0x20 build/obj/chtm.o
                0x08002a10                chTMStartMeasurementX
 .text.chTMStopMeasurementX
                0x08002a30       0x30 build/obj/chtm.o
                0x08002a30                chTMStopMeasurementX
 .text.chTMChainMeasurementToX
                0x08002a60       0x30 build/obj/chtm.o
                0x08002a60                chTMChainMeasurementToX
 .text._stats_init
                0x08002a90       0x30 build/obj/chstats.o
                0x08002a90                _stats_init
 .text._stats_increase_irq
                0x08002ac0       0x20 build/obj/chstats.o
                0x08002ac0                _stats_increase_irq
 .text._stats_ctxswc
                0x08002ae0       0x40 build/obj/chstats.o
                0x08002ae0                _stats_ctxswc
 .text._stats_start_measure_crit_thd
                0x08002b20       0x10 build/obj/chstats.o
                0x08002b20                _stats_start_measure_crit_thd
 .text._stats_stop_measure_crit_thd
                0x08002b30       0x10 build/obj/chstats.o
                0x08002b30                _stats_stop_measure_crit_thd
 .text._stats_start_measure_crit_isr
                0x08002b40       0x10 build/obj/chstats.o
                0x08002b40                _stats_start_measure_crit_isr
 .text._stats_stop_measure_crit_isr
                0x08002b50       0x10 build/obj/chstats.o
                0x08002b50                _stats_stop_measure_crit_isr
 .text.port_lock
                0x08002b60       0x20 build/obj/chmtx.o
 .text.port_unlock
                0x08002b80       0x20 build/obj/chmtx.o
 .text.queue_init
                0x08002ba0       0x20 build/obj/chmtx.o
 .text.queue_notempty
                0x08002bc0       0x30 build/obj/chmtx.o
 .text.queue_prio_insert
                0x08002bf0       0x50 build/obj/chmtx.o
 .text.queue_fifo_remove
                0x08002c40       0x30 build/obj/chmtx.o
 .text.queue_dequeue
                0x08002c70       0x30 build/obj/chmtx.o
 .text.chSysLock
                0x08002ca0       0x20 build/obj/chmtx.o
 .text.chSysUnlock
                0x08002cc0       0x40 build/obj/chmtx.o
 .text.chMtxQueueNotEmptyS
                0x08002d00       0x20 build/obj/chmtx.o
 .text.chMtxObjectInit
                0x08002d20       0x30 build/obj/chmtx.o
                0x08002d20                chMtxObjectInit
 .text.chMtxLock
                0x08002d50       0x20 build/obj/chmtx.o
                0x08002d50                chMtxLock
 .text.chMtxLockS
                0x08002d70      0x100 build/obj/chmtx.o
                0x08002d70                chMtxLockS
 .text.chMtxUnlock
                0x08002e70       0xf0 build/obj/chmtx.o
                0x08002e70                chMtxUnlock
 .text.chEvtBroadcastFlagsI
                0x08002f60       0x70 build/obj/chevents.o
                0x08002f60                chEvtBroadcastFlagsI
 .text.chEvtSignalI
                0x08002fd0       0x70 build/obj/chevents.o
                0x08002fd0                chEvtSignalI
 .text.port_lock
                0x08003040       0x20 build/obj/chqueues.o
 .text.port_unlock
                0x08003060       0x20 build/obj/chqueues.o
 .text.queue_init
                0x08003080       0x20 build/obj/chqueues.o
 .text.chSysLock
                0x080030a0       0x20 build/obj/chqueues.o
 .text.chSysUnlock
                0x080030c0       0x40 build/obj/chqueues.o
 .text.chThdQueueObjectInit
                0x08003100       0x20 build/obj/chqueues.o
 .text.chIQIsEmptyI
                0x08003120       0x30 build/obj/chqueues.o
 .text.chIQIsFullI
                0x08003150       0x40 build/obj/chqueues.o
 .text.chOQIsEmptyI
                0x08003190       0x40 build/obj/chqueues.o
 .text.chOQIsFullI
                0x080031d0       0x30 build/obj/chqueues.o
 .text.chIQObjectInit
                0x08003200       0x50 build/obj/chqueues.o
                0x08003200                chIQObjectInit
 .text.chIQPutI
                0x08003250       0x70 build/obj/chqueues.o
                0x08003250                chIQPutI
 .text.chIQGetTimeout
                0x080032c0       0x90 build/obj/chqueues.o
                0x080032c0                chIQGetTimeout
 .text.chIQReadTimeout
                0x08003350       0xc0 build/obj/chqueues.o
                0x08003350                chIQReadTimeout
 .text.chOQObjectInit
                0x08003410       0x50 build/obj/chqueues.o
                0x08003410                chOQObjectInit
 .text.chOQPutTimeout
                0x08003460       0x90 build/obj/chqueues.o
                0x08003460                chOQPutTimeout
 .text.chOQGetI
                0x080034f0       0x60 build/obj/chqueues.o
                0x080034f0                chOQGetI
 .text.chOQWriteTimeout
                0x08003550       0xc0 build/obj/chqueues.o
                0x08003550                chOQWriteTimeout
 .text.port_lock
                0x08003610       0x20 build/obj/chmemcore.o
 .text.port_unlock
                0x08003630       0x20 build/obj/chmemcore.o
 .text.chSysLock
                0x08003650       0x20 build/obj/chmemcore.o
 .text.chSysUnlock
                0x08003670       0x40 build/obj/chmemcore.o
 .text._core_init
                0x080036b0       0x40 build/obj/chmemcore.o
                0x080036b0                _core_init
 .text.chCoreAlloc
                0x080036f0       0x30 build/obj/chmemcore.o
                0x080036f0                chCoreAlloc
 .text.chCoreAllocI
                0x08003720       0x60 build/obj/chmemcore.o
                0x08003720                chCoreAllocI
 .text._heap_init
                0x08003780       0x30 build/obj/chheap.o
                0x08003780                _heap_init
 .text.chHeapAlloc
                0x080037b0       0xf0 build/obj/chheap.o
                0x080037b0                chHeapAlloc
 .text.port_lock
                0x080038a0       0x20 build/obj/chcore_v7m.o
 .text.port_unlock
                0x080038c0       0x20 build/obj/chcore_v7m.o
 .text.port_lock_from_isr
                0x080038e0       0x10 build/obj/chcore_v7m.o
 .text.port_unlock_from_isr
                0x080038f0       0x10 build/obj/chcore_v7m.o
 .text.SVC_Handler
                0x08003900       0x30 build/obj/chcore_v7m.o
                0x08003900                SVC_Handler
 .text._port_irq_epilogue
                0x08003930       0x70 build/obj/chcore_v7m.o
                0x08003930                _port_irq_epilogue
 .text.osalInit
                0x080039a0       0x10 build/obj/hal.o
 .text.halInit  0x080039b0       0x40 build/obj/hal.o
                0x080039b0                halInit
 .text._mmcsd_get_slice
                0x080039f0       0xa0 build/obj/hal_mmcsd.o
                0x080039f0                _mmcsd_get_slice
 .text._mmcsd_get_capacity
                0x08003a90       0x90 build/obj/hal_mmcsd.o
                0x08003a90                _mmcsd_get_capacity
 .text._mmcsd_get_capacity_ext
                0x08003b20       0x50 build/obj/hal_mmcsd.o
                0x08003b20                _mmcsd_get_capacity_ext
 .text.osalMutexObjectInit
                0x08003b70       0x20 build/obj/adc.o
 .text.adcInit  0x08003b90       0x10 build/obj/adc.o
                0x08003b90                adcInit
 .text.adcObjectInit
                0x08003ba0       0x40 build/obj/adc.o
                0x08003ba0                adcObjectInit
 .text.queue_init
                0x08003be0       0x20 build/obj/mac.o
 .text.chThdQueueObjectInit
                0x08003c00       0x20 build/obj/mac.o
 .text.chEvtObjectInit
                0x08003c20       0x20 build/obj/mac.o
 .text.osalThreadQueueObjectInit
                0x08003c40       0x20 build/obj/mac.o
 .text.osalEventObjectInit
                0x08003c60       0x20 build/obj/mac.o
 .text.macInit  0x08003c80       0x10 build/obj/mac.o
                0x08003c80                macInit
 .text.macObjectInit
                0x08003c90       0x40 build/obj/mac.o
                0x08003c90                macObjectInit
 .text.port_lock
                0x08003cd0       0x20 build/obj/sdc.o
 .text.port_unlock
                0x08003cf0       0x20 build/obj/sdc.o
 .text.chSysLock
                0x08003d10       0x20 build/obj/sdc.o
 .text.chSysUnlock
                0x08003d30       0x40 build/obj/sdc.o
 .text.osalSysLock
                0x08003d70       0x10 build/obj/sdc.o
 .text.osalSysUnlock
                0x08003d80       0x10 build/obj/sdc.o
 .text.osalThreadSleep
                0x08003d90       0x20 build/obj/sdc.o
 .text.mode_detect
                0x08003db0       0xa0 build/obj/sdc.o
 .text.mmc_init
                0x08003e50       0x70 build/obj/sdc.o
 .text.sdc_init
                0x08003ec0       0xb0 build/obj/sdc.o
 .text.mmc_cmd6_construct
                0x08003f70       0x50 build/obj/sdc.o
 .text.sdc_cmd6_construct
                0x08003fc0       0x60 build/obj/sdc.o
 .text.sdc_cmd6_extract_info
                0x08004020       0x50 build/obj/sdc.o
 .text.sdc_cmd6_check_status
                0x08004070       0x50 build/obj/sdc.o
 .text.sdc_detect_bus_clk
                0x080040c0      0x100 build/obj/sdc.o
 .text.mmc_detect_bus_clk
                0x080041c0       0x70 build/obj/sdc.o
 .text.detect_bus_clk
                0x08004230       0x40 build/obj/sdc.o
 .text.sdc_set_bus_width
                0x08004270       0x80 build/obj/sdc.o
 .text.mmc_set_bus_width
                0x080042f0       0xa0 build/obj/sdc.o
 .text._sdc_wait_for_transfer_state
                0x08004390       0x60 build/obj/sdc.o
                0x08004390                _sdc_wait_for_transfer_state
 .text.sdcInit  0x080043f0       0x10 build/obj/sdc.o
                0x080043f0                sdcInit
 .text.sdcObjectInit
                0x08004400       0x40 build/obj/sdc.o
                0x08004400                sdcObjectInit
 .text.sdcConnect
                0x08004440      0x1f0 build/obj/sdc.o
                0x08004440                sdcConnect
 .text.sdcDisconnect
                0x08004630       0x80 build/obj/sdc.o
                0x08004630                sdcDisconnect
 .text.sdcRead  0x080046b0       0x80 build/obj/sdc.o
                0x080046b0                sdcRead
 .text.sdcWrite
                0x08004730       0x80 build/obj/sdc.o
                0x08004730                sdcWrite
 .text.sdcSync  0x080047b0       0x50 build/obj/sdc.o
                0x080047b0                sdcSync
 .text.sdcGetInfo
                0x08004800       0x50 build/obj/sdc.o
                0x08004800                sdcGetInfo
 .text.port_lock
                0x08004850       0x20 build/obj/serial.o
 .text.port_unlock
                0x08004870       0x20 build/obj/serial.o
 .text.chSysLock
                0x08004890       0x20 build/obj/serial.o
 .text.chSysUnlock
                0x080048b0       0x40 build/obj/serial.o
 .text.chEvtObjectInit
                0x080048f0       0x20 build/obj/serial.o
 .text.chIQIsEmptyI
                0x08004910       0x30 build/obj/serial.o
 .text.osalSysLock
                0x08004940       0x10 build/obj/serial.o
 .text.osalSysUnlock
                0x08004950       0x10 build/obj/serial.o
 .text.osalEventObjectInit
                0x08004960       0x20 build/obj/serial.o
 .text.osalEventBroadcastFlagsI
                0x08004980       0x20 build/obj/serial.o
 .text.write    0x080049a0       0x30 build/obj/serial.o
 .text.read     0x080049d0       0x30 build/obj/serial.o
 .text.put      0x08004a00       0x30 build/obj/serial.o
 .text.get      0x08004a30       0x20 build/obj/serial.o
 .text.putt     0x08004a50       0x30 build/obj/serial.o
 .text.gett     0x08004a80       0x20 build/obj/serial.o
 .text.writet   0x08004aa0       0x30 build/obj/serial.o
 .text.readt    0x08004ad0       0x30 build/obj/serial.o
 .text.sdInit   0x08004b00       0x10 build/obj/serial.o
                0x08004b00                sdInit
 .text.sdObjectInit
                0x08004b10       0x70 build/obj/serial.o
                0x08004b10                sdObjectInit
 .text.sdStart  0x08004b80       0x50 build/obj/serial.o
                0x08004b80                sdStart
 .text.sdIncomingDataI
                0x08004bd0       0x70 build/obj/serial.o
                0x08004bd0                sdIncomingDataI
 .text.osalMutexObjectInit
                0x08004c40       0x20 build/obj/spi.o
 .text.spiInit  0x08004c60       0x10 build/obj/spi.o
                0x08004c60                spiInit
 .text.spiObjectInit
                0x08004c70       0x30 build/obj/spi.o
                0x08004c70                spiObjectInit
 .text.st_lld_start_alarm
                0x08004ca0       0x30 build/obj/st.o
 .text.st_lld_stop_alarm
                0x08004cd0       0x20 build/obj/st.o
 .text.st_lld_set_alarm
                0x08004cf0       0x20 build/obj/st.o
 .text.st_lld_is_alarm_active
                0x08004d10       0x30 build/obj/st.o
 .text.stInit   0x08004d40       0x10 build/obj/st.o
                0x08004d40                stInit
 .text.stStartAlarm
                0x08004d50       0x30 build/obj/st.o
                0x08004d50                stStartAlarm
 .text.stStopAlarm
                0x08004d80       0x10 build/obj/st.o
                0x08004d80                stStopAlarm
 .text.stSetAlarm
                0x08004d90       0x30 build/obj/st.o
                0x08004d90                stSetAlarm
 .text.port_lock
                0x08004dc0       0x20 build/obj/usb.o
 .text.port_unlock
                0x08004de0       0x20 build/obj/usb.o
 .text.port_lock_from_isr
                0x08004e00       0x10 build/obj/usb.o
 .text.port_unlock_from_isr
                0x08004e10       0x10 build/obj/usb.o
 .text.chSysLockFromISR
                0x08004e20       0x20 build/obj/usb.o
 .text.chSysUnlockFromISR
                0x08004e40       0x20 build/obj/usb.o
 .text.osalSysLockFromISR
                0x08004e60       0x10 build/obj/usb.o
 .text.osalSysUnlockFromISR
                0x08004e70       0x10 build/obj/usb.o
 .text.get_hword
                0x08004e80       0x30 build/obj/usb.o
 .text.set_address
                0x08004eb0       0x40 build/obj/usb.o
 .text.default_handler
                0x08004ef0      0x3b0 build/obj/usb.o
 .text.usbInit  0x080052a0       0x10 build/obj/usb.o
                0x080052a0                usbInit
 .text.usbObjectInit
                0x080052b0       0x60 build/obj/usb.o
                0x080052b0                usbObjectInit
 .text.usbPrepareReceive
                0x08005310       0x50 build/obj/usb.o
                0x08005310                usbPrepareReceive
 .text.usbPrepareTransmit
                0x08005360       0x50 build/obj/usb.o
                0x08005360                usbPrepareTransmit
 .text.usbStartReceiveI
                0x080053b0       0x70 build/obj/usb.o
                0x080053b0                usbStartReceiveI
 .text.usbStartTransmitI
                0x08005420       0x70 build/obj/usb.o
                0x08005420                usbStartTransmitI
 .text._usb_reset
                0x08005490       0x70 build/obj/usb.o
                0x08005490                _usb_reset
 .text._usb_ep0setup
                0x08005500      0x180 build/obj/usb.o
                0x08005500                _usb_ep0setup
 .text._usb_ep0in
                0x08005680      0x120 build/obj/usb.o
                0x08005680                _usb_ep0in
 .text._usb_ep0out
                0x080057a0       0xd0 build/obj/usb.o
                0x080057a0                _usb_ep0out
 .text.long_to_string_with_divisor
                0x08005870       0xb0 build/obj/chprintf.o
 .text.ch_ltoa  0x08005920       0x30 build/obj/chprintf.o
 .text.ftoa     0x08005950       0xb0 build/obj/chprintf.o
 .text.chvprintf
                0x08005a00      0x4c0 build/obj/chprintf.o
                0x08005a00                chvprintf
 .text.nvicEnableVector
                0x08005ec0       0x60 build/obj/nvic.o
                0x08005ec0                nvicEnableVector
 .text.Vector6C
                0x08005f20       0x50 build/obj/stm32_dma.o
                0x08005f20                Vector6C
 .text.Vector70
                0x08005f70       0x50 build/obj/stm32_dma.o
                0x08005f70                Vector70
 .text.Vector74
                0x08005fc0       0x50 build/obj/stm32_dma.o
                0x08005fc0                Vector74
 .text.Vector78
                0x08006010       0x50 build/obj/stm32_dma.o
                0x08006010                Vector78
 .text.Vector7C
                0x08006060       0x50 build/obj/stm32_dma.o
                0x08006060                Vector7C
 .text.Vector80
                0x080060b0       0x50 build/obj/stm32_dma.o
                0x080060b0                Vector80
 .text.Vector84
                0x08006100       0x50 build/obj/stm32_dma.o
                0x08006100                Vector84
 .text.VectorFC
                0x08006150       0x50 build/obj/stm32_dma.o
                0x08006150                VectorFC
 .text.Vector120
                0x080061a0       0x50 build/obj/stm32_dma.o
                0x080061a0                Vector120
 .text.Vector124
                0x080061f0       0x50 build/obj/stm32_dma.o
                0x080061f0                Vector124
 .text.Vector128
                0x08006240       0x50 build/obj/stm32_dma.o
                0x08006240                Vector128
 .text.Vector12C
                0x08006290       0x50 build/obj/stm32_dma.o
                0x08006290                Vector12C
 .text.Vector130
                0x080062e0       0x50 build/obj/stm32_dma.o
                0x080062e0                Vector130
 .text.Vector150
                0x08006330       0x50 build/obj/stm32_dma.o
                0x08006330                Vector150
 .text.Vector154
                0x08006380       0x50 build/obj/stm32_dma.o
                0x08006380                Vector154
 .text.Vector158
                0x080063d0       0x50 build/obj/stm32_dma.o
                0x080063d0                Vector158
 .text.dmaInit  0x08006420       0x80 build/obj/stm32_dma.o
                0x08006420                dmaInit
 .text.hal_lld_backup_domain_init
                0x080064a0       0x50 build/obj/hal_lld.o
 .text.hal_lld_init
                0x080064f0       0x70 build/obj/hal_lld.o
                0x080064f0                hal_lld_init
 .text.stm32_clock_init
                0x08006560      0x120 build/obj/hal_lld.o
                0x08006560                stm32_clock_init
 .text.port_lock
                0x08006680       0x20 build/obj/adc_lld.o
 .text.port_unlock
                0x080066a0       0x20 build/obj/adc_lld.o
 .text.port_lock_from_isr
                0x080066c0       0x10 build/obj/adc_lld.o
 .text.port_unlock_from_isr
                0x080066d0       0x10 build/obj/adc_lld.o
 .text.chSysLockFromISR
                0x080066e0       0x20 build/obj/adc_lld.o
 .text.chSysUnlockFromISR
                0x08006700       0x20 build/obj/adc_lld.o
 .text.osalSysLockFromISR
                0x08006720       0x10 build/obj/adc_lld.o
 .text.osalSysUnlockFromISR
                0x08006730       0x10 build/obj/adc_lld.o
 .text.osalThreadResumeI
                0x08006740       0x20 build/obj/adc_lld.o
 .text.Vector88
                0x08006760       0xa0 build/obj/adc_lld.o
                0x08006760                Vector88
 .text.adc_lld_init
                0x08006800       0x40 build/obj/adc_lld.o
                0x08006800                adc_lld_init
 .text.adc_lld_stop_conversion
                0x08006840       0x70 build/obj/adc_lld.o
                0x08006840                adc_lld_stop_conversion
 .text.port_lock
                0x080068b0       0x20 build/obj/mac_lld.o
 .text.port_unlock
                0x080068d0       0x20 build/obj/mac_lld.o
 .text.port_lock_from_isr
                0x080068f0       0x10 build/obj/mac_lld.o
 .text.port_unlock_from_isr
                0x08006900       0x10 build/obj/mac_lld.o
 .text.chSysLockFromISR
                0x08006910       0x20 build/obj/mac_lld.o
 .text.chSysUnlockFromISR
                0x08006930       0x20 build/obj/mac_lld.o
 .text.osalSysHalt
                0x08006950       0x20 build/obj/mac_lld.o
 .text.osalSysLockFromISR
                0x08006970       0x10 build/obj/mac_lld.o
 .text.osalSysUnlockFromISR
                0x08006980       0x10 build/obj/mac_lld.o
 .text.osalThreadDequeueAllI
                0x08006990       0x20 build/obj/mac_lld.o
 .text.osalEventBroadcastFlagsI
                0x080069b0       0x20 build/obj/mac_lld.o
 .text.mii_write
                0x080069d0       0x40 build/obj/mac_lld.o
                0x080069d0                mii_write
 .text.mii_read
                0x08006a10       0x40 build/obj/mac_lld.o
                0x08006a10                mii_read
 .text.mii_find_phy
                0x08006a50       0x80 build/obj/mac_lld.o
 .text.Vector134
                0x08006ad0       0x90 build/obj/mac_lld.o
                0x08006ad0                Vector134
 .text.mac_lld_init
                0x08006b60      0x160 build/obj/mac_lld.o
                0x08006b60                mac_lld_init
 .text.port_lock
                0x08006cc0       0x20 build/obj/sdc_lld.o
 .text.port_unlock
                0x08006ce0       0x20 build/obj/sdc_lld.o
 .text.port_lock_from_isr
                0x08006d00       0x10 build/obj/sdc_lld.o
 .text.port_unlock_from_isr
                0x08006d10       0x10 build/obj/sdc_lld.o
 .text.chSysLock
                0x08006d20       0x20 build/obj/sdc_lld.o
 .text.chSysUnlock
                0x08006d40       0x40 build/obj/sdc_lld.o
 .text.chSysLockFromISR
                0x08006d80       0x20 build/obj/sdc_lld.o
 .text.chSysUnlockFromISR
                0x08006da0       0x20 build/obj/sdc_lld.o
 .text.osalSysLock
                0x08006dc0       0x10 build/obj/sdc_lld.o
 .text.osalSysUnlock
                0x08006dd0       0x10 build/obj/sdc_lld.o
 .text.osalSysLockFromISR
                0x08006de0       0x10 build/obj/sdc_lld.o
 .text.osalSysUnlockFromISR
                0x08006df0       0x10 build/obj/sdc_lld.o
 .text.osalThreadSleep
                0x08006e00       0x20 build/obj/sdc_lld.o
 .text.osalThreadSuspendS
                0x08006e20       0x20 build/obj/sdc_lld.o
 .text.osalThreadResumeI
                0x08006e40       0x20 build/obj/sdc_lld.o
 .text.sdc_lld_prepare_read_bytes
                0x08006e60       0xa0 build/obj/sdc_lld.o
 .text.sdc_lld_prepare_read
                0x08006f00       0x80 build/obj/sdc_lld.o
 .text.sdc_lld_prepare_write
                0x08006f80       0x80 build/obj/sdc_lld.o
 .text.sdc_lld_wait_transaction_end
                0x08007000       0xa0 build/obj/sdc_lld.o
 .text.sdc_lld_collect_errors
                0x080070a0       0xb0 build/obj/sdc_lld.o
 .text.sdc_lld_error_cleanup
                0x08007150       0xa0 build/obj/sdc_lld.o
 .text.Vector104
                0x080071f0       0x40 build/obj/sdc_lld.o
                0x080071f0                Vector104
 .text.sdc_lld_init
                0x08007230       0x30 build/obj/sdc_lld.o
                0x08007230                sdc_lld_init
 .text.sdc_lld_start_clk
                0x08007260       0x40 build/obj/sdc_lld.o
                0x08007260                sdc_lld_start_clk
 .text.sdc_lld_set_data_clk
                0x080072a0       0x30 build/obj/sdc_lld.o
                0x080072a0                sdc_lld_set_data_clk
 .text.sdc_lld_stop_clk
                0x080072d0       0x30 build/obj/sdc_lld.o
                0x080072d0                sdc_lld_stop_clk
 .text.sdc_lld_set_bus_mode
                0x08007300       0x60 build/obj/sdc_lld.o
                0x08007300                sdc_lld_set_bus_mode
 .text.sdc_lld_send_cmd_none
                0x08007360       0x50 build/obj/sdc_lld.o
                0x08007360                sdc_lld_send_cmd_none
 .text.sdc_lld_send_cmd_short
                0x080073b0       0x80 build/obj/sdc_lld.o
                0x080073b0                sdc_lld_send_cmd_short
 .text.sdc_lld_send_cmd_short_crc
                0x08007430       0x80 build/obj/sdc_lld.o
                0x08007430                sdc_lld_send_cmd_short_crc
 .text.sdc_lld_send_cmd_long_crc
                0x080074b0       0xa0 build/obj/sdc_lld.o
                0x080074b0                sdc_lld_send_cmd_long_crc
 .text.sdc_lld_read_special
                0x08007550       0x80 build/obj/sdc_lld.o
                0x08007550                sdc_lld_read_special
 .text.sdc_lld_read_aligned
                0x080075d0       0xf0 build/obj/sdc_lld.o
                0x080075d0                sdc_lld_read_aligned
 .text.sdc_lld_write_aligned
                0x080076c0       0xf0 build/obj/sdc_lld.o
                0x080076c0                sdc_lld_write_aligned
 .text.sdc_lld_read
                0x080077b0       0x90 build/obj/sdc_lld.o
                0x080077b0                sdc_lld_read
 .text.sdc_lld_write
                0x08007840       0x90 build/obj/sdc_lld.o
                0x08007840                sdc_lld_write
 .text.sdc_lld_sync
                0x080078d0       0x20 build/obj/sdc_lld.o
                0x080078d0                sdc_lld_sync
 .text.initgpio
                0x080078f0       0x50 build/obj/pal_lld.o
 .text._pal_lld_init
                0x08007940       0xc0 build/obj/pal_lld.o
                0x08007940                _pal_lld_init
 .text.port_lock
                0x08007a00       0x20 build/obj/usb_lld.o
 .text.port_unlock
                0x08007a20       0x20 build/obj/usb_lld.o
 .text.port_lock_from_isr
                0x08007a40       0x10 build/obj/usb_lld.o
 .text.port_unlock_from_isr
                0x08007a50       0x10 build/obj/usb_lld.o
 .text.chSysLockFromISR
                0x08007a60       0x20 build/obj/usb_lld.o
 .text.chSysUnlockFromISR
                0x08007a80       0x20 build/obj/usb_lld.o
 .text.osalSysLockFromISR
                0x08007aa0       0x10 build/obj/usb_lld.o
 .text.osalSysUnlockFromISR
                0x08007ab0       0x10 build/obj/usb_lld.o
 .text.osalSysPolledDelayX
                0x08007ac0       0x20 build/obj/usb_lld.o
 .text.osalThreadResumeI
                0x08007ae0       0x20 build/obj/usb_lld.o
 .text.otg_rxfifo_flush
                0x08007b00       0x30 build/obj/usb_lld.o
 .text.otg_txfifo_flush
                0x08007b30       0x40 build/obj/usb_lld.o
 .text.otg_ram_reset
                0x08007b70       0x20 build/obj/usb_lld.o
 .text.otg_ram_alloc
                0x08007b90       0x40 build/obj/usb_lld.o
 .text.otg_epin_handler
                0x08007bd0      0x130 build/obj/usb_lld.o
 .text.otg_epout_handler
                0x08007d00      0x100 build/obj/usb_lld.o
 .text.usb_lld_serve_interrupt
                0x08007e00      0x1a0 build/obj/usb_lld.o
 .text.Vector14C
                0x08007fa0       0x20 build/obj/usb_lld.o
                0x08007fa0                Vector14C
 .text.Vector174
                0x08007fc0       0x20 build/obj/usb_lld.o
                0x08007fc0                Vector174
 .text.usb_lld_init
                0x08007fe0       0xc0 build/obj/usb_lld.o
                0x08007fe0                usb_lld_init
 .text.usb_lld_reset
                0x080080a0      0x130 build/obj/usb_lld.o
                0x080080a0                usb_lld_reset
 .text.usb_lld_set_address
                0x080081d0       0x40 build/obj/usb_lld.o
                0x080081d0                usb_lld_set_address
 .text.usb_lld_get_status_out
                0x08008210       0x50 build/obj/usb_lld.o
                0x08008210                usb_lld_get_status_out
 .text.usb_lld_get_status_in
                0x08008260       0x50 build/obj/usb_lld.o
                0x08008260                usb_lld_get_status_in
 .text.usb_lld_read_setup
                0x080082b0       0x30 build/obj/usb_lld.o
                0x080082b0                usb_lld_read_setup
 .text.usb_lld_prepare_receive
                0x080082e0       0x90 build/obj/usb_lld.o
                0x080082e0                usb_lld_prepare_receive
 .text.usb_lld_prepare_transmit
                0x08008370       0xb0 build/obj/usb_lld.o
                0x08008370                usb_lld_prepare_transmit
 .text.usb_lld_start_out
                0x08008420       0x40 build/obj/usb_lld.o
                0x08008420                usb_lld_start_out
 .text.usb_lld_start_in
                0x08008460       0x50 build/obj/usb_lld.o
                0x08008460                usb_lld_start_in
 .text.usb_lld_stall_out
                0x080084b0       0x40 build/obj/usb_lld.o
                0x080084b0                usb_lld_stall_out
 .text.usb_lld_stall_in
                0x080084f0       0x40 build/obj/usb_lld.o
                0x080084f0                usb_lld_stall_in
 .text.usb_lld_clear_out
                0x08008530       0x40 build/obj/usb_lld.o
                0x08008530                usb_lld_clear_out
 .text.usb_lld_clear_in
                0x08008570       0x40 build/obj/usb_lld.o
                0x08008570                usb_lld_clear_in
 .text.spi_lld_init
                0x080085b0       0x50 build/obj/spi_lld.o
                0x080085b0                spi_lld_init
 .text.port_lock
                0x08008600       0x20 build/obj/st_lld.o
 .text.port_unlock
                0x08008620       0x20 build/obj/st_lld.o
 .text.port_lock_from_isr
                0x08008640       0x10 build/obj/st_lld.o
 .text.port_unlock_from_isr
                0x08008650       0x10 build/obj/st_lld.o
 .text.chSysLockFromISR
                0x08008660       0x20 build/obj/st_lld.o
 .text.chSysUnlockFromISR
                0x08008680       0x20 build/obj/st_lld.o
 .text.osalSysLockFromISR
                0x080086a0       0x10 build/obj/st_lld.o
 .text.osalSysUnlockFromISR
                0x080086b0       0x10 build/obj/st_lld.o
 .text.osalOsTimerHandlerI
                0x080086c0       0x10 build/obj/st_lld.o
 .text.VectorB0
                0x080086d0       0x40 build/obj/st_lld.o
                0x080086d0                VectorB0
 .text.st_lld_init
                0x08008710       0x80 build/obj/st_lld.o
                0x08008710                st_lld_init
 .text.port_lock
                0x08008790       0x20 build/obj/serial_lld.o
 .text.port_unlock
                0x080087b0       0x20 build/obj/serial_lld.o
 .text.port_lock_from_isr
                0x080087d0       0x10 build/obj/serial_lld.o
 .text.port_unlock_from_isr
                0x080087e0       0x10 build/obj/serial_lld.o
 .text.chSysLockFromISR
                0x080087f0       0x20 build/obj/serial_lld.o
 .text.chSysUnlockFromISR
                0x08008810       0x20 build/obj/serial_lld.o
 .text.chOQIsEmptyI
                0x08008830       0x40 build/obj/serial_lld.o
 .text.osalSysLockFromISR
                0x08008870       0x10 build/obj/serial_lld.o
 .text.osalSysUnlockFromISR
                0x08008880       0x10 build/obj/serial_lld.o
 .text.osalEventBroadcastFlagsI
                0x08008890       0x20 build/obj/serial_lld.o
 .text.usart_init
                0x080088b0       0xb0 build/obj/serial_lld.o
 .text.set_error
                0x08008960       0x70 build/obj/serial_lld.o
 .text.serve_interrupt
                0x080089d0      0x130 build/obj/serial_lld.o
 .text.notify1  0x08008b00       0x30 build/obj/serial_lld.o
 .text.notify4  0x08008b30       0x30 build/obj/serial_lld.o
 .text.VectorD4
                0x08008b60       0x20 build/obj/serial_lld.o
                0x08008b60                VectorD4
 .text.Vector110
                0x08008b80       0x20 build/obj/serial_lld.o
                0x08008b80                Vector110
 .text.sd_lld_init
                0x08008ba0       0x50 build/obj/serial_lld.o
                0x08008ba0                sd_lld_init
 .text.sd_lld_start
                0x08008bf0       0x80 build/obj/serial_lld.o
                0x08008bf0                sd_lld_start
 .text.__early_init
                0x08008c70       0x10 build/obj/board.o
                0x08008c70                __early_init
 .text.sdc_lld_is_card_inserted
                0x08008c80       0x60 build/obj/board.o
                0x08008c80                sdc_lld_is_card_inserted
 .text.sdc_lld_is_write_protected
                0x08008ce0       0x20 build/obj/board.o
                0x08008ce0                sdc_lld_is_write_protected
 .text.boardInit
                0x08008d00       0x30 build/obj/board.o
                0x08008d00                boardInit
 .text._ZL18chRegSetThreadNamePKc
                0x08008d30       0x20 build/obj/main.o
 .text._ZL8chprintfP20BaseSequentialStreamPKcz
                0x08008d50       0x30 build/obj/main.o
 .text._ZL7Thread1Pv
                0x08008d80       0x80 build/obj/main.o
 .text.main     0x08008e00      0x1c0 build/obj/main.o
                0x08008e00                main
 .text._ZN10DataFilter13newDataFilterEi
                0x08008fc0       0xb0 build/obj/DataFilter.o
                0x08008fc0                DataFilter::newDataFilter(int)
 .text._ZN10DataFilter17createArrayInputXEv
                0x08009070       0x80 build/obj/DataFilter.o
                0x08009070                DataFilter::createArrayInputX()
 .text._ZN10DataFilter9moveArrayEPf
                0x080090f0       0x40 build/obj/DataFilter.o
                0x080090f0                DataFilter::moveArray(float*)
 .text._ZN10DataFilter9copyArrayEPfS0_
                0x08009130       0x50 build/obj/DataFilter.o
                0x08009130                DataFilter::copyArray(float*, float*)
 .text._ZNK10DataFilter14getArrayResultEv
                0x08009180       0x20 build/obj/DataFilter.o
                0x08009180                DataFilter::getArrayResult() const
 .text._ZNK10DataFilter13getNumbOutputEv
                0x080091a0       0x20 build/obj/DataFilter.o
                0x080091a0                DataFilter::getNumbOutput() const
 .text._ZNK10DataFilter10getBuffer1Ev
                0x080091c0       0x20 build/obj/DataFilter.o
                0x080091c0                DataFilter::getBuffer1() const
 .text._ZN10DataFilter10setBuffer1EPf
                0x080091e0       0x30 build/obj/DataFilter.o
                0x080091e0                DataFilter::setBuffer1(float*)
 .text._ZNK10DataFilter10getBuffer2Ev
                0x08009210       0x20 build/obj/DataFilter.o
                0x08009210                DataFilter::getBuffer2() const
 .text._ZN10DataFilter10setBuffer2EPf
                0x08009230       0x30 build/obj/DataFilter.o
                0x08009230                DataFilter::setBuffer2(float*)
 .text._ZN10DataFilter10numbOutputEPi
                0x08009260       0x40 build/obj/DataFilter.o
                0x08009260                DataFilter::numbOutput(int*)
 .text._ZNK10DataFilter21getArrayCoefficientsBEv
                0x080092a0       0x20 build/obj/DataFilter.o
                0x080092a0                DataFilter::getArrayCoefficientsB() const
 .text._ZN10DataFilter21setArrayCoefficientsBEPf
                0x080092c0       0x20 build/obj/DataFilter.o
                0x080092c0                DataFilter::setArrayCoefficientsB(float*)
 .text._ZN10DataFilter26setArrayInitialConditionsXEPf
                0x080092e0       0x20 build/obj/DataFilter.o
                0x080092e0                DataFilter::setArrayInitialConditionsX(float*)
 .text._ZNK10DataFilter15getArrayInputsXEv
                0x08009300       0x20 build/obj/DataFilter.o
                0x08009300                DataFilter::getArrayInputsX() const
 .text._ZN10DataFilter15setArrayInputsXEPf
                0x08009320       0x40 build/obj/DataFilter.o
                0x08009320                DataFilter::setArrayInputsX(float*)
 .text._ZN10DataFilter22setArrayIntervalOutputEPi
                0x08009360       0x20 build/obj/DataFilter.o
                0x08009360                DataFilter::setArrayIntervalOutput(int*)
 .text._ZNK10DataFilter14getFilterOrderEv
                0x08009380       0x20 build/obj/DataFilter.o
                0x08009380                DataFilter::getFilterOrder() const
 .text._ZN10DataFilter14setFilterOrderEi
                0x080093a0       0x20 build/obj/DataFilter.o
                0x080093a0                DataFilter::setFilterOrder(int)
 .text._ZNK10DataFilter21getArrayCoefficientsAEv
                0x080093c0       0x20 build/obj/DataFilter.o
                0x080093c0                DataFilter::getArrayCoefficientsA() const
 .text._ZN10DataFilter21setArrayCoefficientsAEPf
                0x080093e0       0x20 build/obj/DataFilter.o
                0x080093e0                DataFilter::setArrayCoefficientsA(float*)
 .text._ZN10DataFilter26setArrayInitialConditionsYEPf
                0x08009400       0x40 build/obj/DataFilter.o
                0x08009400                DataFilter::setArrayInitialConditionsY(float*)
 .text._ZNK10DataFilter15getArrayInputsYEv
                0x08009440       0x20 build/obj/DataFilter.o
                0x08009440                DataFilter::getArrayInputsY() const
 .text._ZL8chprintfP20BaseSequentialStreamPKcz
                0x08009460       0x30 build/obj/IIR.o
 .text._ZN3IIR11directFormIEP10DataFilter
                0x08009490      0x1a0 build/obj/IIR.o
                0x08009490                IIR::directFormI(DataFilter*)
 .text._ZN12FuntionsMath3sumEiiPfS0_i
                0x08009630       0x70 build/obj/FuntionsMath.o
                0x08009630                FuntionsMath::sum(int, int, float*, float*, int)
 *(.rodata)
 .rodata        0x080096a0        0x8 build/obj/chsys.o
 *fill*         0x080096a8        0x8 
 .rodata        0x080096b0       0x58 build/obj/chdebug.o
 *fill*         0x08009708        0x8 
 .rodata        0x08009710       0x10 build/obj/chschd.o
 .rodata        0x08009720        0x8 build/obj/chprintf.o
 *fill*         0x08009728        0x8 
 .rodata        0x08009730        0xc build/obj/mac_lld.o
 *fill*         0x0800973c        0x4 
 .rodata        0x08009740       0xc8 build/obj/main.o
 *fill*         0x08009808        0x8 
 .rodata        0x08009810       0x24 build/obj/IIR.o
 *(.rodata.*)
 *fill*         0x08009834        0xc 
 .rodata.__func__.5928
                0x08009840        0xc build/obj/chsys.o
 *fill*         0x0800984c        0x4 
 .rodata.__func__.6545
                0x08009850        0xc build/obj/chvt.o
 *fill*         0x0800985c        0x4 
 .rodata.__func__.6553
                0x08009860       0x10 build/obj/chvt.o
 .rodata.__func__.6542
                0x08009870        0xc build/obj/chschd.o
 *fill*         0x0800987c        0x4 
 .rodata.__func__.6554
                0x08009880       0x10 build/obj/chthreads.o
 .rodata.__func__.5842
                0x08009890        0xc build/obj/chthreads.o
 *fill*         0x0800989c        0x4 
 .rodata.__func__.6013
                0x080098a0        0xc build/obj/chthreads.o
 *fill*         0x080098ac        0x4 
 .rodata.__func__.6598
                0x080098b0        0xc build/obj/chthreads.o
 *fill*         0x080098bc        0x4 
 .rodata.__func__.6608
                0x080098c0       0x10 build/obj/chthreads.o
 .rodata.__func__.6620
                0x080098d0       0x10 build/obj/chthreads.o
 .rodata.__func__.6025
                0x080098e0       0x14 build/obj/chthreads.o
 *fill*         0x080098f4        0xc 
 .rodata.ch_debug
                0x08009900       0x18 build/obj/chregistry.o
                0x08009900                ch_debug
 *fill*         0x08009918        0x8 
 .rodata.__func__.6537
                0x08009920       0x10 build/obj/chmtx.o
 .rodata.__func__.5842
                0x08009930        0xc build/obj/chmtx.o
 *fill*         0x0800993c        0x4 
 .rodata.__func__.6545
                0x08009940        0xc build/obj/chmtx.o
 *fill*         0x0800994c        0x4 
 .rodata.__func__.6568
                0x08009950        0xc build/obj/chmtx.o
 *fill*         0x0800995c        0x4 
 .rodata.__func__.6562
                0x08009960       0x18 build/obj/chevents.o
 *fill*         0x08009978        0x8 
 .rodata.__func__.6579
                0x08009980       0x10 build/obj/chevents.o
 .rodata.__func__.5842
                0x08009990        0xc build/obj/chqueues.o
 *fill*         0x0800999c        0x4 
 .rodata.__func__.6565
                0x080099a0       0x10 build/obj/chqueues.o
 .rodata.__func__.6601
                0x080099b0       0x14 build/obj/chqueues.o
 *fill*         0x080099c4        0xc 
 .rodata.__func__.5842
                0x080099d0        0xc build/obj/chmemcore.o
 *fill*         0x080099dc        0x4 
 .rodata.__func__.7912
                0x080099e0       0x14 build/obj/hal_mmcsd.o
 *fill*         0x080099f4        0xc 
 .rodata.__func__.7919
                0x08009a00       0x14 build/obj/hal_mmcsd.o
 *fill*         0x08009a14        0xc 
 .rodata.__func__.7927
                0x08009a20       0x18 build/obj/hal_mmcsd.o
 *fill*         0x08009a38        0x8 
 .rodata.sdc_vmt
                0x08009a40       0x20 build/obj/sdc.o
 .rodata.__func__.8305
                0x08009a60       0x14 build/obj/sdc.o
 *fill*         0x08009a74        0xc 
 .rodata.__func__.8312
                0x08009a80       0x14 build/obj/sdc.o
 *fill*         0x08009a94        0xc 
 .rodata.__func__.8356
                0x08009aa0       0x14 build/obj/sdc.o
 *fill*         0x08009ab4        0xc 
 .rodata.__func__.6186
                0x08009ac0        0xc build/obj/sdc.o
 *fill*         0x08009acc        0x4 
 .rodata.__func__.8388
                0x08009ad0        0xc build/obj/sdc.o
 *fill*         0x08009adc        0x4 
 .rodata.__func__.8399
                0x08009ae0       0x10 build/obj/sdc.o
 .rodata.__func__.8407
                0x08009af0        0x8 build/obj/sdc.o
 *fill*         0x08009af8        0x8 
 .rodata.__func__.8415
                0x08009b00        0xc build/obj/sdc.o
 *fill*         0x08009b0c        0x4 
 .rodata.__func__.8425
                0x08009b10        0x8 build/obj/sdc.o
 *fill*         0x08009b18        0x8 
 .rodata.__func__.8430
                0x08009b20        0xc build/obj/sdc.o
 *fill*         0x08009b2c        0x4 
 .rodata.vmt    0x08009b30       0x20 build/obj/serial.o
 .rodata.__func__.7954
                0x08009b50        0x8 build/obj/serial.o
 *fill*         0x08009b58        0x8 
 .rodata.__func__.5842
                0x08009b60        0xc build/obj/serial.o
 *fill*         0x08009b6c        0x4 
 .rodata.__func__.7963
                0x08009b70       0x10 build/obj/serial.o
 .rodata.__func__.7909
                0x08009b80       0x10 build/obj/st.o
 .rodata.__func__.7916
                0x08009b90        0xc build/obj/st.o
 *fill*         0x08009b9c        0x4 
 .rodata.zero_status
                0x08009ba0        0x4 build/obj/usb.o
 *fill*         0x08009ba4        0xc 
 .rodata.active_status
                0x08009bb0        0x4 build/obj/usb.o
 *fill*         0x08009bb4        0xc 
 .rodata.halted_status
                0x08009bc0        0x4 build/obj/usb.o
 *fill*         0x08009bc4        0xc 
 .rodata.__func__.8356
                0x08009bd0       0x14 build/obj/usb.o
 *fill*         0x08009be4        0xc 
 .rodata.__func__.8361
                0x08009bf0       0x14 build/obj/usb.o
 *fill*         0x08009c04        0xc 
 .rodata.__func__.8395
                0x08009c10        0xc build/obj/usb.o
 *fill*         0x08009c1c        0x4 
 .rodata.__func__.8409
                0x08009c20        0xc build/obj/usb.o
 *fill*         0x08009c2c        0x4 
 .rodata.pow10  0x08009c30       0x24 build/obj/chprintf.o
 *fill*         0x08009c54        0xc 
 .rodata._stm32_dma_streams
                0x08009c60       0xc0 build/obj/stm32_dma.o
                0x08009c60                _stm32_dma_streams
 .rodata.__func__.8258
                0x08009d20       0x1c build/obj/sdc_lld.o
 *fill*         0x08009d3c        0x4 
 .rodata.__func__.6186
                0x08009d40        0xc build/obj/sdc_lld.o
 *fill*         0x08009d4c        0x4 
 .rodata.__func__.8380
                0x08009d50       0x18 build/obj/sdc_lld.o
 *fill*         0x08009d68        0x8 
 .rodata.__func__.8389
                0x08009d70       0x18 build/obj/sdc_lld.o
 *fill*         0x08009d88        0x8 
 .rodata.ep0config
                0x08009d90       0x24 build/obj/usb_lld.o
 *fill*         0x08009db4        0xc 
 .rodata.fsparams
                0x08009dc0        0xc build/obj/usb_lld.o
 *fill*         0x08009dcc        0x4 
 .rodata.hsparams
                0x08009dd0        0xc build/obj/usb_lld.o
 *fill*         0x08009ddc        0x4 
 .rodata.__func__.8304
                0x08009de0       0x10 build/obj/usb_lld.o
 .rodata.default_config
                0x08009df0        0xc build/obj/serial_lld.o
 *fill*         0x08009dfc        0x4 
 .rodata.pal_default_config
                0x08009e00       0xfc build/obj/board.o
                0x08009e00                pal_default_config
 *(.glue_7t)
 .glue_7t       0x00000000        0x0 linker stubs
 *(.glue_7)
 .glue_7        0x00000000        0x0 linker stubs
 *(.gcc*)

.vfp11_veneer   0x08009efc        0x0
 .vfp11_veneer  0x00000000        0x0 linker stubs

.v4_bx          0x08009efc        0x0
 .v4_bx         0x00000000        0x0 linker stubs

.iplt           0x08009efc        0x0
 .iplt          0x00000000        0x0 build/obj/crt0_v7m.o

.rel.dyn        0x08009efc        0x0
 .rel.iplt      0x00000000        0x0 build/obj/crt0_v7m.o

.ARM.extab
 *(.ARM.extab* .gnu.linkonce.armextab.*)

.ARM.exidx      0x08009efc        0x0
                0x08009efc                PROVIDE (__exidx_start, .)
 *(.ARM.exidx* .gnu.linkonce.armexidx.*)
                0x08009efc                PROVIDE (__exidx_end, .)

.eh_frame_hdr
 *(.eh_frame_hdr)

.eh_frame
 *(.eh_frame)

.textalign      0x08009efc        0x4
                0x08009f00                . = ALIGN (0x8)
 *fill*         0x08009efc        0x4 
                0x08009f00                . = ALIGN (0x4)
                0x08009f00                _etext = .
                0x08009f00                _textdata = _etext

.mstack         0x20000000      0x400
                0x20000000                . = ALIGN (0x8)
                0x20000000                __main_stack_base__ = .
                0x20000400                . = (. + __main_stack_size__)
 *fill*         0x20000000      0x400 
                0x20000400                . = ALIGN (0x8)
                0x20000400                __main_stack_end__ = .

.pstack         0x20000400      0x400
                0x20000400                __process_stack_base__ = .
                0x20000400                __main_thread_stack_base__ = .
                0x20000800                . = (. + __process_stack_size__)
 *fill*         0x20000400      0x400 
                0x20000800                . = ALIGN (0x8)
                0x20000800                __process_stack_end__ = .
                0x20000800                __main_thread_stack_end__ = .

.data           0x20000800        0x0 load address 0x08009f00
                0x20000800                . = ALIGN (0x4)
                0x20000800                PROVIDE (_data, .)
 *(.data)
 *(.data.*)
 *(.ramtext)
                0x20000800                . = ALIGN (0x4)
                0x20000800                PROVIDE (_edata, .)

.igot.plt       0x20000800        0x0 load address 0x08009f00
 .igot.plt      0x00000000        0x0 build/obj/crt0_v7m.o

.bss            0x20000800     0x7430 load address 0x08009f00
                0x20000800                . = ALIGN (0x4)
                0x20000800                PROVIDE (_bss_start, .)
 *(.bss)
 *(.bss.*)
 .bss.ch        0x20000800      0x5e8 build/obj/chschd.o
                0x20000800                ch
 .bss.nextmem   0x20000de8        0x4 build/obj/chmemcore.o
 .bss.endmem    0x20000dec        0x4 build/obj/chmemcore.o
 .bss.default_heap
                0x20000df0       0x20 build/obj/chheap.o
 .bss.dma_streams_mask
                0x20000e10        0x4 build/obj/stm32_dma.o
 .bss.dma_isr_redir
                0x20000e14       0x80 build/obj/stm32_dma.o
 .bss.ADCD1     0x20000e94       0x34 build/obj/adc_lld.o
                0x20000e94                ADCD1
 .bss.ETHD1     0x20000ec8       0x2c build/obj/mac_lld.o
                0x20000ec8                ETHD1
 .bss.rd        0x20000ef4       0x40 build/obj/mac_lld.o
 .bss.td        0x20000f34       0x20 build/obj/mac_lld.o
 .bss.rb        0x20000f54     0x17d0 build/obj/mac_lld.o
 .bss.tb        0x20002724      0xbe8 build/obj/mac_lld.o
 .bss.SDCD1     0x2000330c       0x4c build/obj/sdc_lld.o
                0x2000330c                SDCD1
 .bss.u         0x20003358      0x200 build/obj/sdc_lld.o
 .bss.USBD1     0x20003558      0x1f0 build/obj/usb_lld.o
                0x20003558                USBD1
 .bss.USBD2     0x20003748      0x1f0 build/obj/usb_lld.o
                0x20003748                USBD2
 .bss.ep0_state
                0x20003938       0x14 build/obj/usb_lld.o
 .bss.ep0setup_buffer
                0x2000394c        0x8 build/obj/usb_lld.o
 .bss.SPID1     0x20003954       0x30 build/obj/spi_lld.o
                0x20003954                SPID1
 .bss.dummytx   0x20003984        0x2 build/obj/spi_lld.o
 *fill*         0x20003986        0x2 
 .bss.SD1       0x20003988     0x2058 build/obj/serial_lld.o
                0x20003988                SD1
 .bss.SD4       0x200059e0     0x2058 build/obj/serial_lld.o
                0x200059e0                SD4
 .bss.last_status.7910
                0x20007a38        0x1 build/obj/board.o
 *fill*         0x20007a39        0x7 
 .bss._ZL9waThread1
                0x20007a40      0x1f0 build/obj/main.o
 *(COMMON)
                0x20007c30                . = ALIGN (0x4)
                0x20007c30                PROVIDE (_bss_end, .)
                0x20007c30                PROVIDE (end, .)

.ram0           0x20007c30        0x0 load address 0x08009f00
                0x20007c30                . = ALIGN (0x4)
 *(.ram0)
 *(.ram0.*)
                0x20007c30                . = ALIGN (0x4)
                0x20007c30                __ram0_free__ = .

.ram1           0x20000000        0x0
                0x20000000                . = ALIGN (0x4)
 *(.ram1)
 *(.ram1.*)
                0x20000000                . = ALIGN (0x4)
                0x20000000                __ram1_free__ = .

.ram2           0x2001c000        0x0
                0x2001c000                . = ALIGN (0x4)
 *(.ram2)
 *(.ram2.*)
                0x2001c000                . = ALIGN (0x4)
                0x2001c000                __ram2_free__ = .

.ram3           0x00000000        0x0
                0x00000000                . = ALIGN (0x4)
 *(.ram3)
 *(.ram3.*)
                0x00000000                . = ALIGN (0x4)
                0x00000000                __ram3_free__ = .

.ram4           0x10000000        0x0
                0x10000000                . = ALIGN (0x4)
 *(.ram4)
 *(.ram4.*)
                0x10000000                . = ALIGN (0x4)
                0x10000000                __ram4_free__ = .

.ram5           0x40024000        0x0
                0x40024000                . = ALIGN (0x4)
 *(.ram5)
 *(.ram5.*)
                0x40024000                . = ALIGN (0x4)
                0x40024000                __ram5_free__ = .

.ram6           0x00000000        0x0
                0x00000000                . = ALIGN (0x4)
 *(.ram6)
 *(.ram6.*)
                0x00000000                . = ALIGN (0x4)
                0x00000000                __ram6_free__ = .

.ram7           0x00000000        0x0
                0x00000000                . = ALIGN (0x4)
 *(.ram7)
 *(.ram7.*)
                0x00000000                . = ALIGN (0x4)
                0x00000000                __ram7_free__ = .
                0x20007c30                __heap_base__ = __ram0_free__
                0x20020000                __heap_end__ = __ram0_end__
                0x00000400                __process_stack_size__ = 0x400
                0x00000400                __main_stack_size__ = 0x400
LOAD c:/emtechesdk/gcc/bin/../lib/gcc/arm-none-eabi/4.8.3/../../../../arm-none-eabi/lib/armv7e-m\libstdc++.a
LOAD c:/emtechesdk/gcc/bin/../lib/gcc/arm-none-eabi/4.8.3/../../../../arm-none-eabi/lib/armv7e-m\libm.a
START GROUP
LOAD c:/emtechesdk/gcc/bin/../lib/gcc/arm-none-eabi/4.8.3/armv7e-m\libgcc.a
LOAD c:/emtechesdk/gcc/bin/../lib/gcc/arm-none-eabi/4.8.3/../../../../arm-none-eabi/lib/armv7e-m\libg.a
LOAD c:/emtechesdk/gcc/bin/../lib/gcc/arm-none-eabi/4.8.3/../../../../arm-none-eabi/lib/armv7e-m\libc.a
END GROUP
OUTPUT(build/DSP-Library.elf elf32-littlearm)

.ARM.attributes
                0x00000000       0x2f
 .ARM.attributes
                0x00000000       0x21 build/obj/crt0_v7m.o
 .ARM.attributes
                0x00000021       0x21 build/obj/chcoreasm_v7m.o
 .ARM.attributes
                0x00000042       0x33 build/obj/crt1.o
 .ARM.attributes
                0x00000075       0x33 build/obj/vectors.o
 .ARM.attributes
                0x000000a8       0x33 build/obj/chsys.o
 .ARM.attributes
                0x000000db       0x33 build/obj/chdebug.o
 .ARM.attributes
                0x0000010e       0x33 build/obj/chvt.o
 .ARM.attributes
                0x00000141       0x33 build/obj/chschd.o
 .ARM.attributes
                0x00000174       0x33 build/obj/chthreads.o
 .ARM.attributes
                0x000001a7       0x33 build/obj/chtm.o
 .ARM.attributes
                0x000001da       0x33 build/obj/chstats.o
 .ARM.attributes
                0x0000020d       0x33 build/obj/chregistry.o
 .ARM.attributes
                0x00000240       0x33 build/obj/chmtx.o
 .ARM.attributes
                0x00000273       0x33 build/obj/chevents.o
 .ARM.attributes
                0x000002a6       0x33 build/obj/chqueues.o
 .ARM.attributes
                0x000002d9       0x33 build/obj/chmemcore.o
 .ARM.attributes
                0x0000030c       0x33 build/obj/chheap.o
 .ARM.attributes
                0x0000033f       0x33 build/obj/chcore_v7m.o
 .ARM.attributes
                0x00000372       0x33 build/obj/hal.o
 .ARM.attributes
                0x000003a5       0x33 build/obj/hal_mmcsd.o
 .ARM.attributes
                0x000003d8       0x33 build/obj/adc.o
 .ARM.attributes
                0x0000040b       0x33 build/obj/mac.o
 .ARM.attributes
                0x0000043e       0x33 build/obj/sdc.o
 .ARM.attributes
                0x00000471       0x33 build/obj/serial.o
 .ARM.attributes
                0x000004a4       0x33 build/obj/spi.o
 .ARM.attributes
                0x000004d7       0x33 build/obj/st.o
 .ARM.attributes
                0x0000050a       0x33 build/obj/usb.o
 .ARM.attributes
                0x0000053d       0x33 build/obj/chprintf.o
 .ARM.attributes
                0x00000570       0x33 build/obj/nvic.o
 .ARM.attributes
                0x000005a3       0x33 build/obj/stm32_dma.o
 .ARM.attributes
                0x000005d6       0x33 build/obj/hal_lld.o
 .ARM.attributes
                0x00000609       0x33 build/obj/adc_lld.o
 .ARM.attributes
                0x0000063c       0x33 build/obj/mac_lld.o
 .ARM.attributes
                0x0000066f       0x33 build/obj/sdc_lld.o
 .ARM.attributes
                0x000006a2       0x33 build/obj/pal_lld.o
 .ARM.attributes
                0x000006d5       0x33 build/obj/usb_lld.o
 .ARM.attributes
                0x00000708       0x33 build/obj/spi_lld.o
 .ARM.attributes
                0x0000073b       0x33 build/obj/st_lld.o
 .ARM.attributes
                0x0000076e       0x33 build/obj/serial_lld.o
 .ARM.attributes
                0x000007a1       0x33 build/obj/board.o
 .ARM.attributes
                0x000007d4       0x33 build/obj/main.o
 .ARM.attributes
                0x00000807       0x33 build/obj/DataFilter.o
 .ARM.attributes
                0x0000083a       0x33 build/obj/IIR.o
 .ARM.attributes
                0x0000086d       0x33 build/obj/FuntionsMath.o
 .ARM.attributes
                0x000008a0       0x1e c:/emtechesdk/gcc/bin/../lib/gcc/arm-none-eabi/4.8.3/armv7e-m\libgcc.a(_arm_addsubdf3.o)
 .ARM.attributes
                0x000008be       0x1e c:/emtechesdk/gcc/bin/../lib/gcc/arm-none-eabi/4.8.3/armv7e-m\libgcc.a(_arm_muldivdf3.o)
 .ARM.attributes
                0x000008dc       0x1e c:/emtechesdk/gcc/bin/../lib/gcc/arm-none-eabi/4.8.3/armv7e-m\libgcc.a(_arm_fixdfsi.o)
 .ARM.attributes
                0x000008fa       0x1e c:/emtechesdk/gcc/bin/../lib/gcc/arm-none-eabi/4.8.3/armv7e-m\libgcc.a(_arm_truncdfsf2.o)
 .ARM.attributes
                0x00000918       0x1e c:/emtechesdk/gcc/bin/../lib/gcc/arm-none-eabi/4.8.3/armv7e-m\libgcc.a(_arm_addsubsf3.o)
 .ARM.attributes
                0x00000936       0x1e c:/emtechesdk/gcc/bin/../lib/gcc/arm-none-eabi/4.8.3/armv7e-m\libgcc.a(_arm_muldivsf3.o)
 .ARM.attributes
                0x00000954       0x1e c:/emtechesdk/gcc/bin/../lib/gcc/arm-none-eabi/4.8.3/armv7e-m\libgcc.a(_arm_cmpsf2.o)
 .ARM.attributes
                0x00000972       0x1c c:/emtechesdk/gcc/bin/../lib/gcc/arm-none-eabi/4.8.3/../../../../arm-none-eabi/lib/armv7e-m\libg.a(lib_a-memcpy.o)

.comment        0x00000000       0x70
 .comment       0x00000000       0x70 build/obj/crt1.o
                                 0x71 (size before relaxing)
 .comment       0x00000000       0x71 build/obj/vectors.o
 .comment       0x00000000       0x71 build/obj/chsys.o
 .comment       0x00000000       0x71 build/obj/chdebug.o
 .comment       0x00000000       0x71 build/obj/chvt.o
 .comment       0x00000000       0x71 build/obj/chschd.o
 .comment       0x00000000       0x71 build/obj/chthreads.o
 .comment       0x00000000       0x71 build/obj/chtm.o
 .comment       0x00000000       0x71 build/obj/chstats.o
 .comment       0x00000000       0x71 build/obj/chregistry.o
 .comment       0x00000000       0x71 build/obj/chmtx.o
 .comment       0x00000000       0x71 build/obj/chevents.o
 .comment       0x00000000       0x71 build/obj/chqueues.o
 .comment       0x00000000       0x71 build/obj/chmemcore.o
 .comment       0x00000000       0x71 build/obj/chheap.o
 .comment       0x00000000       0x71 build/obj/chcore_v7m.o
 .comment       0x00000000       0x71 build/obj/hal.o
 .comment       0x00000000       0x71 build/obj/hal_mmcsd.o
 .comment       0x00000000       0x71 build/obj/adc.o
 .comment       0x00000000       0x71 build/obj/mac.o
 .comment       0x00000000       0x71 build/obj/sdc.o
 .comment       0x00000000       0x71 build/obj/serial.o
 .comment       0x00000000       0x71 build/obj/spi.o
 .comment       0x00000000       0x71 build/obj/st.o
 .comment       0x00000000       0x71 build/obj/usb.o
 .comment       0x00000000       0x71 build/obj/chprintf.o
 .comment       0x00000000       0x71 build/obj/nvic.o
 .comment       0x00000000       0x71 build/obj/stm32_dma.o
 .comment       0x00000000       0x71 build/obj/hal_lld.o
 .comment       0x00000000       0x71 build/obj/adc_lld.o
 .comment       0x00000000       0x71 build/obj/mac_lld.o
 .comment       0x00000000       0x71 build/obj/sdc_lld.o
 .comment       0x00000000       0x71 build/obj/pal_lld.o
 .comment       0x00000000       0x71 build/obj/usb_lld.o
 .comment       0x00000000       0x71 build/obj/spi_lld.o
 .comment       0x00000000       0x71 build/obj/st_lld.o
 .comment       0x00000000       0x71 build/obj/serial_lld.o
 .comment       0x00000000       0x71 build/obj/board.o
 .comment       0x00000000       0x71 build/obj/main.o
 .comment       0x00000000       0x71 build/obj/DataFilter.o
 .comment       0x00000000       0x71 build/obj/IIR.o
 .comment       0x00000000       0x71 build/obj/FuntionsMath.o

.debug_info     0x00000000    0x2660b
 .debug_info    0x00000000       0xd3 build/obj/crt1.o
 .debug_info    0x000000d3      0x1d1 build/obj/vectors.o
 .debug_info    0x000002a4     0x1713 build/obj/chsys.o
 .debug_info    0x000019b7      0xabe build/obj/chdebug.o
 .debug_info    0x00002475      0xa9f build/obj/chvt.o
 .debug_info    0x00002f14      0xcac build/obj/chschd.o
 .debug_info    0x00003bc0     0x1300 build/obj/chthreads.o
 .debug_info    0x00004ec0      0xa1f build/obj/chtm.o
 .debug_info    0x000058df      0x83f build/obj/chstats.o
 .debug_info    0x0000611e      0xa16 build/obj/chregistry.o
 .debug_info    0x00006b34      0xc59 build/obj/chmtx.o
 .debug_info    0x0000778d      0xe26 build/obj/chevents.o
 .debug_info    0x000085b3      0xd97 build/obj/chqueues.o
 .debug_info    0x0000934a      0x96b build/obj/chmemcore.o
 .debug_info    0x00009cb5      0xa3f build/obj/chheap.o
 .debug_info    0x0000a6f4      0xb4b build/obj/chcore_v7m.o
 .debug_info    0x0000b23f      0x8ca build/obj/hal.o
 .debug_info    0x0000bb09     0x12c4 build/obj/hal_mmcsd.o
 .debug_info    0x0000cdcd     0x10fb build/obj/adc.o
 .debug_info    0x0000dec8     0x1083 build/obj/mac.o
 .debug_info    0x0000ef4b     0x16ca build/obj/sdc.o
 .debug_info    0x00010615     0x1142 build/obj/serial.o
 .debug_info    0x00011757     0x1198 build/obj/spi.o
 .debug_info    0x000128ef      0xa58 build/obj/st.o
 .debug_info    0x00013347     0x1b72 build/obj/usb.o
 .debug_info    0x00014eb9      0xc51 build/obj/chprintf.o
 .debug_info    0x00015b0a      0xb43 build/obj/nvic.o
 .debug_info    0x0001664d     0x108b build/obj/stm32_dma.o
 .debug_info    0x000176d8      0xa4b build/obj/hal_lld.o
 .debug_info    0x00018123     0x132e build/obj/adc_lld.o
 .debug_info    0x00019451     0x170e build/obj/mac_lld.o
 .debug_info    0x0001ab5f     0x1834 build/obj/sdc_lld.o
 .debug_info    0x0001c393      0xc93 build/obj/pal_lld.o
 .debug_info    0x0001d026     0x2369 build/obj/usb_lld.o
 .debug_info    0x0001f38f     0x1143 build/obj/spi_lld.o
 .debug_info    0x000204d2      0xbf3 build/obj/st_lld.o
 .debug_info    0x000210c5     0x1118 build/obj/serial_lld.o
 .debug_info    0x000221dd      0xefd build/obj/board.o
 .debug_info    0x000230da     0x1012 build/obj/main.o
 .debug_info    0x000240ec     0x134d build/obj/DataFilter.o
 .debug_info    0x00025439      0xf77 build/obj/IIR.o
 .debug_info    0x000263b0      0x25b build/obj/FuntionsMath.o

.debug_abbrev   0x00000000     0x6ce8
 .debug_abbrev  0x00000000       0x67 build/obj/crt1.o
 .debug_abbrev  0x00000067       0xc7 build/obj/vectors.o
 .debug_abbrev  0x0000012e      0x467 build/obj/chsys.o
 .debug_abbrev  0x00000595      0x25b build/obj/chdebug.o
 .debug_abbrev  0x000007f0      0x250 build/obj/chvt.o
 .debug_abbrev  0x00000a40      0x385 build/obj/chschd.o
 .debug_abbrev  0x00000dc5      0x369 build/obj/chthreads.o
 .debug_abbrev  0x0000112e      0x1ff build/obj/chtm.o
 .debug_abbrev  0x0000132d      0x1ad build/obj/chstats.o
 .debug_abbrev  0x000014da      0x228 build/obj/chregistry.o
 .debug_abbrev  0x00001702      0x2d1 build/obj/chmtx.o
 .debug_abbrev  0x000019d3      0x2dd build/obj/chevents.o
 .debug_abbrev  0x00001cb0      0x2c6 build/obj/chqueues.o
 .debug_abbrev  0x00001f76      0x270 build/obj/chmemcore.o
 .debug_abbrev  0x000021e6      0x259 build/obj/chheap.o
 .debug_abbrev  0x0000243f      0x24d build/obj/chcore_v7m.o
 .debug_abbrev  0x0000268c      0x182 build/obj/hal.o
 .debug_abbrev  0x0000280e      0x246 build/obj/hal_mmcsd.o
 .debug_abbrev  0x00002a54      0x2d8 build/obj/adc.o
 .debug_abbrev  0x00002d2c      0x33c build/obj/mac.o
 .debug_abbrev  0x00003068      0x365 build/obj/sdc.o
 .debug_abbrev  0x000033cd      0x34d build/obj/serial.o
 .debug_abbrev  0x0000371a      0x2c1 build/obj/spi.o
 .debug_abbrev  0x000039db      0x21e build/obj/st.o
 .debug_abbrev  0x00003bf9      0x383 build/obj/usb.o
 .debug_abbrev  0x00003f7c      0x262 build/obj/chprintf.o
 .debug_abbrev  0x000041de      0x1e3 build/obj/nvic.o
 .debug_abbrev  0x000043c1      0x248 build/obj/stm32_dma.o
 .debug_abbrev  0x00004609      0x1c5 build/obj/hal_lld.o
 .debug_abbrev  0x000047ce      0x333 build/obj/adc_lld.o
 .debug_abbrev  0x00004b01      0x36b build/obj/mac_lld.o
 .debug_abbrev  0x00004e6c      0x39f build/obj/sdc_lld.o
 .debug_abbrev  0x0000520b      0x1fd build/obj/pal_lld.o
 .debug_abbrev  0x00005408      0x410 build/obj/usb_lld.o
 .debug_abbrev  0x00005818      0x304 build/obj/spi_lld.o
 .debug_abbrev  0x00005b1c      0x1ea build/obj/st_lld.o
 .debug_abbrev  0x00005d06      0x33c build/obj/serial_lld.o
 .debug_abbrev  0x00006042      0x217 build/obj/board.o
 .debug_abbrev  0x00006259      0x2b3 build/obj/main.o
 .debug_abbrev  0x0000650c      0x2e1 build/obj/DataFilter.o
 .debug_abbrev  0x000067ed      0x361 build/obj/IIR.o
 .debug_abbrev  0x00006b4e      0x19a build/obj/FuntionsMath.o

.debug_aranges  0x00000000     0x19e0
 .debug_aranges
                0x00000000       0x38 build/obj/crt1.o
 .debug_aranges
                0x00000038       0x20 build/obj/vectors.o
 .debug_aranges
                0x00000058      0x138 build/obj/chsys.o
 .debug_aranges
                0x00000190       0xb8 build/obj/chdebug.o
 .debug_aranges
                0x00000248       0x60 build/obj/chvt.o
 .debug_aranges
                0x000002a8       0xd0 build/obj/chschd.o
 .debug_aranges
                0x00000378      0x178 build/obj/chthreads.o
 .debug_aranges
                0x000004f0       0x50 build/obj/chtm.o
 .debug_aranges
                0x00000540       0x50 build/obj/chstats.o
 .debug_aranges
                0x00000590       0x48 build/obj/chregistry.o
 .debug_aranges
                0x000005d8       0xa8 build/obj/chmtx.o
 .debug_aranges
                0x00000680       0xc0 build/obj/chevents.o
 .debug_aranges
                0x00000740       0xb8 build/obj/chqueues.o
 .debug_aranges
                0x000007f8       0x58 build/obj/chmemcore.o
 .debug_aranges
                0x00000850       0x40 build/obj/chheap.o
 .debug_aranges
                0x00000890       0x48 build/obj/chcore_v7m.o
 .debug_aranges
                0x000008d8       0x28 build/obj/hal.o
 .debug_aranges
                0x00000900       0x58 build/obj/hal_mmcsd.o
 .debug_aranges
                0x00000958       0xd0 build/obj/adc.o
 .debug_aranges
                0x00000a28       0xe0 build/obj/mac.o
 .debug_aranges
                0x00000b08      0x118 build/obj/sdc.o
 .debug_aranges
                0x00000c20       0xe0 build/obj/serial.o
 .debug_aranges
                0x00000d00       0xe8 build/obj/spi.o
 .debug_aranges
                0x00000de8       0x68 build/obj/st.o
 .debug_aranges
                0x00000e50      0x120 build/obj/usb.o
 .debug_aranges
                0x00000f70       0x40 build/obj/chprintf.o
 .debug_aranges
                0x00000fb0       0x38 build/obj/nvic.o
 .debug_aranges
                0x00000fe8       0xb0 build/obj/stm32_dma.o
 .debug_aranges
                0x00001098       0x30 build/obj/hal_lld.o
 .debug_aranges
                0x000010c8       0xb8 build/obj/adc_lld.o
 .debug_aranges
                0x00001180      0x108 build/obj/mac_lld.o
 .debug_aranges
                0x00001288      0x150 build/obj/sdc_lld.o
 .debug_aranges
                0x000013d8       0x30 build/obj/pal_lld.o
 .debug_aranges
                0x00001408      0x1e0 build/obj/usb_lld.o
 .debug_aranges
                0x000015e8       0xc8 build/obj/spi_lld.o
 .debug_aranges
                0x000016b0       0x70 build/obj/st_lld.o
 .debug_aranges
                0x00001720       0xc0 build/obj/serial_lld.o
 .debug_aranges
                0x000017e0       0x38 build/obj/board.o
 .debug_aranges
                0x00001818       0x38 build/obj/main.o
 .debug_aranges
                0x00001850      0x118 build/obj/DataFilter.o
 .debug_aranges
                0x00001968       0x40 build/obj/IIR.o
 .debug_aranges
                0x000019a8       0x38 build/obj/FuntionsMath.o

.debug_ranges   0x00000000     0x1740
 .debug_ranges  0x00000000       0x28 build/obj/crt1.o
 .debug_ranges  0x00000028       0x10 build/obj/vectors.o
 .debug_ranges  0x00000038      0x128 build/obj/chsys.o
 .debug_ranges  0x00000160       0xa8 build/obj/chdebug.o
 .debug_ranges  0x00000208       0x50 build/obj/chvt.o
 .debug_ranges  0x00000258       0xc0 build/obj/chschd.o
 .debug_ranges  0x00000318      0x168 build/obj/chthreads.o
 .debug_ranges  0x00000480       0x40 build/obj/chtm.o
 .debug_ranges  0x000004c0       0x40 build/obj/chstats.o
 .debug_ranges  0x00000500       0x38 build/obj/chregistry.o
 .debug_ranges  0x00000538       0x98 build/obj/chmtx.o
 .debug_ranges  0x000005d0       0xb0 build/obj/chevents.o
 .debug_ranges  0x00000680       0xa8 build/obj/chqueues.o
 .debug_ranges  0x00000728       0x48 build/obj/chmemcore.o
 .debug_ranges  0x00000770       0x30 build/obj/chheap.o
 .debug_ranges  0x000007a0       0x38 build/obj/chcore_v7m.o
 .debug_ranges  0x000007d8       0x18 build/obj/hal.o