Archive member included because of file (symbol)

c:/emtechesdk/gcc/bin/../lib/gcc/arm-none-eabi/4.8.3/armv7e-m\libgcc.a(_arm_addsubdf3.o)
                              build/obj/chprintf.o (__aeabi_dsub)
c:/emtechesdk/gcc/bin/../lib/gcc/arm-none-eabi/4.8.3/armv7e-m\libgcc.a(_arm_muldivdf3.o)
                              build/obj/chprintf.o (__aeabi_dmul)
c:/emtechesdk/gcc/bin/../lib/gcc/arm-none-eabi/4.8.3/armv7e-m\libgcc.a(_arm_fixdfsi.o)
                              build/obj/chprintf.o (__aeabi_d2iz)
c:/emtechesdk/gcc/bin/../lib/gcc/arm-none-eabi/4.8.3/armv7e-m\libgcc.a(_arm_truncdfsf2.o)
                              build/obj/chprintf.o (__aeabi_d2f)
c:/emtechesdk/gcc/bin/../lib/gcc/arm-none-eabi/4.8.3/armv7e-m\libgcc.a(_arm_cmpsf2.o)
                              build/obj/chprintf.o (__aeabi_fcmplt)
c:/emtechesdk/gcc/bin/../lib/gcc/arm-none-eabi/4.8.3/../../../../arm-none-eabi/lib/armv7e-m\libg.a(lib_a-memcmp.o)
                              build/obj/etharp.o (memcmp)
c:/emtechesdk/gcc/bin/../lib/gcc/arm-none-eabi/4.8.3/../../../../arm-none-eabi/lib/armv7e-m\libg.a(lib_a-memcpy.o)
                              build/obj/mac_lld.o (memcpy)
c:/emtechesdk/gcc/bin/../lib/gcc/arm-none-eabi/4.8.3/../../../../arm-none-eabi/lib/armv7e-m\libg.a(lib_a-memset.o)
                              build/obj/usb.o (memset)
c:/emtechesdk/gcc/bin/../lib/gcc/arm-none-eabi/4.8.3/../../../../arm-none-eabi/lib/armv7e-m\libg.a(lib_a-strlen.o)
                              build/obj/pbuf.o (strlen)
c:/emtechesdk/gcc/bin/../lib/gcc/arm-none-eabi/4.8.3/../../../../arm-none-eabi/lib/armv7e-m\libg.a(lib_a-strncmp.o)
                              build/obj/web.o (strncmp)

Discarded input sections

 .data          0x00000000        0x0 build/obj/crt0_v7m.o
 .bss           0x00000000        0x0 build/obj/crt0_v7m.o
 .data          0x00000000        0x0 build/obj/chcoreasm_v7m.o
 .bss           0x00000000        0x0 build/obj/chcoreasm_v7m.o
 .text          0x00000000        0x0 build/obj/crt1.o
 .data          0x00000000        0x0 build/obj/crt1.o
 .bss           0x00000000        0x0 build/obj/crt1.o
 .text.__early_init
                0x00000000       0x10 build/obj/crt1.o
 .text          0x00000000        0x0 build/obj/vectors.o
 .data          0x00000000        0x0 build/obj/vectors.o
 .bss           0x00000000        0x0 build/obj/vectors.o
 .text          0x00000000        0x0 build/obj/chsys.o
 .data          0x00000000        0x0 build/obj/chsys.o
 .bss           0x00000000        0x0 build/obj/chsys.o
 .text.chSysIntegrityCheckI
                0x00000000      0x110 build/obj/chsys.o
 .text          0x00000000        0x0 build/obj/chdebug.o
 .data          0x00000000        0x0 build/obj/chdebug.o
 .bss           0x00000000        0x0 build/obj/chdebug.o
 .text._dbg_check_disable
                0x00000000       0x30 build/obj/chdebug.o
 .text._dbg_check_suspend
                0x00000000       0x30 build/obj/chdebug.o
 .text          0x00000000        0x0 build/obj/chvt.o
 .data          0x00000000        0x0 build/obj/chvt.o
 .bss           0x00000000        0x0 build/obj/chvt.o
 .text          0x00000000        0x0 build/obj/chschd.o
 .data          0x00000000        0x0 build/obj/chschd.o
 .bss           0x00000000        0x0 build/obj/chschd.o
 .text.chSchDoRescheduleBehind
                0x00000000       0x80 build/obj/chschd.o
 .text          0x00000000        0x0 build/obj/chthreads.o
 .data          0x00000000        0x0 build/obj/chthreads.o
 .bss           0x00000000        0x0 build/obj/chthreads.o
 .text.st_lld_get_counter
                0x00000000       0x20 build/obj/chthreads.o
 .text.port_timer_get_time
                0x00000000       0x10 build/obj/chthreads.o
 .text.list_insert
                0x00000000       0x30 build/obj/chthreads.o
 .text.chSchCanYieldS
                0x00000000       0x30 build/obj/chthreads.o
 .text.chSchDoYieldS
                0x00000000       0x20 build/obj/chthreads.o
 .text.chVTGetSystemTimeX
                0x00000000       0x10 build/obj/chthreads.o
 .text.chVTIsTimeWithinX
                0x00000000       0x30 build/obj/chthreads.o
 .text.chThdStartI
                0x00000000       0x30 build/obj/chthreads.o
 .text.chThdStart
                0x00000000       0x30 build/obj/chthreads.o
 .text.chThdTerminate
                0x00000000       0x30 build/obj/chthreads.o
 .text.chThdSleepUntil
                0x00000000       0x30 build/obj/chthreads.o
 .text.chThdSleepUntilWindowed
                0x00000000       0x40 build/obj/chthreads.o
 .text.chThdYield
                0x00000000       0x20 build/obj/chthreads.o
 .text.chThdWait
                0x00000000       0x80 build/obj/chthreads.o
 .text.chThdSuspendTimeoutS
                0x00000000       0x50 build/obj/chthreads.o
 .rodata.__func__.6009
                0x00000000        0xc build/obj/chthreads.o
 .rodata.__func__.6603
                0x00000000        0xc build/obj/chthreads.o
 .rodata.__func__.6614
[...]
Memory Configuration

Name             Origin             Length             Attributes
flash            0x08000000         0x00100000
ram0             0x20000000         0x00020000
ram1             0x20000000         0x0001c000
ram2             0x2001c000         0x00004000
ram3             0x00000000         0x00000000
ram4             0x10000000         0x00010000
ram5             0x40024000         0x00001000
ram6             0x00000000         0x00000000
ram7             0x00000000         0x00000000
*default*        0x00000000         0xffffffff

Linker script and memory map

LOAD build/obj/crt0_v7m.o
LOAD build/obj/chcoreasm_v7m.o
LOAD build/obj/crt1.o
LOAD build/obj/vectors.o
LOAD build/obj/chsys.o
LOAD build/obj/chdebug.o
LOAD build/obj/chvt.o
LOAD build/obj/chschd.o
LOAD build/obj/chthreads.o
LOAD build/obj/chtm.o
LOAD build/obj/chstats.o
LOAD build/obj/chdynamic.o
LOAD build/obj/chregistry.o
LOAD build/obj/chsem.o
LOAD build/obj/chmtx.o
LOAD build/obj/chcond.o
LOAD build/obj/chevents.o
LOAD build/obj/chmsg.o
LOAD build/obj/chmboxes.o
LOAD build/obj/chqueues.o
LOAD build/obj/chmemcore.o
LOAD build/obj/chheap.o
LOAD build/obj/chmempools.o
LOAD build/obj/chcore.o
LOAD build/obj/chcore_v7m.o
LOAD build/obj/osal.o
LOAD build/obj/hal.o
LOAD build/obj/hal_queues.o
LOAD build/obj/hal_mmcsd.o
LOAD build/obj/adc.o
LOAD build/obj/can.o
LOAD build/obj/dac.o
LOAD build/obj/ext.o
LOAD build/obj/gpt.o
LOAD build/obj/i2c.o
LOAD build/obj/i2s.o
LOAD build/obj/icu.o
LOAD build/obj/mac.o
LOAD build/obj/mmc_spi.o
LOAD build/obj/pal.o
LOAD build/obj/pwm.o
LOAD build/obj/rtc.o
LOAD build/obj/sdc.o
LOAD build/obj/serial.o
LOAD build/obj/serial_usb.o
LOAD build/obj/spi.o
LOAD build/obj/st.o
LOAD build/obj/uart.o
LOAD build/obj/usb.o
LOAD build/obj/chprintf.o
LOAD build/obj/nvic.o
LOAD build/obj/stm32_dma.o
LOAD build/obj/hal_lld.o
LOAD build/obj/adc_lld.o
LOAD build/obj/ext_lld_isr.o
LOAD build/obj/can_lld.o
LOAD build/obj/ext_lld.o
LOAD build/obj/mac_lld.o
LOAD build/obj/sdc_lld.o
LOAD build/obj/dac_lld.o
LOAD build/obj/pal_lld.o
LOAD build/obj/i2c_lld.o
LOAD build/obj/usb_lld.o
LOAD build/obj/rtc_lld.o
LOAD build/obj/i2s_lld.o
LOAD build/obj/spi_lld.o
LOAD build/obj/gpt_lld.o
LOAD build/obj/icu_lld.o
LOAD build/obj/pwm_lld.o
LOAD build/obj/st_lld.o
LOAD build/obj/serial_lld.o
LOAD build/obj/uart_lld.o
LOAD build/obj/board.o
LOAD build/obj/test.o
LOAD build/obj/testthd.o
LOAD build/obj/testsem.o
LOAD build/obj/testmtx.o
LOAD build/obj/testmsg.o
LOAD build/obj/testmbox.o
LOAD build/obj/testevt.o
LOAD build/obj/testheap.o
LOAD build/obj/testpools.o
LOAD build/obj/testdyn.o
LOAD build/obj/testqueues.o
LOAD build/obj/testsys.o
LOAD build/obj/testbmk.o
LOAD build/obj/lwipthread.o
LOAD build/obj/sys_arch.o
LOAD build/obj/etharp.o
LOAD build/obj/dhcp.o
LOAD build/obj/dns.o
LOAD build/obj/init.o
LOAD build/obj/mem.o
LOAD build/obj/memp.o
LOAD build/obj/netif.o
LOAD build/obj/pbuf.o
LOAD build/obj/raw.o
LOAD build/obj/stats.o
LOAD build/obj/sys.o
LOAD build/obj/tcp.o
LOAD build/obj/tcp_in.o
LOAD build/obj/tcp_out.o
LOAD build/obj/udp.o
LOAD build/obj/autoip.o
LOAD build/obj/icmp.o
LOAD build/obj/igmp.o
LOAD build/obj/inet.o
LOAD build/obj/inet_chksum.o
LOAD build/obj/ip.o
LOAD build/obj/ip_addr.o
LOAD build/obj/ip_frag.o
LOAD build/obj/def.o
LOAD build/obj/timers.o
LOAD build/obj/api_lib.o
LOAD build/obj/api_msg.o
LOAD build/obj/err.o
LOAD build/obj/netbuf.o
LOAD build/obj/netdb.o
LOAD build/obj/netifapi.o
LOAD build/obj/sockets.o
LOAD build/obj/tcpip.o
LOAD build/obj/evtimer.o
LOAD build/obj/main.o
LOAD build/obj/web.o
                0x20000000                __ram0_start__ = ORIGIN (ram0)
                0x00020000                __ram0_size__ = 0x20000
                0x20020000                __ram0_end__ = (__ram0_start__ + __ram0_size__)
                0x20000000                __ram1_start__ = ORIGIN (ram1)
                0x0001c000                __ram1_size__ = 0x1c000
                0x2001c000                __ram1_end__ = (__ram1_start__ + __ram1_size__)
                0x2001c000                __ram2_start__ = ORIGIN (ram2)
                0x00004000                __ram2_size__ = 0x4000
                0x20020000                __ram2_end__ = (__ram2_start__ + __ram2_size__)
                0x00000000                __ram3_start__ = ORIGIN (ram3)
                0x00000000                __ram3_size__ = 0x0
                0x00000000                __ram3_end__ = (__ram3_start__ + __ram3_size__)
                0x10000000                __ram4_start__ = ORIGIN (ram4)
                0x00010000                __ram4_size__ = 0x10000
                0x10010000                __ram4_end__ = (__ram4_start__ + __ram4_size__)
                0x40024000                __ram5_start__ = ORIGIN (ram5)
                0x00001000                __ram5_size__ = 0x1000
                0x40025000                __ram5_end__ = (__ram5_start__ + __ram5_size__)
                0x00000000                __ram6_start__ = ORIGIN (ram6)
                0x00000000                __ram6_size__ = 0x0
                0x00000000                __ram6_end__ = (__ram6_start__ + __ram6_size__)
                0x00000000                __ram7_start__ = ORIGIN (ram7)
                0x00000000                __ram7_size__ = 0x0
                0x00000000                __ram7_end__ = (__ram7_start__ + __ram7_size__)
                0x00000000                . = 0x0
                0x00000000                _text = .

startup         0x08000000      0x1c0
 *(.vectors)
 .vectors       0x08000000      0x1c0 build/obj/vectors.o
                0x08000000                _vectors

constructors    0x080001c0        0x0
                0x080001c0                PROVIDE (__init_array_start, .)
 *(SORT(.init_array.*))
 *(.init_array)
                0x080001c0                PROVIDE (__init_array_end, .)

destructors     0x080001c0        0x0
                0x080001c0                PROVIDE (__fini_array_start, .)
 *(.fini_array)
 *(SORT(.fini_array.*))
                0x080001c0                PROVIDE (__fini_array_end, .)

.text           0x080001c0    0x18b7c
 *(.text)
 .text          0x080001c0       0xd0 build/obj/crt0_v7m.o
                0x080001c0                Reset_Handler
 .text          0x08000290       0x40 build/obj/chcoreasm_v7m.o
                0x08000290                _port_switch
                0x080002a0                _port_thread_start
                0x080002b8                _port_switch_from_isr
                0x080002cc                _port_exit_from_isr
 .text          0x080002d0      0x370 c:/emtechesdk/gcc/bin/../lib/gcc/arm-none-eabi/4.8.3/armv7e-m\libgcc.a(_arm_addsubdf3.o)
                0x080002d0                __aeabi_drsub
                0x080002d8                __aeabi_dsub
                0x080002d8                __subdf3
                0x080002dc                __aeabi_dadd
                0x080002dc                __adddf3
                0x08000554                __floatunsidf
                0x08000554                __aeabi_ui2d
                0x08000574                __floatsidf
                0x08000574                __aeabi_i2d
                0x08000598                __aeabi_f2d
                0x08000598                __extendsfdf2
                0x080005d4                __floatundidf
                0x080005d4                __aeabi_ul2d
                0x080005e4                __floatdidf
                0x080005e4                __aeabi_l2d
 .text          0x08000640      0x424 c:/emtechesdk/gcc/bin/../lib/gcc/arm-none-eabi/4.8.3/armv7e-m\libgcc.a(_arm_muldivdf3.o)
                0x08000640                __aeabi_dmul
                0x08000640                __muldf3
                0x08000894                __divdf3
                0x08000894                __aeabi_ddiv
 *fill*         0x08000a64        0xc 
 .text          0x08000a70       0x50 c:/emtechesdk/gcc/bin/../lib/gcc/arm-none-eabi/4.8.3/armv7e-m\libgcc.a(_arm_fixdfsi.o)
                0x08000a70                __aeabi_d2iz
                0x08000a70                __fixdfsi
 .text          0x08000ac0       0xa0 c:/emtechesdk/gcc/bin/../lib/gcc/arm-none-eabi/4.8.3/armv7e-m\libgcc.a(_arm_truncdfsf2.o)
                0x08000ac0                __truncdfsf2
                0x08000ac0                __aeabi_d2f
 .text          0x08000b60       0xec c:/emtechesdk/gcc/bin/../lib/gcc/arm-none-eabi/4.8.3/armv7e-m\libgcc.a(_arm_cmpsf2.o)
                0x08000b60                __gesf2
                0x08000b60                __gtsf2
                0x08000b68                __lesf2
                0x08000b68                __ltsf2
                0x08000b70                __nesf2
                0x08000b70                __eqsf2
                0x08000b70                __cmpsf2
                0x08000bd0                __aeabi_cfrcmple
                0x08000bd8                __aeabi_cfcmpeq
                0x08000bd8                __aeabi_cfcmple
                0x08000be8                __aeabi_fcmpeq
                0x08000bfc                __aeabi_fcmplt
                0x08000c10                __aeabi_fcmple
                0x08000c24                __aeabi_fcmpge
                0x08000c38                __aeabi_fcmpgt
 *fill*         0x08000c4c        0x4 
 .text          0x08000c50      0x134 c:/emtechesdk/gcc/bin/../lib/gcc/arm-none-eabi/4.8.3/../../../../arm-none-eabi/lib/armv7e-m\libg.a(lib_a-memcpy.o)
                0x08000c50                memcpy
 *(.text.*)
 *fill*         0x08000d84        0xc 
 .text.__core_init
                0x08000d90       0x10 build/obj/crt1.o
                0x08000d90                __core_init
 .text.__late_init
                0x08000da0       0x10 build/obj/crt1.o
                0x08000da0                __late_init
 .text.__default_exit
                0x08000db0       0x10 build/obj/crt1.o
                0x08000db0                __default_exit
 .text._unhandled_exception
                0x08000dc0       0x10 build/obj/vectors.o
                0x08000dc0                Vector58
                0x08000dc0                VectorE8
                0x08000dc0                Vector9C
                0x08000dc0                VectorAC
                0x08000dc0                DebugMon_Handler
                0x08000dc0                Vector1A0
                0x08000dc0                Vector5C
                0x08000dc0                Vector11C
                0x08000dc0                HardFault_Handler
                0x08000dc0                Vector1B8
                0x08000dc0                Vector19C
                0x08000dc0                Vector8C
                0x08000dc0                SysTick_Handler
                0x08000dc0                VectorDC
                0x08000dc0                PendSV_Handler
                0x08000dc0                Vector168
                0x08000dc0                NMI_Handler
                0x08000dc0                VectorC8
                0x08000dc0                Vector94
                0x08000dc0                VectorA8
                0x08000dc0                VectorB4
                0x08000dc0                Vector160
                0x08000dc0                Vector1B0
                0x08000dc0                UsageFault_Handler
                0x08000dc0                VectorEC
                0x08000dc0                Vector40
                0x08000dc0                VectorF8
                0x08000dc0                Vector108
                0x08000dc0                VectorBC
                0x08000dc0                Vector190
                0x08000dc0                Vector148
                0x08000dc0                Vector188
                0x08000dc0                Vector198
                0x08000dc0                Vector118
                0x08000dc0                Vector64
                0x08000dc0                VectorCC
                0x08000dc0                Vector54
                0x08000dc0                Vector98
                0x08000dc0                VectorD8
                0x08000dc0                Vector138
                0x08000dc0                Vector24
                0x08000dc0                Vector1AC
                0x08000dc0                Vector178
                0x08000dc0                Vector1A4
                0x08000dc0                VectorD0
                0x08000dc0                Vector1B4
                0x08000dc0                Vector140
                0x08000dc0                VectorE4
                0x08000dc0                VectorC0
                0x08000dc0                VectorF0
                0x08000dc0                Vector13C
                0x08000dc0                Vector100
                0x08000dc0                VectorE0
                0x08000dc0                VectorF4
                0x08000dc0                MemManage_Handler
                0x08000dc0                VectorA0
                0x08000dc0                VectorC4
                0x08000dc0                Vector180
                0x08000dc0                Vector90
                0x08000dc0                Vector114
                0x08000dc0                Vector164
                0x08000dc0                Vector60
                0x08000dc0                Vector1C
                0x08000dc0                Vector1BC
                0x08000dc0                Vector17C
                0x08000dc0                Vector48
                0x08000dc0                Vector1A8
                0x08000dc0                Vector16C
                0x08000dc0                Vector4C
                0x08000dc0                Vector144
                0x08000dc0                Vector15C
                0x08000dc0                Vector68
                0x08000dc0                _unhandled_exception
                0x08000dc0                Vector170
                0x08000dc0                Vector184
                0x08000dc0                Vector10C
                0x08000dc0                BusFault_Handler
                0x08000dc0                Vector50
                0x08000dc0                Vector194
                0x08000dc0                Vector44
                0x08000dc0                Vector28
                0x08000dc0                VectorB8
                0x08000dc0                Vector34
                0x08000dc0                VectorA4
                0x08000dc0                Vector20
                0x08000dc0                Vector18C
 .text.NVIC_SetPriorityGrouping
                0x08000dd0       0x50 build/obj/chsys.o
 .text.NVIC_SetPriority
                0x08000e20       0x60 build/obj/chsys.o
 .text.port_init
                0x08000e80       0x50 build/obj/chsys.o
 .text.port_get_irq_status
                0x08000ed0       0x20 build/obj/chsys.o
 .text.port_irq_enabled
                0x08000ef0       0x20 build/obj/chsys.o
 .text.port_is_isr_context
                0x08000f10       0x30 build/obj/chsys.o
 .text.port_lock
                0x08000f40       0x20 build/obj/chsys.o
 .text.port_unlock
                0x08000f60       0x20 build/obj/chsys.o
 .text.port_lock_from_isr
                0x08000f80       0x10 build/obj/chsys.o
 .text.port_unlock_from_isr
                0x08000f90       0x10 build/obj/chsys.o
 .text.port_disable
                0x08000fa0       0x10 build/obj/chsys.o
 .text.port_enable
                0x08000fb0       0x20 build/obj/chsys.o
 .text.port_wait_for_interrupt
                0x08000fd0       0x10 build/obj/chsys.o
 .text.port_rt_get_counter_value
                0x08000fe0       0x20 build/obj/chsys.o
 .text.st_lld_get_counter
                0x08001000       0x20 build/obj/chsys.o
 .text.port_timer_stop_alarm
                0x08001020       0x10 build/obj/chsys.o
 .text.port_timer_set_alarm
                0x08001030       0x20 build/obj/chsys.o
 .text.port_timer_get_time
                0x08001050       0x10 build/obj/chsys.o
 .text.chSysEnable
                0x08001060       0x10 build/obj/chsys.o
 .text.chSysLock
                0x08001070       0x20 build/obj/chsys.o
 .text.chSysUnlock
                0x08001090       0x40 build/obj/chsys.o
 .text.chSysLockFromISR
                0x080010d0       0x20 build/obj/chsys.o
 .text.chSysUnlockFromISR
                0x080010f0       0x20 build/obj/chsys.o
 .text.chVTGetSystemTimeX
                0x08001110       0x10 build/obj/chsys.o
 .text.chVTDoTickI
                0x08001120       0xf0 build/obj/chsys.o
 .text.chRegSetThreadName
                0x08001210       0x20 build/obj/chsys.o
 .text.chRegSetThreadNameX
                0x08001230       0x20 build/obj/chsys.o
 .text._idle_thread
                0x08001250       0x10 build/obj/chsys.o
 .text.chSysInit
                0x08001260       0x90 build/obj/chsys.o
                0x08001260                chSysInit
 .text.chSysHalt
                0x080012f0       0x20 build/obj/chsys.o
                0x080012f0                chSysHalt
 .text.chSysTimerHandlerI
                0x08001310       0x10 build/obj/chsys.o
                0x08001310                chSysTimerHandlerI
 .text.chSysGetStatusAndLockX
                0x08001320       0x40 build/obj/chsys.o
                0x08001320                chSysGetStatusAndLockX
 .text.chSysRestoreStatusX
                0x08001360       0x40 build/obj/chsys.o
                0x08001360                chSysRestoreStatusX
 .text.chSysIsCounterWithinX
                0x080013a0       0x30 build/obj/chsys.o
                0x080013a0                chSysIsCounterWithinX
 .text.chSysPolledDelayX
                0x080013d0       0x40 build/obj/chsys.o
                0x080013d0                chSysPolledDelayX
 .text.port_lock
                0x08001410       0x20 build/obj/chdebug.o
 .text.port_unlock
                0x08001430       0x20 build/obj/chdebug.o
 .text.port_lock_from_isr
                0x08001450       0x10 build/obj/chdebug.o
 .text.port_unlock_from_isr
                0x08001460       0x10 build/obj/chdebug.o
 .text.st_lld_get_counter
                0x08001470       0x20 build/obj/chdebug.o
 .text.port_timer_get_time
                0x08001490       0x10 build/obj/chdebug.o
 .text.chVTGetSystemTimeX
                0x080014a0       0x10 build/obj/chdebug.o
 .text._dbg_check_enable
                0x080014b0       0x30 build/obj/chdebug.o
                0x080014b0                _dbg_check_enable
 .text._dbg_check_lock
                0x080014e0       0x30 build/obj/chdebug.o
                0x080014e0                _dbg_check_lock
 .text._dbg_check_unlock
                0x08001510       0x30 build/obj/chdebug.o
                0x08001510                _dbg_check_unlock
 .text._dbg_check_lock_from_isr
                0x08001540       0x30 build/obj/chdebug.o
                0x08001540                _dbg_check_lock_from_isr
 .text._dbg_check_unlock_from_isr
                0x08001570       0x30 build/obj/chdebug.o
                0x08001570                _dbg_check_unlock_from_isr
 .text._dbg_check_enter_isr
                0x080015a0       0x40 build/obj/chdebug.o
                0x080015a0                _dbg_check_enter_isr
 .text._dbg_check_leave_isr
                0x080015e0       0x40 build/obj/chdebug.o
                0x080015e0                _dbg_check_leave_isr
 .text.chDbgCheckClassI
                0x08001620       0x30 build/obj/chdebug.o
                0x08001620                chDbgCheckClassI
 .text.chDbgCheckClassS
                0x08001650       0x30 build/obj/chdebug.o
                0x08001650                chDbgCheckClassS
 .text._dbg_trace_init
                0x08001680       0x20 build/obj/chdebug.o
                0x08001680                _dbg_trace_init
 .text._dbg_trace
                0x080016a0       0x70 build/obj/chdebug.o
                0x080016a0                _dbg_trace
 .text.st_lld_get_counter
                0x08001710       0x20 build/obj/chvt.o
 .text.port_timer_start_alarm
                0x08001730       0x20 build/obj/chvt.o
 .text.port_timer_stop_alarm
                0x08001750       0x10 build/obj/chvt.o
 .text.port_timer_set_alarm
                0x08001760       0x20 build/obj/chvt.o
 .text.port_timer_get_time
                0x08001780       0x10 build/obj/chvt.o
 .text.chVTGetSystemTimeX
                0x08001790       0x10 build/obj/chvt.o
 .text._vt_init
                0x080017a0       0x30 build/obj/chvt.o
                0x080017a0                _vt_init
 .text.chVTDoSetI
                0x080017d0      0x120 build/obj/chvt.o
                0x080017d0                chVTDoSetI
 .text.chVTDoResetI
                0x080018f0      0x100 build/obj/chvt.o
                0x080018f0                chVTDoResetI
 .text.port_lock
                0x080019f0       0x20 build/obj/chschd.o
 .text.port_unlock
                0x08001a10       0x20 build/obj/chschd.o
 .text.port_lock_from_isr
                0x08001a30       0x10 build/obj/chschd.o
 .text.port_unlock_from_isr
                0x08001a40       0x10 build/obj/chschd.o
 .text.queue_init
                0x08001a50       0x20 build/obj/chschd.o
 .text.queue_fifo_remove
                0x08001a70       0x30 build/obj/chschd.o
 .text.queue_dequeue
                0x08001aa0       0x30 build/obj/chschd.o
 .text.chSchIsRescRequiredI
                0x08001ad0       0x30 build/obj/chschd.o
 .text.chSysLockFromISR
                0x08001b00       0x20 build/obj/chschd.o
 .text.chSysUnlockFromISR
                0x08001b20       0x20 build/obj/chschd.o
 .text.chVTIsArmedI
                0x08001b40       0x30 build/obj/chschd.o
 .text.chSemFastSignalI
                0x08001b70       0x20 build/obj/chschd.o
 .text._scheduler_init
                0x08001b90       0x30 build/obj/chschd.o
                0x08001b90                _scheduler_init
 .text.chSchReadyI
                0x08001bc0       0x80 build/obj/chschd.o
                0x08001bc0                chSchReadyI
 .text.chSchGoSleepS
                0x08001c40       0x80 build/obj/chschd.o
                0x08001c40                chSchGoSleepS
 .text.wakeup   0x08001cc0       0x80 build/obj/chschd.o
 .text.chSchGoSleepTimeoutS
                0x08001d40       0x70 build/obj/chschd.o
                0x08001d40                chSchGoSleepTimeoutS
 .text.chSchWakeupS
                0x08001db0       0x90 build/obj/chschd.o
                0x08001db0                chSchWakeupS
 .text.chSchRescheduleS
                0x08001e40       0x20 build/obj/chschd.o
                0x08001e40                chSchRescheduleS
 .text.chSchIsPreemptionRequired
                0x08001e60       0x40 build/obj/chschd.o
                0x08001e60                chSchIsPreemptionRequired
 .text.chSchDoRescheduleAhead
                0x08001ea0       0xb0 build/obj/chschd.o
                0x08001ea0                chSchDoRescheduleAhead
 .text.chSchDoReschedule
                0x08001f50       0x10 build/obj/chschd.o
                0x08001f50                chSchDoReschedule
 .text.port_lock
                0x08001f60       0x20 build/obj/chthreads.o
 .text.port_unlock
                0x08001f80       0x20 build/obj/chthreads.o
 .text.list_init
                0x08001fa0       0x20 build/obj/chthreads.o
 .text.list_notempty
                0x08001fc0       0x30 build/obj/chthreads.o
 .text.queue_init
                0x08001ff0       0x20 build/obj/chthreads.o
 .text.queue_notempty
                0x08002010       0x30 build/obj/chthreads.o
 .text.list_remove
                0x08002040       0x30 build/obj/chthreads.o
 .text.queue_insert
                0x08002070       0x30 build/obj/chthreads.o
 .text.queue_fifo_remove
                0x080020a0       0x30 build/obj/chthreads.o
 .text.chSysLock
                0x080020d0       0x20 build/obj/chthreads.o
 .text.chSysUnlock
                0x080020f0       0x40 build/obj/chthreads.o
 .text.chThdGetSelfX
                0x08002130       0x20 build/obj/chthreads.o
 .text.chThdSleepS
                0x08002150       0x30 build/obj/chthreads.o
 .text.chThdDoDequeueNextI
                0x08002180       0x50 build/obj/chthreads.o
 .text._thread_init
                0x080021d0       0xa0 build/obj/chthreads.o
                0x080021d0                _thread_init
 .text._thread_memfill
                0x08002270       0x30 build/obj/chthreads.o
                0x08002270                _thread_memfill
 .text.chThdCreateI
                0x080022a0       0x80 build/obj/chthreads.o
                0x080022a0                chThdCreateI
 .text.chThdCreateStatic
                0x08002320       0x60 build/obj/chthreads.o
                0x08002320                chThdCreateStatic
 .text.chThdSetPriority
                0x08002380       0x70 build/obj/chthreads.o
                0x08002380                chThdSetPriority
 .text.chThdSleep
                0x080023f0       0x20 build/obj/chthreads.o
                0x080023f0                chThdSleep
 .text.chThdExit
                0x08002410       0x20 build/obj/chthreads.o
                0x08002410                chThdExit
 .text.chThdExitS
                0x08002430       0x80 build/obj/chthreads.o
                0x08002430                chThdExitS
 .text.chThdSuspendS
                0x080024b0       0x50 build/obj/chthreads.o
                0x080024b0                chThdSuspendS
 .text.chThdResumeI
                0x08002500       0x50 build/obj/chthreads.o
                0x08002500                chThdResumeI
 .text.chThdResumeS
                0x08002550       0x40 build/obj/chthreads.o
                0x08002550                chThdResumeS
 .text.chThdResume
                0x08002590       0x20 build/obj/chthreads.o
                0x08002590                chThdResume
 .text.chThdEnqueueTimeoutS
                0x080025b0       0x40 build/obj/chthreads.o
                0x080025b0                chThdEnqueueTimeoutS
 .text.chThdDequeueNextI
                0x080025f0       0x30 build/obj/chthreads.o
                0x080025f0                chThdDequeueNextI
 .text.chThdDequeueAllI
                0x08002620       0x30 build/obj/chthreads.o
                0x08002620                chThdDequeueAllI
 .text.port_rt_get_counter_value
                0x08002650       0x20 build/obj/chtm.o
 .text.tm_stop  0x08002670       0x80 build/obj/chtm.o
 .text._tm_init
                0x080026f0       0x40 build/obj/chtm.o
                0x080026f0                _tm_init
 .text.chTMObjectInit
                0x08002730       0x40 build/obj/chtm.o
                0x08002730                chTMObjectInit
 .text.chTMStartMeasurementX
                0x08002770       0x20 build/obj/chtm.o
                0x08002770                chTMStartMeasurementX
 .text.chTMStopMeasurementX
                0x08002790       0x30 build/obj/chtm.o
                0x08002790                chTMStopMeasurementX
 .text.chTMChainMeasurementToX
                0x080027c0       0x30 build/obj/chtm.o
                0x080027c0                chTMChainMeasurementToX
 .text._stats_init
                0x080027f0       0x30 build/obj/chstats.o
                0x080027f0                _stats_init
 .text._stats_increase_irq
                0x08002820       0x20 build/obj/chstats.o
                0x08002820                _stats_increase_irq
 .text._stats_ctxswc
                0x08002840       0x40 build/obj/chstats.o
                0x08002840                _stats_ctxswc
 .text._stats_start_measure_crit_thd
                0x08002880       0x10 build/obj/chstats.o
                0x08002880                _stats_start_measure_crit_thd
 .text._stats_stop_measure_crit_thd
                0x08002890       0x10 build/obj/chstats.o
                0x08002890                _stats_stop_measure_crit_thd
 .text._stats_start_measure_crit_isr
                0x080028a0       0x10 build/obj/chstats.o
                0x080028a0                _stats_start_measure_crit_isr
 .text._stats_stop_measure_crit_isr
                0x080028b0       0x10 build/obj/chstats.o
                0x080028b0                _stats_stop_measure_crit_isr
 .text.port_lock
                0x080028c0       0x20 build/obj/chsem.o
 .text.port_unlock
                0x080028e0       0x20 build/obj/chsem.o
 .text.queue_init
                0x08002900       0x20 build/obj/chsem.o
 .text.queue_isempty
                0x08002920       0x30 build/obj/chsem.o
 .text.queue_notempty
                0x08002950       0x30 build/obj/chsem.o
 .text.queue_insert
                0x08002980       0x30 build/obj/chsem.o
 .text.queue_fifo_remove
                0x080029b0       0x30 build/obj/chsem.o
 .text.queue_lifo_remove
                0x080029e0       0x30 build/obj/chsem.o
 .text.chSysLock
                0x08002a10       0x20 build/obj/chsem.o
 .text.chSysUnlock
                0x08002a30       0x40 build/obj/chsem.o
 .text.chSemObjectInit
                0x08002a70       0x40 build/obj/chsem.o
                0x08002a70                chSemObjectInit
 .text.chSemResetI
                0x08002ab0       0xa0 build/obj/chsem.o
                0x08002ab0                chSemResetI
 .text.chSemWaitTimeoutS
                0x08002b50       0xc0 build/obj/chsem.o
                0x08002b50                chSemWaitTimeoutS
 .text.chSemSignal
                0x08002c10       0x90 build/obj/chsem.o
                0x08002c10                chSemSignal
 .text.chSemSignalI
                0x08002ca0       0x90 build/obj/chsem.o
                0x08002ca0                chSemSignalI
 .text.port_lock
                0x08002d30       0x20 build/obj/chmtx.o
 .text.port_unlock
                0x08002d50       0x20 build/obj/chmtx.o
 .text.queue_init
                0x08002d70       0x20 build/obj/chmtx.o
 .text.queue_notempty
                0x08002d90       0x30 build/obj/chmtx.o
 .text.queue_prio_insert
                0x08002dc0       0x50 build/obj/chmtx.o
 .text.queue_fifo_remove
                0x08002e10       0x30 build/obj/chmtx.o
 .text.queue_dequeue
                0x08002e40       0x30 build/obj/chmtx.o
 .text.chSysLock
                0x08002e70       0x20 build/obj/chmtx.o
 .text.chSysUnlock
                0x08002e90       0x40 build/obj/chmtx.o
 .text.chMtxQueueNotEmptyS
                0x08002ed0       0x20 build/obj/chmtx.o
 .text.chMtxObjectInit
                0x08002ef0       0x30 build/obj/chmtx.o
                0x08002ef0                chMtxObjectInit
 .text.chMtxLock
                0x08002f20       0x20 build/obj/chmtx.o
                0x08002f20                chMtxLock
 .text.chMtxLockS
                0x08002f40      0x100 build/obj/chmtx.o
                0x08002f40                chMtxLockS
 .text.chMtxUnlock
                0x08003040       0xf0 build/obj/chmtx.o
                0x08003040                chMtxUnlock
 .text.port_lock
                0x08003130       0x20 build/obj/chevents.o
 .text.port_unlock
                0x08003150       0x20 build/obj/chevents.o
 .text.chSysLock
                0x08003170       0x20 build/obj/chevents.o
 .text.chSysUnlock
                0x08003190       0x40 build/obj/chevents.o
 .text.chEvtRegisterMaskWithFlags
                0x080031d0       0x60 build/obj/chevents.o
                0x080031d0                chEvtRegisterMaskWithFlags
 .text.chEvtAddEvents
                0x08003230       0x40 build/obj/chevents.o
                0x08003230                chEvtAddEvents
 .text.chEvtBroadcastFlagsI
                0x08003270       0x70 build/obj/chevents.o
                0x08003270                chEvtBroadcastFlagsI
 .text.chEvtSignalI
                0x080032e0       0x70 build/obj/chevents.o
                0x080032e0                chEvtSignalI
 .text.chEvtWaitAny
                0x08003350       0x60 build/obj/chevents.o
                0x08003350                chEvtWaitAny
 .text.port_lock
                0x080033b0       0x20 build/obj/chmboxes.o
 .text.port_unlock
                0x080033d0       0x20 build/obj/chmboxes.o
 .text.chSysLock
                0x080033f0       0x20 build/obj/chmboxes.o
 .text.chSysUnlock
                0x08003410       0x40 build/obj/chmboxes.o
 .text.chMBObjectInit
                0x08003450       0x70 build/obj/chmboxes.o
                0x08003450                chMBObjectInit
 .text.chMBReset
                0x080034c0       0x20 build/obj/chmboxes.o
                0x080034c0                chMBReset
 .text.chMBResetI
                0x080034e0       0x60 build/obj/chmboxes.o
                0x080034e0                chMBResetI
 .text.chMBPost
                0x08003540       0x30 build/obj/chmboxes.o
                0x08003540                chMBPost
 .text.chMBPostS
                0x08003570       0x70 build/obj/chmboxes.o
                0x08003570                chMBPostS
 .text.chMBFetch
                0x080035e0       0x30 build/obj/chmboxes.o
                0x080035e0                chMBFetch
 .text.chMBFetchS
                0x08003610       0x80 build/obj/chmboxes.o
                0x08003610                chMBFetchS
 .text.port_lock
                0x08003690       0x20 build/obj/chqueues.o
 .text.port_unlock
                0x080036b0       0x20 build/obj/chqueues.o
 .text.queue_init
                0x080036d0       0x20 build/obj/chqueues.o
 .text.chSysLock
                0x080036f0       0x20 build/obj/chqueues.o
 .text.chSysUnlock
                0x08003710       0x40 build/obj/chqueues.o
 .text.chThdQueueObjectInit
                0x08003750       0x20 build/obj/chqueues.o
 .text.chIQIsEmptyI
                0x08003770       0x30 build/obj/chqueues.o
 .text.chIQIsFullI
                0x080037a0       0x40 build/obj/chqueues.o
 .text.chOQIsEmptyI
                0x080037e0       0x40 build/obj/chqueues.o
 .text.chOQIsFullI
                0x08003820       0x30 build/obj/chqueues.o
 .text.chIQObjectInit
                0x08003850       0x50 build/obj/chqueues.o
                0x08003850                chIQObjectInit
 .text.chIQPutI
                0x080038a0       0x70 build/obj/chqueues.o
                0x080038a0                chIQPutI
 .text.chIQGetTimeout
                0x08003910       0x90 build/obj/chqueues.o
                0x08003910                chIQGetTimeout
 .text.chIQReadTimeout
                0x080039a0       0xc0 build/obj/chqueues.o
                0x080039a0                chIQReadTimeout
 .text.chOQObjectInit
                0x08003a60       0x50 build/obj/chqueues.o
                0x08003a60                chOQObjectInit
 .text.chOQPutTimeout
                0x08003ab0       0x90 build/obj/chqueues.o
                0x08003ab0                chOQPutTimeout
 .text.chOQGetI
                0x08003b40       0x60 build/obj/chqueues.o
                0x08003b40                chOQGetI
 .text.chOQWriteTimeout
                0x08003ba0       0xc0 build/obj/chqueues.o
                0x08003ba0                chOQWriteTimeout
 .text.port_lock
                0x08003c60       0x20 build/obj/chmemcore.o
 .text.port_unlock
                0x08003c80       0x20 build/obj/chmemcore.o
 .text.chSysLock
                0x08003ca0       0x20 build/obj/chmemcore.o
 .text.chSysUnlock
                0x08003cc0       0x40 build/obj/chmemcore.o
 .text._core_init
                0x08003d00       0x40 build/obj/chmemcore.o
                0x08003d00                _core_init
 .text.chCoreAlloc
                0x08003d40       0x30 build/obj/chmemcore.o
                0x08003d40                chCoreAlloc
 .text.chCoreAllocI
                0x08003d70       0x60 build/obj/chmemcore.o
                0x08003d70                chCoreAllocI
 .text._heap_init
                0x08003dd0       0x30 build/obj/chheap.o
                0x08003dd0                _heap_init
 .text.chHeapAlloc
                0x08003e00       0xf0 build/obj/chheap.o
                0x08003e00                chHeapAlloc
 .text.chHeapFree
                0x08003ef0      0x100 build/obj/chheap.o
                0x08003ef0                chHeapFree
 .text.port_lock
                0x08003ff0       0x20 build/obj/chcore_v7m.o
 .text.port_unlock
                0x08004010       0x20 build/obj/chcore_v7m.o
 .text.port_lock_from_isr
                0x08004030       0x10 build/obj/chcore_v7m.o
 .text.port_unlock_from_isr
                0x08004040       0x10 build/obj/chcore_v7m.o
 .text.SVC_Handler
                0x08004050       0x30 build/obj/chcore_v7m.o
                0x08004050                SVC_Handler
 .text._port_irq_epilogue
                0x08004080       0x70 build/obj/chcore_v7m.o
                0x08004080                _port_irq_epilogue
 .text.osalInit
                0x080040f0       0x10 build/obj/hal.o
 .text.halInit  0x08004100       0x40 build/obj/hal.o
                0x08004100                halInit
 .text._mmcsd_get_slice
                0x08004140       0xa0 build/obj/hal_mmcsd.o
                0x08004140                _mmcsd_get_slice
 .text._mmcsd_get_capacity
                0x080041e0       0x90 build/obj/hal_mmcsd.o
                0x080041e0                _mmcsd_get_capacity
 .text._mmcsd_get_capacity_ext
                0x08004270       0x50 build/obj/hal_mmcsd.o
                0x08004270                _mmcsd_get_capacity_ext
 .text.osalMutexObjectInit
                0x080042c0       0x20 build/obj/adc.o
 .text.adcInit  0x080042e0       0x10 build/obj/adc.o
                0x080042e0                adcInit
 .text.adcObjectInit
                0x080042f0       0x40 build/obj/adc.o
                0x080042f0                adcObjectInit
 .text.port_lock
                0x08004330       0x20 build/obj/mac.o
 .text.port_unlock
                0x08004350       0x20 build/obj/mac.o
 .text.st_lld_get_counter
                0x08004370       0x20 build/obj/mac.o
 .text.port_timer_get_time
                0x08004390       0x10 build/obj/mac.o
 .text.queue_init
                0x080043a0       0x20 build/obj/mac.o
 .text.chSysLock
                0x080043c0       0x20 build/obj/mac.o
 .text.chSysUnlock
                0x080043e0       0x40 build/obj/mac.o
 .text.chVTGetSystemTimeX
                0x08004420       0x10 build/obj/mac.o
 .text.chThdQueueObjectInit
                0x08004430       0x20 build/obj/mac.o
 .text.chEvtObjectInit
                0x08004450       0x20 build/obj/mac.o
 .text.osalSysLock
                0x08004470       0x10 build/obj/mac.o
 .text.osalSysUnlock
                0x08004480       0x10 build/obj/mac.o
 .text.osalOsGetSystemTimeX
                0x08004490       0x10 build/obj/mac.o
 .text.osalThreadQueueObjectInit
                0x080044a0       0x20 build/obj/mac.o
 .text.osalThreadEnqueueTimeoutS
                0x080044c0       0x20 build/obj/mac.o
 .text.osalEventObjectInit
                0x080044e0       0x20 build/obj/mac.o
 .text.macInit  0x08004500       0x10 build/obj/mac.o
                0x08004500                macInit
 .text.macObjectInit
                0x08004510       0x40 build/obj/mac.o
                0x08004510                macObjectInit
 .text.macStart
                0x08004550       0x50 build/obj/mac.o
                0x08004550                macStart
 .text.macWaitTransmitDescriptor
                0x080045a0       0xa0 build/obj/mac.o
                0x080045a0                macWaitTransmitDescriptor
 .text.macReleaseTransmitDescriptor
                0x08004640       0x30 build/obj/mac.o
                0x08004640                macReleaseTransmitDescriptor
 .text.macWaitReceiveDescriptor
                0x08004670       0xa0 build/obj/mac.o
                0x08004670                macWaitReceiveDescriptor
 .text.macReleaseReceiveDescriptor
                0x08004710       0x30 build/obj/mac.o
                0x08004710                macReleaseReceiveDescriptor
 .text.macPollLinkStatus
                0x08004740       0x40 build/obj/mac.o
                0x08004740                macPollLinkStatus
 .text.port_lock
                0x08004780       0x20 build/obj/sdc.o
 .text.port_unlock
                0x080047a0       0x20 build/obj/sdc.o
 .text.chSysLock
                0x080047c0       0x20 build/obj/sdc.o
 .text.chSysUnlock
                0x080047e0       0x40 build/obj/sdc.o
 .text.osalSysLock
                0x08004820       0x10 build/obj/sdc.o
 .text.osalSysUnlock
                0x08004830       0x10 build/obj/sdc.o
 .text.osalThreadSleep
                0x08004840       0x20 build/obj/sdc.o
 .text.mode_detect
                0x08004860       0xa0 build/obj/sdc.o
 .text.mmc_init
                0x08004900       0x70 build/obj/sdc.o
 .text.sdc_init
                0x08004970       0xb0 build/obj/sdc.o
 .text.mmc_cmd6_construct
                0x08004a20       0x50 build/obj/sdc.o
 .text.sdc_cmd6_construct
                0x08004a70       0x60 build/obj/sdc.o
 .text.sdc_cmd6_extract_info
                0x08004ad0       0x50 build/obj/sdc.o
 .text.sdc_cmd6_check_status
                0x08004b20       0x50 build/obj/sdc.o
 .text.sdc_detect_bus_clk
                0x08004b70      0x100 build/obj/sdc.o
 .text.mmc_detect_bus_clk
                0x08004c70       0x70 build/obj/sdc.o
 .text.detect_bus_clk
                0x08004ce0       0x40 build/obj/sdc.o
 .text.sdc_set_bus_width
                0x08004d20       0x80 build/obj/sdc.o
 .text.mmc_set_bus_width
                0x08004da0       0xa0 build/obj/sdc.o
 .text._sdc_wait_for_transfer_state
                0x08004e40       0x60 build/obj/sdc.o
                0x08004e40                _sdc_wait_for_transfer_state
 .text.sdcInit  0x08004ea0       0x10 build/obj/sdc.o
                0x08004ea0                sdcInit
 .text.sdcObjectInit
                0x08004eb0       0x40 build/obj/sdc.o
                0x08004eb0                sdcObjectInit
 .text.sdcConnect
                0x08004ef0      0x1f0 build/obj/sdc.o
                0x08004ef0                sdcConnect
 .text.sdcDisconnect
                0x080050e0       0x80 build/obj/sdc.o
                0x080050e0                sdcDisconnect
 .text.sdcRead  0x08005160       0x80 build/obj/sdc.o
                0x08005160                sdcRead
 .text.sdcWrite
                0x080051e0       0x80 build/obj/sdc.o
                0x080051e0                sdcWrite
 .text.sdcSync  0x08005260       0x50 build/obj/sdc.o
                0x08005260                sdcSync
 .text.sdcGetInfo
                0x080052b0       0x50 build/obj/sdc.o
                0x080052b0                sdcGetInfo
 .text.chEvtObjectInit
                0x08005300       0x20 build/obj/serial.o
 .text.chIQIsEmptyI
                0x08005320       0x30 build/obj/serial.o
 .text.osalEventObjectInit
                0x08005350       0x20 build/obj/serial.o
 .text.osalEventBroadcastFlagsI
                0x08005370       0x20 build/obj/serial.o
 .text.write    0x08005390       0x30 build/obj/serial.o
 .text.read     0x080053c0       0x30 build/obj/serial.o
 .text.put      0x080053f0       0x30 build/obj/serial.o
 .text.get      0x08005420       0x20 build/obj/serial.o
 .text.putt     0x08005440       0x30 build/obj/serial.o
 .text.gett     0x08005470       0x20 build/obj/serial.o
 .text.writet   0x08005490       0x30 build/obj/serial.o
 .text.readt    0x080054c0       0x30 build/obj/serial.o
 .text.sdInit   0x080054f0       0x10 build/obj/serial.o
                0x080054f0                sdInit
 .text.sdObjectInit
                0x08005500       0x70 build/obj/serial.o
                0x08005500                sdObjectInit
 .text.sdIncomingDataI
                0x08005570       0x70 build/obj/serial.o
                0x08005570                sdIncomingDataI
 .text.osalMutexObjectInit
                0x080055e0       0x20 build/obj/spi.o
 .text.spiInit  0x08005600       0x10 build/obj/spi.o
                0x08005600                spiInit
 .text.spiObjectInit
                0x08005610       0x30 build/obj/spi.o
                0x08005610                spiObjectInit
 .text.st_lld_start_alarm
                0x08005640       0x30 build/obj/st.o
 .text.st_lld_stop_alarm
                0x08005670       0x20 build/obj/st.o
 .text.st_lld_set_alarm
                0x08005690       0x20 build/obj/st.o
 .text.st_lld_is_alarm_active
                0x080056b0       0x30 build/obj/st.o
 .text.stInit   0x080056e0       0x10 build/obj/st.o
                0x080056e0                stInit
 .text.stStartAlarm
                0x080056f0       0x30 build/obj/st.o
                0x080056f0                stStartAlarm
 .text.stStopAlarm
                0x08005720       0x10 build/obj/st.o
                0x08005720                stStopAlarm
 .text.stSetAlarm
                0x08005730       0x30 build/obj/st.o
                0x08005730                stSetAlarm
 .text.port_lock
                0x08005760       0x20 build/obj/usb.o
 .text.port_unlock
                0x08005780       0x20 build/obj/usb.o
 .text.port_lock_from_isr
                0x080057a0       0x10 build/obj/usb.o
 .text.port_unlock_from_isr
                0x080057b0       0x10 build/obj/usb.o
 .text.chSysLockFromISR
                0x080057c0       0x20 build/obj/usb.o
 .text.chSysUnlockFromISR
                0x080057e0       0x20 build/obj/usb.o
 .text.osalSysLockFromISR
                0x08005800       0x10 build/obj/usb.o
 .text.osalSysUnlockFromISR
                0x08005810       0x10 build/obj/usb.o
 .text.get_hword
                0x08005820       0x30 build/obj/usb.o
 .text.set_address
                0x08005850       0x40 build/obj/usb.o
 .text.default_handler
                0x08005890      0x3b0 build/obj/usb.o
 .text.usbInit  0x08005c40       0x10 build/obj/usb.o
                0x08005c40                usbInit
 .text.usbObjectInit
                0x08005c50       0x60 build/obj/usb.o
                0x08005c50                usbObjectInit
 .text.usbPrepareReceive
                0x08005cb0       0x50 build/obj/usb.o
                0x08005cb0                usbPrepareReceive
 .text.usbPrepareTransmit
                0x08005d00       0x50 build/obj/usb.o
                0x08005d00                usbPrepareTransmit
 .text.usbStartReceiveI
                0x08005d50       0x70 build/obj/usb.o
                0x08005d50                usbStartReceiveI
 .text.usbStartTransmitI
                0x08005dc0       0x70 build/obj/usb.o
                0x08005dc0                usbStartTransmitI
 .text._usb_reset
                0x08005e30       0x70 build/obj/usb.o
                0x08005e30                _usb_reset
 .text._usb_ep0setup
                0x08005ea0      0x180 build/obj/usb.o
                0x08005ea0                _usb_ep0setup
 .text._usb_ep0in
                0x08006020      0x120 build/obj/usb.o
                0x08006020                _usb_ep0in
 .text._usb_ep0out
                0x08006140       0xd0 build/obj/usb.o
                0x08006140                _usb_ep0out
 .text.long_to_string_with_divisor
                0x08006210       0xb0 build/obj/chprintf.o
 .text.ch_ltoa  0x080062c0       0x30 build/obj/chprintf.o
 .text.ftoa     0x080062f0       0xb0 build/obj/chprintf.o
 .text.chvprintf
                0x080063a0      0x4c0 build/obj/chprintf.o
                0x080063a0                chvprintf
 .text.nvicEnableVector
                0x08006860       0x60 build/obj/nvic.o
                0x08006860                nvicEnableVector
 .text.Vector6C
                0x080068c0       0x50 build/obj/stm32_dma.o
                0x080068c0                Vector6C
 .text.Vector70
                0x08006910       0x50 build/obj/stm32_dma.o
                0x08006910                Vector70
 .text.Vector74
                0x08006960       0x50 build/obj/stm32_dma.o
                0x08006960                Vector74
 .text.Vector78
                0x080069b0       0x50 build/obj/stm32_dma.o
                0x080069b0                Vector78
 .text.Vector7C
                0x08006a00       0x50 build/obj/stm32_dma.o
                0x08006a00                Vector7C
 .text.Vector80
                0x08006a50       0x50 build/obj/stm32_dma.o
                0x08006a50                Vector80
 .text.Vector84
                0x08006aa0       0x50 build/obj/stm32_dma.o
                0x08006aa0                Vector84
 .text.VectorFC
                0x08006af0       0x50 build/obj/stm32_dma.o
                0x08006af0                VectorFC
 .text.Vector120
                0x08006b40       0x50 build/obj/stm32_dma.o
                0x08006b40                Vector120
 .text.Vector124
                0x08006b90       0x50 build/obj/stm32_dma.o
                0x08006b90                Vector124
 .text.Vector128
                0x08006be0       0x50 build/obj/stm32_dma.o
                0x08006be0                Vector128
 .text.Vector12C
                0x08006c30       0x50 build/obj/stm32_dma.o
                0x08006c30                Vector12C
 .text.Vector130
                0x08006c80       0x50 build/obj/stm32_dma.o
                0x08006c80                Vector130
 .text.Vector150
                0x08006cd0       0x50 build/obj/stm32_dma.o
                0x08006cd0                Vector150
 .text.Vector154
                0x08006d20       0x50 build/obj/stm32_dma.o
                0x08006d20                Vector154
 .text.Vector158
                0x08006d70       0x50 build/obj/stm32_dma.o
                0x08006d70                Vector158
 .text.dmaInit  0x08006dc0       0x80 build/obj/stm32_dma.o
                0x08006dc0                dmaInit
 .text.hal_lld_backup_domain_init
                0x08006e40       0x50 build/obj/hal_lld.o
 .text.hal_lld_init
                0x08006e90       0x70 build/obj/hal_lld.o
                0x08006e90                hal_lld_init
 .text.stm32_clock_init
                0x08006f00      0x120 build/obj/hal_lld.o
                0x08006f00                stm32_clock_init
 .text.port_lock
                0x08007020       0x20 build/obj/adc_lld.o
 .text.port_unlock
                0x08007040       0x20 build/obj/adc_lld.o
 .text.port_lock_from_isr
                0x08007060       0x10 build/obj/adc_lld.o
 .text.port_unlock_from_isr
                0x08007070       0x10 build/obj/adc_lld.o
 .text.chSysLockFromISR
                0x08007080       0x20 build/obj/adc_lld.o
 .text.chSysUnlockFromISR
                0x080070a0       0x20 build/obj/adc_lld.o
 .text.osalSysLockFromISR
                0x080070c0       0x10 build/obj/adc_lld.o
 .text.osalSysUnlockFromISR
                0x080070d0       0x10 build/obj/adc_lld.o
 .text.osalThreadResumeI
                0x080070e0       0x20 build/obj/adc_lld.o
 .text.Vector88
                0x08007100       0xa0 build/obj/adc_lld.o
                0x08007100                Vector88
 .text.adc_lld_init
                0x080071a0       0x40 build/obj/adc_lld.o
                0x080071a0                adc_lld_init
 .text.adc_lld_stop_conversion
                0x080071e0       0x70 build/obj/adc_lld.o
                0x080071e0                adc_lld_stop_conversion
 .text.port_lock
                0x08007250       0x20 build/obj/mac_lld.o
 .text.port_unlock
                0x08007270       0x20 build/obj/mac_lld.o
 .text.port_lock_from_isr
                0x08007290       0x10 build/obj/mac_lld.o
 .text.port_unlock_from_isr
                0x080072a0       0x10 build/obj/mac_lld.o
 .text.chSysLock
                0x080072b0       0x20 build/obj/mac_lld.o
 .text.chSysUnlock
                0x080072d0       0x40 build/obj/mac_lld.o
 .text.chSysLockFromISR
                0x08007310       0x20 build/obj/mac_lld.o
 .text.chSysUnlockFromISR
                0x08007330       0x20 build/obj/mac_lld.o
 .text.osalSysHalt
                0x08007350       0x20 build/obj/mac_lld.o
 .text.osalSysLock
                0x08007370       0x10 build/obj/mac_lld.o
 .text.osalSysUnlock
                0x08007380       0x10 build/obj/mac_lld.o
 .text.osalSysLockFromISR
                0x08007390       0x10 build/obj/mac_lld.o
 .text.osalSysUnlockFromISR
                0x080073a0       0x10 build/obj/mac_lld.o
 .text.osalThreadDequeueAllI
                0x080073b0       0x20 build/obj/mac_lld.o
 .text.osalEventBroadcastFlagsI
                0x080073d0       0x20 build/obj/mac_lld.o
 .text.mii_write
                0x080073f0       0x40 build/obj/mac_lld.o
                0x080073f0                mii_write
 .text.mii_read
                0x08007430       0x40 build/obj/mac_lld.o
                0x08007430                mii_read
 .text.mii_find_phy
                0x08007470       0x80 build/obj/mac_lld.o
 .text.mac_lld_set_address
                0x080074f0       0x90 build/obj/mac_lld.o
 .text.Vector134
                0x08007580       0x90 build/obj/mac_lld.o
                0x08007580                Vector134
 .text.mac_lld_init
                0x08007610      0x160 build/obj/mac_lld.o
                0x08007610                mac_lld_init
 .text.mac_lld_start
                0x08007770      0x150 build/obj/mac_lld.o
                0x08007770                mac_lld_start
 .text.mac_lld_get_transmit_descriptor
                0x080078c0       0x80 build/obj/mac_lld.o
                0x080078c0                mac_lld_get_transmit_descriptor
 .text.mac_lld_release_transmit_descriptor
                0x08007940       0x70 build/obj/mac_lld.o
                0x08007940                mac_lld_release_transmit_descriptor
 .text.mac_lld_get_receive_descriptor
                0x080079b0       0xa0 build/obj/mac_lld.o
                0x080079b0                mac_lld_get_receive_descriptor
 .text.mac_lld_release_receive_descriptor
                0x08007a50       0x70 build/obj/mac_lld.o
                0x08007a50                mac_lld_release_receive_descriptor
 .text.mac_lld_poll_link_status
                0x08007ac0      0x100 build/obj/mac_lld.o
                0x08007ac0                mac_lld_poll_link_status
 .text.mac_lld_write_transmit_descriptor
                0x08007bc0       0x70 build/obj/mac_lld.o
                0x08007bc0                mac_lld_write_transmit_descriptor
 .text.mac_lld_read_receive_descriptor
                0x08007c30       0x70 build/obj/mac_lld.o
                0x08007c30                mac_lld_read_receive_descriptor
 .text.port_lock
                0x08007ca0       0x20 build/obj/sdc_lld.o
 .text.port_unlock
                0x08007cc0       0x20 build/obj/sdc_lld.o
 .text.port_lock_from_isr
                0x08007ce0       0x10 build/obj/sdc_lld.o
 .text.port_unlock_from_isr
                0x08007cf0       0x10 build/obj/sdc_lld.o
 .text.chSysLock
                0x08007d00       0x20 build/obj/sdc_lld.o
 .text.chSysUnlock
                0x08007d20       0x40 build/obj/sdc_lld.o
 .text.chSysLockFromISR
                0x08007d60       0x20 build/obj/sdc_lld.o
 .text.chSysUnlockFromISR
                0x08007d80       0x20 build/obj/sdc_lld.o
 .text.osalSysLock
                0x08007da0       0x10 build/obj/sdc_lld.o
 .text.osalSysUnlock
                0x08007db0       0x10 build/obj/sdc_lld.o
 .text.osalSysLockFromISR
                0x08007dc0       0x10 build/obj/sdc_lld.o
 .text.osalSysUnlockFromISR
                0x08007dd0       0x10 build/obj/sdc_lld.o
 .text.osalThreadSleep
                0x08007de0       0x20 build/obj/sdc_lld.o
 .text.osalThreadSuspendS
                0x08007e00       0x20 build/obj/sdc_lld.o
 .text.osalThreadResumeI
                0x08007e20       0x20 build/obj/sdc_lld.o
 .text.sdc_lld_prepare_read_bytes
                0x08007e40       0xa0 build/obj/sdc_lld.o
 .text.sdc_lld_prepare_read
                0x08007ee0       0x80 build/obj/sdc_lld.o
 .text.sdc_lld_prepare_write
                0x08007f60       0x80 build/obj/sdc_lld.o
 .text.sdc_lld_wait_transaction_end
                0x08007fe0       0xa0 build/obj/sdc_lld.o
 .text.sdc_lld_collect_errors
                0x08008080       0xb0 build/obj/sdc_lld.o
 .text.sdc_lld_error_cleanup
                0x08008130       0xa0 build/obj/sdc_lld.o
 .text.Vector104
                0x080081d0       0x40 build/obj/sdc_lld.o
                0x080081d0                Vector104
 .text.sdc_lld_init
                0x08008210       0x30 build/obj/sdc_lld.o
                0x08008210                sdc_lld_init
 .text.sdc_lld_start_clk
                0x08008240       0x40 build/obj/sdc_lld.o
                0x08008240                sdc_lld_start_clk
 .text.sdc_lld_set_data_clk
                0x08008280       0x30 build/obj/sdc_lld.o
                0x08008280                sdc_lld_set_data_clk
 .text.sdc_lld_stop_clk
                0x080082b0       0x30 build/obj/sdc_lld.o
                0x080082b0                sdc_lld_stop_clk
 .text.sdc_lld_set_bus_mode
                0x080082e0       0x60 build/obj/sdc_lld.o
                0x080082e0                sdc_lld_set_bus_mode
 .text.sdc_lld_send_cmd_none
                0x08008340       0x50 build/obj/sdc_lld.o
                0x08008340                sdc_lld_send_cmd_none
 .text.sdc_lld_send_cmd_short
                0x08008390       0x80 build/obj/sdc_lld.o
                0x08008390                sdc_lld_send_cmd_short
 .text.sdc_lld_send_cmd_short_crc
                0x08008410       0x80 build/obj/sdc_lld.o
                0x08008410                sdc_lld_send_cmd_short_crc
 .text.sdc_lld_send_cmd_long_crc
                0x08008490       0xa0 build/obj/sdc_lld.o
                0x08008490                sdc_lld_send_cmd_long_crc
 .text.sdc_lld_read_special
                0x08008530       0x80 build/obj/sdc_lld.o
                0x08008530                sdc_lld_read_special
 .text.sdc_lld_read_aligned
                0x080085b0       0xf0 build/obj/sdc_lld.o
                0x080085b0                sdc_lld_read_aligned
 .text.sdc_lld_write_aligned
                0x080086a0       0xf0 build/obj/sdc_lld.o
                0x080086a0                sdc_lld_write_aligned
 .text.sdc_lld_read
                0x08008790       0x90 build/obj/sdc_lld.o
                0x08008790                sdc_lld_read
 .text.sdc_lld_write
                0x08008820       0x90 build/obj/sdc_lld.o
                0x08008820                sdc_lld_write
 .text.sdc_lld_sync
                0x080088b0       0x20 build/obj/sdc_lld.o
                0x080088b0                sdc_lld_sync
 .text.initgpio
                0x080088d0       0x50 build/obj/pal_lld.o
 .text._pal_lld_init
                0x08008920       0xc0 build/obj/pal_lld.o
                0x08008920                _pal_lld_init
 .text.port_lock
                0x080089e0       0x20 build/obj/usb_lld.o
 .text.port_unlock
                0x08008a00       0x20 build/obj/usb_lld.o
 .text.port_lock_from_isr
                0x08008a20       0x10 build/obj/usb_lld.o
 .text.port_unlock_from_isr
                0x08008a30       0x10 build/obj/usb_lld.o
 .text.chSysLockFromISR
                0x08008a40       0x20 build/obj/usb_lld.o
 .text.chSysUnlockFromISR
                0x08008a60       0x20 build/obj/usb_lld.o
 .text.osalSysLockFromISR
                0x08008a80       0x10 build/obj/usb_lld.o
 .text.osalSysUnlockFromISR
                0x08008a90       0x10 build/obj/usb_lld.o
 .text.osalSysPolledDelayX
                0x08008aa0       0x20 build/obj/usb_lld.o
 .text.osalThreadResumeI
                0x08008ac0       0x20 build/obj/usb_lld.o
 .text.otg_rxfifo_flush
                0x08008ae0       0x30 build/obj/usb_lld.o
 .text.otg_txfifo_flush
                0x08008b10       0x40 build/obj/usb_lld.o
 .text.otg_ram_reset
                0x08008b50       0x20 build/obj/usb_lld.o
 .text.otg_ram_alloc
                0x08008b70       0x40 build/obj/usb_lld.o
 .text.otg_epin_handler
                0x08008bb0      0x130 build/obj/usb_lld.o
 .text.otg_epout_handler
                0x08008ce0      0x100 build/obj/usb_lld.o
 .text.usb_lld_serve_interrupt
                0x08008de0      0x1a0 build/obj/usb_lld.o
 .text.Vector14C
                0x08008f80       0x20 build/obj/usb_lld.o
                0x08008f80                Vector14C
 .text.Vector174
                0x08008fa0       0x20 build/obj/usb_lld.o
                0x08008fa0                Vector174
 .text.usb_lld_init
                0x08008fc0       0xc0 build/obj/usb_lld.o
                0x08008fc0                usb_lld_init
 .text.usb_lld_reset
                0x08009080      0x130 build/obj/usb_lld.o
                0x08009080                usb_lld_reset
 .text.usb_lld_set_address
                0x080091b0       0x40 build/obj/usb_lld.o
                0x080091b0                usb_lld_set_address
 .text.usb_lld_get_status_out
                0x080091f0       0x50 build/obj/usb_lld.o
                0x080091f0                usb_lld_get_status_out
 .text.usb_lld_get_status_in
                0x08009240       0x50 build/obj/usb_lld.o
                0x08009240                usb_lld_get_status_in
 .text.usb_lld_read_setup
                0x08009290       0x30 build/obj/usb_lld.o
                0x08009290                usb_lld_read_setup
 .text.usb_lld_prepare_receive
                0x080092c0       0x90 build/obj/usb_lld.o
                0x080092c0                usb_lld_prepare_receive
 .text.usb_lld_prepare_transmit
                0x08009350       0xb0 build/obj/usb_lld.o
                0x08009350                usb_lld_prepare_transmit
 .text.usb_lld_start_out
                0x08009400       0x40 build/obj/usb_lld.o
                0x08009400                usb_lld_start_out
 .text.usb_lld_start_in
                0x08009440       0x50 build/obj/usb_lld.o
                0x08009440                usb_lld_start_in
 .text.usb_lld_stall_out
                0x08009490       0x40 build/obj/usb_lld.o
                0x08009490                usb_lld_stall_out
 .text.usb_lld_stall_in
                0x080094d0       0x40 build/obj/usb_lld.o
                0x080094d0                usb_lld_stall_in
 .text.usb_lld_clear_out
                0x08009510       0x40 build/obj/usb_lld.o
                0x08009510                usb_lld_clear_out
 .text.usb_lld_clear_in
                0x08009550       0x40 build/obj/usb_lld.o
                0x08009550                usb_lld_clear_in
 .text.spi_lld_init
                0x08009590       0x50 build/obj/spi_lld.o
                0x08009590                spi_lld_init
 .text.port_lock
                0x080095e0       0x20 build/obj/st_lld.o
 .text.port_unlock
                0x08009600       0x20 build/obj/st_lld.o
 .text.port_lock_from_isr
                0x08009620       0x10 build/obj/st_lld.o
 .text.port_unlock_from_isr
                0x08009630       0x10 build/obj/st_lld.o
 .text.chSysLockFromISR
                0x08009640       0x20 build/obj/st_lld.o
 .text.chSysUnlockFromISR
                0x08009660       0x20 build/obj/st_lld.o
 .text.osalSysLockFromISR
                0x08009680       0x10 build/obj/st_lld.o
 .text.osalSysUnlockFromISR
                0x08009690       0x10 build/obj/st_lld.o
 .text.osalOsTimerHandlerI
                0x080096a0       0x10 build/obj/st_lld.o
 .text.VectorB0
                0x080096b0       0x40 build/obj/st_lld.o
                0x080096b0                VectorB0
 .text.st_lld_init
                0x080096f0       0x80 build/obj/st_lld.o
                0x080096f0                st_lld_init
 .text.port_lock
                0x08009770       0x20 build/obj/serial_lld.o
 .text.port_unlock
                0x08009790       0x20 build/obj/serial_lld.o
 .text.port_lock_from_isr
                0x080097b0       0x10 build/obj/serial_lld.o
 .text.port_unlock_from_isr
                0x080097c0       0x10 build/obj/serial_lld.o
 .text.chSysLockFromISR
                0x080097d0       0x20 build/obj/serial_lld.o
 .text.chSysUnlockFromISR
                0x080097f0       0x20 build/obj/serial_lld.o
 .text.chOQIsEmptyI
                0x08009810       0x40 build/obj/serial_lld.o
 .text.osalSysLockFromISR
                0x08009850       0x10 build/obj/serial_lld.o
 .text.osalSysUnlockFromISR
                0x08009860       0x10 build/obj/serial_lld.o
 .text.osalEventBroadcastFlagsI
                0x08009870       0x20 build/obj/serial_lld.o
 .text.set_error
                0x08009890       0x70 build/obj/serial_lld.o
 .text.serve_interrupt
                0x08009900      0x130 build/obj/serial_lld.o
 .text.notify1  0x08009a30       0x30 build/obj/serial_lld.o
 .text.notify4  0x08009a60       0x30 build/obj/serial_lld.o
 .text.VectorD4
                0x08009a90       0x20 build/obj/serial_lld.o
                0x08009a90                VectorD4
 .text.Vector110
                0x08009ab0       0x20 build/obj/serial_lld.o
                0x08009ab0                Vector110
 .text.sd_lld_init
                0x08009ad0       0x50 build/obj/serial_lld.o
                0x08009ad0                sd_lld_init
 .text.__early_init
                0x08009b20       0x10 build/obj/board.o
                0x08009b20                __early_init
 .text.sdc_lld_is_card_inserted
                0x08009b30       0x60 build/obj/board.o
                0x08009b30                sdc_lld_is_card_inserted
 .text.sdc_lld_is_write_protected
                0x08009b90       0x20 build/obj/board.o
                0x08009b90                sdc_lld_is_write_protected
 .text.boardInit
                0x08009bb0       0x30 build/obj/board.o
                0x08009bb0                boardInit
 .text.port_lock
                0x08009be0       0x20 build/obj/lwipthread.o
 .text.port_unlock
                0x08009c00       0x20 build/obj/lwipthread.o
 .text.chSysLock
                0x08009c20       0x20 build/obj/lwipthread.o
 .text.chSysUnlock
                0x08009c40       0x40 build/obj/lwipthread.o
 .text.chThdGetSelfX
                0x08009c80       0x20 build/obj/lwipthread.o
 .text.chThdGetPriorityX
                0x08009ca0       0x10 build/obj/lwipthread.o
 .text.chRegSetThreadName
                0x08009cb0       0x20 build/obj/lwipthread.o
 .text.chEvtRegisterMask
                0x08009cd0       0x20 build/obj/lwipthread.o
 .text.low_level_init
                0x08009cf0       0x30 build/obj/lwipthread.o
 .text.low_level_output
                0x08009d20       0x80 build/obj/lwipthread.o
 .text.low_level_input
                0x08009da0       0xb0 build/obj/lwipthread.o
 .text.ethernetif_init
                0x08009e50       0x50 build/obj/lwipthread.o
 .text.lwip_thread
                0x08009ea0      0x200 build/obj/lwipthread.o
 .text.lwipInit
                0x0800a0a0       0x50 build/obj/lwipthread.o
                0x0800a0a0                lwipInit
 .text.port_lock
                0x0800a0f0       0x20 build/obj/sys_arch.o
 .text.port_unlock
                0x0800a110       0x20 build/obj/sys_arch.o
 .text.st_lld_get_counter
                0x0800a130       0x20 build/obj/sys_arch.o
 .text.port_timer_get_time
                0x0800a150       0x10 build/obj/sys_arch.o
 .text.chSysLock
                0x0800a160       0x20 build/obj/sys_arch.o
 .text.chSysUnlock
                0x0800a180       0x40 build/obj/sys_arch.o
 .text.chVTGetSystemTimeX
                0x0800a1c0       0x10 build/obj/sys_arch.o
 .text.chThdStartI
                0x0800a1d0       0x30 build/obj/sys_arch.o
 .text.chRegSetThreadNameX
                0x0800a200       0x20 build/obj/sys_arch.o
 .text.chSemGetCounterI
                0x0800a220       0x20 build/obj/sys_arch.o
 .text.chMBGetUsedCountI
                0x0800a240       0x20 build/obj/sys_arch.o
 .text.osalSysLock
                0x0800a260       0x10 build/obj/sys_arch.o
 .text.osalSysUnlock
                0x0800a270       0x10 build/obj/sys_arch.o
 .text.osalOsGetSystemTimeX
                0x0800a280       0x10 build/obj/sys_arch.o
 .text.sys_init
                0x0800a290       0x10 build/obj/sys_arch.o
                0x0800a290                sys_init
 .text.sys_sem_new
                0x0800a2a0       0x80 build/obj/sys_arch.o
                0x0800a2a0                sys_sem_new
 .text.sys_sem_free
                0x0800a320       0x40 build/obj/sys_arch.o
                0x0800a320                sys_sem_free
 .text.sys_sem_signal
                0x0800a360       0x20 build/obj/sys_arch.o
                0x0800a360                sys_sem_signal
 .text.sys_arch_sem_wait
                0x0800a380       0x60 build/obj/sys_arch.o
                0x0800a380                sys_arch_sem_wait
 .text.sys_sem_valid
                0x0800a3e0       0x30 build/obj/sys_arch.o
                0x0800a3e0                sys_sem_valid
 .text.sys_sem_set_invalid
                0x0800a410       0x20 build/obj/sys_arch.o
                0x0800a410                sys_sem_set_invalid
 .text.sys_mbox_new
                0x0800a430       0x70 build/obj/sys_arch.o
                0x0800a430                sys_mbox_new
 .text.sys_mbox_free
                0x0800a4a0       0x70 build/obj/sys_arch.o
                0x0800a4a0                sys_mbox_free
 .text.sys_mbox_post
                0x0800a510       0x30 build/obj/sys_arch.o
                0x0800a510                sys_mbox_post
 .text.sys_mbox_trypost
                0x0800a540       0x50 build/obj/sys_arch.o
                0x0800a540                sys_mbox_trypost
 .text.sys_arch_mbox_fetch
                0x0800a590       0x60 build/obj/sys_arch.o
                0x0800a590                sys_arch_mbox_fetch
 .text.sys_arch_mbox_tryfetch
                0x0800a5f0       0x30 build/obj/sys_arch.o
                0x0800a5f0                sys_arch_mbox_tryfetch
 .text.sys_mbox_valid
                0x0800a620       0x30 build/obj/sys_arch.o
                0x0800a620                sys_mbox_valid
 .text.sys_mbox_set_invalid
                0x0800a650       0x20 build/obj/sys_arch.o
                0x0800a650                sys_mbox_set_invalid
 .text.sys_thread_new
                0x0800a670       0x90 build/obj/sys_arch.o
                0x0800a670                sys_thread_new
 .text.osalSysHalt
                0x0800a700       0x20 build/obj/etharp.o
 .text.etharp_free_entry
                0x0800a720       0x70 build/obj/etharp.o
 .text.etharp_tmr
                0x0800a790       0xe0 build/obj/etharp.o
                0x0800a790                etharp_tmr
 .text.etharp_find_entry
                0x0800a870      0x260 build/obj/etharp.o
 .text.etharp_send_ip
                0x0800aad0       0x70 build/obj/etharp.o
 .text.etharp_update_arp_entry
                0x0800ab40      0x140 build/obj/etharp.o
 .text.etharp_arp_input
                0x0800ac80      0x1f0 build/obj/etharp.o
 .text.etharp_output_to_arp_index
                0x0800ae70       0xc0 build/obj/etharp.o
 .text.etharp_output
                0x0800af30      0x1e0 build/obj/etharp.o
                0x0800af30                etharp_output
 .text.etharp_query
                0x0800b110      0x280 build/obj/etharp.o
                0x0800b110                etharp_query
 .text.etharp_raw
                0x0800b390      0x150 build/obj/etharp.o
 .text.etharp_request
                0x0800b4e0       0x50 build/obj/etharp.o
                0x0800b4e0                etharp_request
 .text.ethernet_input
                0x0800b530      0x140 build/obj/etharp.o
                0x0800b530                ethernet_input
 .text.lwip_init
                0x0800b670       0x30 build/obj/init.o
                0x0800b670                lwip_init
 .text.osalSysHalt
                0x0800b6a0       0x20 build/obj/mem.o
 .text.plug_holes
                0x0800b6c0      0x110 build/obj/mem.o
 .text.mem_init
                0x0800b7d0       0xa0 build/obj/mem.o
                0x0800b7d0                mem_init
 .text.mem_free
                0x0800b870       0xf0 build/obj/mem.o
                0x0800b870                mem_free
 .text.mem_trim
                0x0800b960      0x200 build/obj/mem.o
                0x0800b960                mem_trim
 .text.mem_malloc
                0x0800bb60      0x250 build/obj/mem.o
                0x0800bb60                mem_malloc
 .text.osalSysHalt
                0x0800bdb0       0x20 build/obj/memp.o
 .text.memp_init
                0x0800bdd0      0x100 build/obj/memp.o
                0x0800bdd0                memp_init
 .text.memp_malloc
                0x0800bed0      0x110 build/obj/memp.o
                0x0800bed0                memp_malloc
 .text.memp_free
                0x0800bfe0       0x80 build/obj/memp.o
                0x0800bfe0                memp_free
 .text.osalSysHalt
                0x0800c060       0x20 build/obj/netif.o
 .text.netif_init
                0x0800c080       0x10 build/obj/netif.o
                0x0800c080                netif_init
 .text.netif_add
                0x0800c090       0xa0 build/obj/netif.o
                0x0800c090                netif_add
 .text.netif_set_addr
                0x0800c130       0x30 build/obj/netif.o
                0x0800c130                netif_set_addr
 .text.netif_set_ipaddr
                0x0800c160       0xb0 build/obj/netif.o
                0x0800c160                netif_set_ipaddr
 .text.netif_set_gw
                0x0800c210       0x30 build/obj/netif.o
                0x0800c210                netif_set_gw
 .text.netif_set_netmask
                0x0800c240       0x30 build/obj/netif.o
                0x0800c240                netif_set_netmask
 .text.netif_set_default
                0x0800c270       0x20 build/obj/netif.o
                0x0800c270                netif_set_default
 .text.netif_set_up
                0x0800c290       0x60 build/obj/netif.o
                0x0800c290                netif_set_up
 .text.netif_set_link_up
                0x0800c2f0       0x60 build/obj/netif.o
                0x0800c2f0                netif_set_link_up
 .text.netif_set_link_down
                0x0800c350       0x40 build/obj/netif.o
                0x0800c350                netif_set_link_down
 .text.osalSysHalt
                0x0800c390       0x20 build/obj/pbuf.o
 .text.pbuf_free_ooseq
                0x0800c3b0       0x50 build/obj/pbuf.o
 .text.pbuf_free_ooseq_callback
                0x0800c400       0x20 build/obj/pbuf.o
 .text.pbuf_pool_is_empty
                0x0800c420       0x40 build/obj/pbuf.o
 .text.pbuf_alloc
                0x0800c460      0x2c0 build/obj/pbuf.o
                0x0800c460                pbuf_alloc
 .text.pbuf_alloced_custom
                0x0800c720       0xc0 build/obj/pbuf.o
                0x0800c720                pbuf_alloced_custom
 .text.pbuf_realloc
                0x0800c7e0      0x120 build/obj/pbuf.o
                0x0800c7e0                pbuf_realloc
 .text.pbuf_header
                0x0800c900      0x100 build/obj/pbuf.o
                0x0800c900                pbuf_header
 .text.pbuf_free
                0x0800ca00      0x100 build/obj/pbuf.o
                0x0800ca00                pbuf_free
 .text.pbuf_clen
                0x0800cb00       0x30 build/obj/pbuf.o
                0x0800cb00                pbuf_clen
 .text.pbuf_ref
                0x0800cb30       0x30 build/obj/pbuf.o
                0x0800cb30                pbuf_ref
 .text.pbuf_cat
                0x0800cb60       0x90 build/obj/pbuf.o
                0x0800cb60                pbuf_cat
 .text.pbuf_copy
                0x0800cbf0      0x160 build/obj/pbuf.o
                0x0800cbf0                pbuf_copy
 .text.pbuf_copy_partial
                0x0800cd50       0xe0 build/obj/pbuf.o
                0x0800cd50                pbuf_copy_partial
 .text.raw_input
                0x0800ce30       0xc0 build/obj/raw.o
                0x0800ce30                raw_input
 .text.raw_bind
                0x0800cef0       0x30 build/obj/raw.o
                0x0800cef0                raw_bind
 .text.raw_recv
                0x0800cf20       0x30 build/obj/raw.o
                0x0800cf20                raw_recv
 .text.raw_remove
                0x0800cf50       0x60 build/obj/raw.o
                0x0800cf50                raw_remove
 .text.raw_new  0x0800cfb0       0x50 build/obj/raw.o
                0x0800cfb0                raw_new
 .text.stats_init
                0x0800d000       0x10 build/obj/stats.o
                0x0800d000                stats_init
 .text.osalSysHalt
                0x0800d010       0x20 build/obj/tcp.o
 .text.tcp_init
                0x0800d030       0x10 build/obj/tcp.o
                0x0800d030                tcp_init
 .text.tcp_tmr  0x0800d040       0x30 build/obj/tcp.o
                0x0800d040                tcp_tmr
 .text.tcp_close_shutdown
                0x0800d070      0x260 build/obj/tcp.o
 .text.tcp_close
                0x0800d2d0       0x30 build/obj/tcp.o
                0x0800d2d0                tcp_close
 .text.tcp_shutdown
                0x0800d300       0x90 build/obj/tcp.o
                0x0800d300                tcp_shutdown
 .text.tcp_abandon
                0x0800d390       0xe0 build/obj/tcp.o
                0x0800d390                tcp_abandon
 .text.tcp_abort
                0x0800d470       0x20 build/obj/tcp.o
                0x0800d470                tcp_abort
 .text.tcp_bind
                0x0800d490       0xf0 build/obj/tcp.o
                0x0800d490                tcp_bind
 .text.tcp_accept_null
                0x0800d580       0x20 build/obj/tcp.o
 .text.tcp_listen_with_backlog
                0x0800d5a0      0x120 build/obj/tcp.o
                0x0800d5a0                tcp_listen_with_backlog
 .text.tcp_update_rcv_ann_wnd
                0x0800d6c0       0x90 build/obj/tcp.o
                0x0800d6c0                tcp_update_rcv_ann_wnd
 .text.tcp_recved
                0x0800d750       0x90 build/obj/tcp.o
                0x0800d750                tcp_recved
 .text.tcp_new_port
                0x0800d7e0       0x90 build/obj/tcp.o
 .text.tcp_slowtmr
                0x0800d870      0x500 build/obj/tcp.o
                0x0800d870                tcp_slowtmr
 .text.tcp_fasttmr
                0x0800dd70       0xa0 build/obj/tcp.o
                0x0800dd70                tcp_fasttmr
 .text.tcp_process_refused_data
                0x0800de10       0xd0 build/obj/tcp.o
                0x0800de10                tcp_process_refused_data
 .text.tcp_segs_free
                0x0800dee0       0x30 build/obj/tcp.o
                0x0800dee0                tcp_segs_free
 .text.tcp_seg_free
                0x0800df10       0x30 build/obj/tcp.o
                0x0800df10                tcp_seg_free
 .text.tcp_seg_copy
                0x0800df40       0x40 build/obj/tcp.o
                0x0800df40                tcp_seg_copy
 .text.tcp_recv_null
                0x0800df80       0x50 build/obj/tcp.o
                0x0800df80                tcp_recv_null
 .text.tcp_kill_prio
                0x0800dfd0       0x80 build/obj/tcp.o
 .text.tcp_kill_timewait
                0x0800e050       0x60 build/obj/tcp.o
 .text.tcp_alloc
                0x0800e0b0      0x150 build/obj/tcp.o
                0x0800e0b0                tcp_alloc
 .text.tcp_new  0x0800e200       0x10 build/obj/tcp.o
                0x0800e200                tcp_new
 .text.tcp_arg  0x0800e210       0x20 build/obj/tcp.o
                0x0800e210                tcp_arg
 .text.tcp_recv
                0x0800e230       0x30 build/obj/tcp.o
                0x0800e230                tcp_recv
 .text.tcp_sent
                0x0800e260       0x30 build/obj/tcp.o
                0x0800e260                tcp_sent
 .text.tcp_err  0x0800e290       0x30 build/obj/tcp.o
                0x0800e290                tcp_err
 .text.tcp_accept
                0x0800e2c0       0x20 build/obj/tcp.o
                0x0800e2c0                tcp_accept
 .text.tcp_poll
                0x0800e2e0       0x40 build/obj/tcp.o
                0x0800e2e0                tcp_poll
 .text.tcp_pcb_purge
                0x0800e320       0x80 build/obj/tcp.o
                0x0800e320                tcp_pcb_purge
 .text.tcp_pcb_remove
                0x0800e3a0       0xe0 build/obj/tcp.o
                0x0800e3a0                tcp_pcb_remove
 .text.tcp_next_iss
                0x0800e480       0x30 build/obj/tcp.o
                0x0800e480                tcp_next_iss
 .text.tcp_eff_send_mss
                0x0800e4b0       0x40 build/obj/tcp.o
                0x0800e4b0                tcp_eff_send_mss
 .text.osalSysHalt
                0x0800e4f0       0x20 build/obj/tcp_in.o
 .text.tcp_input
                0x0800e510      0x730 build/obj/tcp_in.o
                0x0800e510                tcp_input
 .text.tcp_listen_input
                0x0800ec40      0x1b0 build/obj/tcp_in.o
 .text.tcp_timewait_input
                0x0800edf0       0xe0 build/obj/tcp_in.o
 .text.tcp_process
                0x0800eed0      0x700 build/obj/tcp_in.o
 .text.tcp_oos_insert_segment
                0x0800f5d0       0xf0 build/obj/tcp_in.o
 .text.tcp_receive
                0x0800f6c0      0xfb0 build/obj/tcp_in.o
 .text.tcp_parseopt
                0x08010670      0x100 build/obj/tcp_in.o
 .text.osalSysHalt
                0x08010770       0x20 build/obj/tcp_out.o
 .text.tcp_output_alloc_header
                0x08010790       0xf0 build/obj/tcp_out.o
 .text.tcp_send_fin
                0x08010880       0x80 build/obj/tcp_out.o
                0x08010880                tcp_send_fin
 .text.tcp_create_segment
                0x08010900      0x120 build/obj/tcp_out.o
 .text.tcp_pbuf_prealloc
                0x08010a20       0xc0 build/obj/tcp_out.o
 .text.tcp_write_checks
                0x08010ae0       0xf0 build/obj/tcp_out.o
 .text.tcp_write
                0x08010bd0      0x510 build/obj/tcp_out.o
                0x08010bd0                tcp_write
 .text.tcp_enqueue_flags
                0x080110e0      0x230 build/obj/tcp_out.o
                0x080110e0                tcp_enqueue_flags
 .text.tcp_send_empty_ack
                0x08011310       0xa0 build/obj/tcp_out.o
                0x08011310                tcp_send_empty_ack
 .text.tcp_output
                0x080113b0      0x2d0 build/obj/tcp_out.o
                0x080113b0                tcp_output
 .text.tcp_output_segment
                0x08011680      0x190 build/obj/tcp_out.o
 .text.tcp_rst  0x08011810      0x100 build/obj/tcp_out.o
                0x08011810                tcp_rst
 .text.tcp_rexmit_rto
                0x08011910       0x60 build/obj/tcp_out.o
                0x08011910                tcp_rexmit_rto
 .text.tcp_rexmit
                0x08011970       0xa0 build/obj/tcp_out.o
                0x08011970                tcp_rexmit
 .text.tcp_rexmit_fast
                0x08011a10       0xb0 build/obj/tcp_out.o
                0x08011a10                tcp_rexmit_fast
 .text.tcp_keepalive
                0x08011ac0       0x90 build/obj/tcp_out.o
                0x08011ac0                tcp_keepalive
 .text.tcp_zero_window_probe
                0x08011b50      0x120 build/obj/tcp_out.o
                0x08011b50                tcp_zero_window_probe
 .text.osalSysHalt
                0x08011c70       0x20 build/obj/udp.o
 .text.udp_init
                0x08011c90       0x10 build/obj/udp.o
                0x08011c90                udp_init
 .text.udp_new_port
                0x08011ca0       0x80 build/obj/udp.o
 .text.udp_input
                0x08011d20      0x310 build/obj/udp.o
                0x08011d20                udp_input
 .text.udp_bind
                0x08012030       0xd0 build/obj/udp.o
                0x08012030                udp_bind
 .text.udp_recv
                0x08012100       0x30 build/obj/udp.o
                0x08012100                udp_recv
 .text.udp_remove
                0x08012130       0x60 build/obj/udp.o
                0x08012130                udp_remove
 .text.udp_new  0x08012190       0x30 build/obj/udp.o
                0x08012190                udp_new
 .text.osalSysHalt
                0x080121c0       0x20 build/obj/icmp.o
 .text.icmp_input
                0x080121e0      0x2d0 build/obj/icmp.o
                0x080121e0                icmp_input
 .text.icmp_dest_unreach
                0x080124b0       0x20 build/obj/icmp.o
                0x080124b0                icmp_dest_unreach
 .text.icmp_time_exceeded
                0x080124d0       0x20 build/obj/icmp.o
                0x080124d0                icmp_time_exceeded
 .text.icmp_send_response
                0x080124f0       0xe0 build/obj/icmp.o
 .text.lwip_standard_chksum
                0x080125d0       0xc0 build/obj/inet_chksum.o
 .text.inet_chksum_pseudo
                0x08012690      0x110 build/obj/inet_chksum.o
                0x08012690                inet_chksum_pseudo
 .text.inet_chksum
                0x080127a0       0x30 build/obj/inet_chksum.o
                0x080127a0                inet_chksum
 .text.inet_chksum_pbuf
                0x080127d0       0xa0 build/obj/inet_chksum.o
                0x080127d0                inet_chksum_pbuf
 .text.osalSysHalt
                0x08012870       0x20 build/obj/ip.o
 .text.ip_route
                0x08012890       0x90 build/obj/ip.o
                0x08012890                ip_route
 .text.ip_input
                0x08012920      0x2e0 build/obj/ip.o
                0x08012920                ip_input
 .text.ip_output_if
                0x08012c00      0x1f0 build/obj/ip.o
                0x08012c00                ip_output_if
 .text.ip_output
                0x08012df0       0x70 build/obj/ip.o
                0x08012df0                ip_output
 .text.ip4_addr_isbroadcast
                0x08012e60       0x80 build/obj/ip_addr.o
                0x08012e60                ip4_addr_isbroadcast
 .text.osalSysHalt
                0x08012ee0       0x20 build/obj/ip_frag.o
 .text.ip_reass_tmr
                0x08012f00       0x60 build/obj/ip_frag.o
                0x08012f00                ip_reass_tmr
 .text.ip_reass_free_complete_datagram
                0x08012f60      0x130 build/obj/ip_frag.o
 .text.ip_reass_remove_oldest_datagram
                0x08013090       0xc0 build/obj/ip_frag.o
 .text.ip_reass_enqueue_new_datagram
                0x08013150       0x90 build/obj/ip_frag.o
 .text.ip_reass_dequeue_datagram
                0x080131e0       0x50 build/obj/ip_frag.o
 .text.ip_reass_chain_frag_into_datagram_and_validate
                0x08013230      0x270 build/obj/ip_frag.o
 .text.ip_reass
                0x080134a0      0x290 build/obj/ip_frag.o
                0x080134a0                ip_reass
 .text.ip_frag_alloc_pbuf_custom_ref
                0x08013730       0x10 build/obj/ip_frag.o
 .text.ip_frag_free_pbuf_custom_ref
                0x08013740       0x30 build/obj/ip_frag.o
 .text.ipfrag_free_pbuf_custom
                0x08013770       0x50 build/obj/ip_frag.o
 .text.ip_frag  0x080137c0      0x220 build/obj/ip_frag.o
                0x080137c0                ip_frag
 .text.lwip_htons
                0x080139e0       0x30 build/obj/def.o
                0x080139e0                lwip_htons
 .text.lwip_ntohs
                0x08013a10       0x20 build/obj/def.o
                0x08013a10                lwip_ntohs
 .text.lwip_htonl
                0x08013a30       0x40 build/obj/def.o
                0x08013a30                lwip_htonl
 .text.lwip_ntohl
                0x08013a70       0x20 build/obj/def.o
                0x08013a70                lwip_ntohl
 .text.osalSysHalt
                0x08013a90       0x20 build/obj/timers.o
 .text.tcpip_tcp_timer
                0x08013ab0       0x50 build/obj/timers.o
 .text.tcp_timer_needed
                0x08013b00       0x40 build/obj/timers.o
                0x08013b00                tcp_timer_needed
 .text.ip_reass_timer
                0x08013b40       0x30 build/obj/timers.o
 .text.arp_timer
                0x08013b70       0x30 build/obj/timers.o
 .text.sys_timeouts_init
                0x08013ba0       0x30 build/obj/timers.o
                0x08013ba0                sys_timeouts_init
 .text.sys_timeout
                0x08013bd0       0xf0 build/obj/timers.o
                0x08013bd0                sys_timeout
 .text.sys_untimeout
                0x08013cc0       0x90 build/obj/timers.o
                0x08013cc0                sys_untimeout
 .text.sys_timeouts_mbox_fetch
                0x08013d50       0xb0 build/obj/timers.o
                0x08013d50                sys_timeouts_mbox_fetch
 .text.osalSysHalt
                0x08013e00       0x20 build/obj/api_lib.o
 .text.netconn_new_with_proto_and_callback
                0x08013e20       0xd0 build/obj/api_lib.o
                0x08013e20                netconn_new_with_proto_and_callback
 .text.netconn_delete
                0x08013ef0       0x40 build/obj/api_lib.o
                0x08013ef0                netconn_delete
 .text.netconn_bind
                0x08013f30       0x70 build/obj/api_lib.o
                0x08013f30                netconn_bind
 .text.netconn_listen_with_backlog
                0x08013fa0       0x60 build/obj/api_lib.o
                0x08013fa0                netconn_listen_with_backlog
 .text.netconn_accept
                0x08014000       0xc0 build/obj/api_lib.o
                0x08014000                netconn_accept
 .text.netconn_recv_data
                0x080140c0      0x140 build/obj/api_lib.o
 .text.netconn_recv
                0x08014200      0x100 build/obj/api_lib.o
                0x08014200                netconn_recv
 .text.netconn_write_partly
                0x08014300       0xf0 build/obj/api_lib.o
                0x08014300                netconn_write_partly
 .text.netconn_close_shutdown
                0x080143f0       0x70 build/obj/api_lib.o
 .text.netconn_close
                0x08014460       0x20 build/obj/api_lib.o
                0x08014460                netconn_close
 .text.osalSysHalt
                0x08014480       0x20 build/obj/api_msg.o
 .text.recv_raw
                0x080144a0       0xe0 build/obj/api_msg.o
 .text.recv_udp
                0x08014580       0xe0 build/obj/api_msg.o
 .text.recv_tcp
                0x08014660       0xe0 build/obj/api_msg.o
 .text.poll_tcp
                0x08014740       0xa0 build/obj/api_msg.o
 .text.sent_tcp
                0x080147e0       0xa0 build/obj/api_msg.o
 .text.err_tcp  0x08014880      0x130 build/obj/api_msg.o
 .text.setup_tcp
                0x080149b0       0x50 build/obj/api_msg.o
 .text.accept_function
                0x08014a00       0xe0 build/obj/api_msg.o
 .text.pcb_new  0x08014ae0      0x100 build/obj/api_msg.o
 .text.do_newconn
                0x08014be0       0x30 build/obj/api_msg.o
                0x08014be0                do_newconn
 .text.netconn_alloc
                0x08014c10       0xe0 build/obj/api_msg.o
                0x08014c10                netconn_alloc
 .text.netconn_free
                0x08014cf0       0x70 build/obj/api_msg.o
                0x08014cf0                netconn_free
 .text.netconn_drain
                0x08014d60      0x110 build/obj/api_msg.o
 .text.do_close_internal
                0x08014e70      0x200 build/obj/api_msg.o
 .text.do_delconn
                0x08015070      0x160 build/obj/api_msg.o
                0x08015070                do_delconn
 .text.do_bind  0x080151d0       0xc0 build/obj/api_msg.o
                0x080151d0                do_bind
 .text.do_listen
                0x08015290      0x130 build/obj/api_msg.o
                0x08015290                do_listen
 .text.do_recv  0x080153c0       0x70 build/obj/api_msg.o
                0x080153c0                do_recv
 .text.do_writemore
                0x08015430      0x250 build/obj/api_msg.o
 .text.do_write
                0x08015680       0xc0 build/obj/api_msg.o
                0x08015680                do_write
 .text.do_close
                0x08015740       0xd0 build/obj/api_msg.o
                0x08015740                do_close
 .text.osalSysHalt
                0x08015810       0x20 build/obj/netbuf.o
 .text.netbuf_delete
                0x08015830       0x40 build/obj/netbuf.o
                0x08015830                netbuf_delete
 .text.netbuf_data
                0x08015870       0x80 build/obj/netbuf.o
                0x08015870                netbuf_data
 .text.lwip_socket_init
                0x080158f0       0x10 build/obj/sockets.o
                0x080158f0                lwip_socket_init
 .text.osalSysHalt
                0x08015900       0x20 build/obj/tcpip.o
 .text.tcpip_thread
                0x08015920      0x120 build/obj/tcpip.o
 .text.tcpip_input
                0x08015a40       0x70 build/obj/tcpip.o
                0x08015a40                tcpip_input
 .text.tcpip_callback_with_block
                0x08015ab0       0x80 build/obj/tcpip.o
                0x08015ab0                tcpip_callback_with_block
 .text.tcpip_apimsg
                0x08015b30       0x50 build/obj/tcpip.o
                0x08015b30                tcpip_apimsg
 .text.tcpip_init
                0x08015b80       0x60 build/obj/tcpip.o
                0x08015b80                tcpip_init
 .text.port_lock
                0x08015be0       0x20 build/obj/evtimer.o
 .text.port_unlock
                0x08015c00       0x20 build/obj/evtimer.o
 .text.port_lock_from_isr
                0x08015c20       0x10 build/obj/evtimer.o
 .text.port_unlock_from_isr
                0x08015c30       0x10 build/obj/evtimer.o
 .text.chSysLock
                0x08015c40       0x20 build/obj/evtimer.o
 .text.chSysUnlock
                0x08015c60       0x40 build/obj/evtimer.o
 .text.chSysLockFromISR
                0x08015ca0       0x20 build/obj/evtimer.o
 .text.chSysUnlockFromISR
                0x08015cc0       0x20 build/obj/evtimer.o
 .text.chVTObjectInit
                0x08015ce0       0x20 build/obj/evtimer.o
 .text.chVTIsArmedI
                0x08015d00       0x30 build/obj/evtimer.o
 .text.chVTResetI
                0x08015d30       0x20 build/obj/evtimer.o
 .text.chVTSetI
                0x08015d50       0x30 build/obj/evtimer.o
 .text.chVTSet  0x08015d80       0x30 build/obj/evtimer.o
 .text.chEvtObjectInit
                0x08015db0       0x20 build/obj/evtimer.o
 .text.chEvtBroadcastI
                0x08015dd0       0x20 build/obj/evtimer.o
 .text.tmrcb    0x08015df0       0x40 build/obj/evtimer.o
 .text.evtObjectInit
                0x08015e30       0x30 build/obj/evtimer.o
                0x08015e30                evtObjectInit
 .text.evtStart
                0x08015e60       0x30 build/obj/evtimer.o
                0x08015e60                evtStart
 .text.chRegSetThreadName
                0x08015e90       0x20 build/obj/main.o
 .text.Thread1  0x08015eb0       0x30 build/obj/main.o
 .text.main     0x08015ee0       0x60 build/obj/main.o